Ошибки в формате: строка - ошибка

файл analysis/analyze_latency.py
import csv
import statistics
import sys
from pathlib import Path

import matplotlib
matplotlib.use("Agg")
import matplotlib.pyplot as plt - Import block is un-sorted or un-formatted

help: Organize imports

файл client/ping_client.cpp
1) #include "../protocol/protocol.h" - In included file: no template named 'optional' in namespace 'std'
2) #include "../telemetry/telemetry.h" - In included file: no template named 'optional' in namespace 'std'
3) void FormatOptional(char* buf, size_t bufSize, const std::optional<double>& v, const char* fmt) { - No template named 'optional' in namespace 'std'
4) std::FILE* f = std::fopen(path.c_str(), "a"); - 'fopen' is deprecated: This function or variable may be unsafe. Consider using fopen_s instead. To disable deprecation, use _CRT_SECURE_NO_WARNINGS. See online help for details.

файл protocol/protocl.cpp
1) // protocol/protocol.cpp - Too many errors emitted, stopping now
2) #include "protocol.h" - In included file: no template named 'optional' in namespace 'std'
3) std::optional<std::uint8_t> ReadU8(const std::uint8_t*& p, const std::uint8_t* end) { - No template named 'optional' in namespace 'std'
4) if (end - p < 1) return std::nullopt; - No member named 'nullopt' in namespace 'std'
5) std::optional<std::uint16_t> ReadU16(const std::uint8_t*& p, const std::uint8_t* end) { - No template named 'optional' in namespace 'std'
6) if (end - p < 2) return std::nullopt; - No member named 'nullopt' in namespace 'std'
7) std::optional<std::uint64_t> ReadU64(const std::uint8_t*& p, const std::uint8_t* end) { - No template named 'optional' in namespace 'std'
8) if (end - p < 8) return std::nullopt; - No member named 'nullopt' in namespace 'std'
9) std::optional<Header> ReadHeader(const std::uint8_t* data, std::size_t size) { - No template named 'optional' in namespace 'std'
10) if (data == nullptr || size < kHeaderSize) return std::nullopt; - No member named 'nullopt' in namespace 'std'
11) if (!rawType || !seq || !payloadSize || !version) return std::nullopt; - No member named 'nullopt' in namespace 'std'
12) return std::nullopt; // неизвестный тип пакета - No member named 'nullopt' in namespace 'std'
13) return std::nullopt; // несовместимая версия протокола - No member named 'nullopt' in namespace 'std'
14) return h; - No viable conversion from returned value of type 'Header' to function return type 'int'
15) std::optional<PingPacket> ParsePing(const std::uint8_t* data, std::size_t size) { - No template named 'optional' in namespace 'std'
16) if (!header || header->packetType != PacketType::Ping) return std::nullopt; - No member named 'nullopt' in namespace 'std'
17) if (header->payloadSize != kPingPayloadSize) return std::nullopt; - No member named 'nullopt' in namespace 'std'
18) if (size != kHeaderSize + kPingPayloadSize) return std::nullopt; - No member named 'nullopt' in namespace 'std'
19) if (!sendTime || p != end) return std::nullopt; - No member named 'nullopt' in namespace 'std'
20) return pkt; - No viable conversion from returned value of type 'PingPacket' to function return type 'int'
21) std::optional<PongPacket> ParsePong(const std::uint8_t* data, std::size_t size) { - No template named 'optional' in namespace 'std'

файл protocol/protocol.h
1) std::optional<std::uint8_t>  ReadU8 (const std::uint8_t*& p, const std::uint8_t* end); - No template named 'optional' in namespace 'std'
2) std::optional<std::uint16_t> ReadU16(const std::uint8_t*& p, const std::uint8_t* end); - No template named 'optional' in namespace 'std'
3) std::optional<std::uint64_t> ReadU64(const std::uint8_t*& p, const std::uint8_t* end); - No template named 'optional' in namespace 'std'
4) std::optional<PingPacket> ParsePing(const std::uint8_t* data, std::size_t size); - No template named 'optional' in namespace 'std'
5) std::optional<PongPacket> ParsePong(const std::uint8_t* data, std::size_t size); - No template named 'optional' in namespace 'std'
6) std::optional<Header> ReadHeader(const std::uint8_t* data, std::size_t size); - No template named 'optional' in namespace 'std'

файл server/pong_server.cpp
1) #include "../protocol/protocol.h" - In included file: no template named 'optional' in namespace 'std'

файл tests/test_protocol.cpp
1) #include "../protocol/protocol.h" - In included file: no template named 'optional' in namespace 'std'
2) REQUIRE_FALSE(ParsePing(bytes.data(), bytes.size() - 1).has_value()); - Member reference base type 'int' is not a structure or union
3) REQUIRE_FALSE(ReadHeader(tiny, sizeof(tiny)).has_value()); - Member reference base type 'int' is not a structure or union
4) REQUIRE_FALSE(ParsePing(tiny, sizeof(tiny)).has_value()); - Member reference base type 'int' is not a structure or union
5) REQUIRE_FALSE(ReadHeader(nullptr, 0).has_value()); - Member reference base type 'int' is not a structure or union
6) REQUIRE_FALSE(ReadHeader(buf, 0).has_value()); - Member reference base type 'int' is not a structure or union
7) REQUIRE_FALSE(ParsePing(bytes.data(), bytes.size()).has_value()); - Member reference base type 'int' is not a structure or union
8) REQUIRE_FALSE(ReadHeader(bytes.data(), bytes.size()).has_value()); - Member reference base type 'int' is not a structure or union
9) REQUIRE_FALSE(ParsePing(bytes.data(), bytes.size()).has_value()); - Member reference base type 'int' is not a structure or union
10) REQUIRE_FALSE(ReadHeader(bytes.data(), bytes.size()).has_value()); - Member reference base type 'int' is not a structure or union
11) REQUIRE_FALSE(ParsePing(bytes.data(), bytes.size()).has_value()); - Member reference base type 'int' is not a structure or union
12) REQUIRE_FALSE(ParsePong(bytes.data(), bytes.size()).has_value()); - Member reference base type 'int' is not a structure or union

файл tests/test_telemetry.cpp
#include "../telemetry/telemetry.h" - In included file: no template named 'optional' in namespace 'std'
