[NET] CLIENT connecting to 127.0.0.1, predict_dash=true lag=0 jitter=0 loss=0.0%
[NET] welcome: my_id=1502902489 spawn=(120.0, 360.0)
TRACE,29,0,120.00,360.00,120.00,360.00,0
POS,37,1,120.00,360.00
POS,54,2,120.00,360.00
TRACE,63,1,120.00,360.00,120.00,360.00,0
POS,71,3,120.00,360.00
POS,87,4,120.00,360.00
TRACE,96,3,120.00,360.00,120.00,360.00,0
POS,104,5,120.00,360.00
POS,121,6,120.00,360.00
TRACE,129,5,120.00,360.00,120.00,360.00,0
POS,137,7,120.00,360.00
POS,155,8,120.00,360.00
TRACE,162,7,120.00,360.00,120.00,360.00,0
POS,171,9,120.00,360.00
POS,187,10,120.00,360.00
TRACE,196,9,120.00,360.00,120.00,360.00,0
POS,204,11,120.00,360.00
POS,221,12,120.00,360.00
TRACE,229,11,120.00,360.00,120.00,360.00,0
POS,237,13,120.00,360.00
POS,254,14,120.00,360.00
TRACE,262,13,120.00,360.00,120.00,360.00,0
POS,271,15,120.00,360.00
POS,287,16,120.00,360.00
TRACE,296,15,120.00,360.00,120.00,360.00,0
POS,304,17,120.00,360.00
POS,321,18,120.00,360.00
TRACE,329,17,120.00,360.00,120.00,360.00,0
POS,337,19,120.00,360.00
POS,354,20,120.00,360.00
TRACE,362,19,120.00,360.00,120.00,360.00,0
POS,371,21,120.00,360.00
POS,387,22,120.00,360.00
TRACE,396,21,120.00,360.00,120.00,360.00,0
POS,404,23,120.00,360.00
POS,421,24,120.00,360.00
TRACE,429,23,120.00,360.00,120.00,360.00,0
POS,437,25,120.00,360.00
POS,454,26,120.00,360.00
TRACE,462,25,120.00,360.00,120.00,360.00,0
POS,471,27,120.00,360.00
POS,487,28,120.00,360.00
TRACE,496,27,120.00,360.00,120.00,360.00,0
POS,504,29,120.00,360.00
POS,521,30,120.00,360.00
TRACE,529,29,120.00,360.00,120.00,360.00,0
POS,538,31,120.00,360.00
POS,554,32,120.00,360.00
TRACE,562,31,120.00,360.00,120.00,360.00,0
POS,571,33,120.00,360.00
POS,587,34,120.00,360.00
TRACE,596,33,120.00,360.00,120.00,360.00,0
POS,604,35,120.00,360.00
POS,621,36,120.00,360.00
TRACE,629,35,120.00,360.00,120.00,360.00,0
POS,637,37,120.00,360.00
POS,654,38,120.00,360.00
TRACE,662,37,120.00,360.00,120.00,360.00,0
POS,671,39,120.00,360.00
POS,688,40,120.00,360.00
TRACE,696,39,120.00,360.00,120.00,360.00,0
POS,704,41,120.00,360.00
POS,721,42,120.00,360.00
TRACE,729,41,120.00,360.00,120.00,360.00,0
POS,737,43,120.00,360.00
POS,754,44,120.00,360.00
TRACE,762,43,120.00,360.00,120.00,360.00,0
POS,771,45,120.00,360.00
POS,787,46,120.00,360.00
TRACE,796,45,120.00,360.00,120.00,360.00,0
POS,804,47,120.00,360.00
POS,821,48,120.00,360.00
TRACE,829,47,120.00,360.00,120.00,360.00,0
POS,837,49,120.00,360.00
POS,854,50,120.00,360.00
TRACE,862,49,120.00,360.00,120.00,360.00,0
POS,871,51,120.00,360.00
POS,887,52,120.00,360.00
TRACE,896,51,120.00,360.00,120.00,360.00,0
POS,904,53,120.00,360.00
POS,921,54,120.00,360.00
TRACE,929,53,120.00,360.00,120.00,360.00,0
POS,937,55,120.00,360.00
POS,954,56,120.00,360.00
TRACE,962,55,120.00,360.00,120.00,360.00,0
POS,971,57,120.00,360.00
POS,987,58,120.00,360.00
TRACE,996,57,120.00,360.00,120.00,360.00,0
POS,1004,59,120.00,360.00
POS,1021,60,120.00,360.00
TRACE,1029,59,120.00,360.00,120.00,360.00,0
POS,1037,61,123.67,360.00
POS,1054,62,127.33,360.00
TRACE,1063,61,123.67,360.00,127.33,360.00,0
POS,1071,63,131.00,360.00
POS,1088,64,134.67,360.00
TRACE,1096,63,131.00,360.00,134.67,360.00,0
POS,1104,65,138.33,360.00
POS,1121,66,142.00,360.00
TRACE,1129,65,138.33,360.00,142.00,360.00,0
POS,1137,67,145.67,360.00
POS,1154,68,149.33,360.00
TRACE,1162,67,145.67,360.00,149.33,360.00,0
POS,1171,69,153.00,360.00
POS,1187,70,156.67,360.00
TRACE,1196,69,153.00,360.00,156.67,360.00,0
POS,1204,71,160.33,360.00
POS,1221,72,164.00,360.00
TRACE,1229,71,160.33,360.00,164.00,360.00,0
POS,1237,73,167.67,360.00
POS,1254,74,171.33,360.00
TRACE,1262,73,167.67,360.00,171.33,360.00,0
POS,1271,75,175.00,360.00
POS,1287,76,178.67,360.00
TRACE,1296,75,175.00,360.00,178.67,360.00,0
POS,1304,77,182.33,360.00
POS,1321,78,186.00,360.00
TRACE,1329,77,182.33,360.00,186.00,360.00,0
POS,1337,79,189.67,360.00
POS,1354,80,193.33,360.00
TRACE,1364,79,189.67,360.00,193.33,360.00,0
POS,1371,81,197.00,360.00
POS,1387,82,200.67,360.00
TRACE,1396,81,197.00,360.00,200.67,360.00,0
POS,1404,83,204.33,360.00
POS,1421,84,208.00,360.00
TRACE,1429,83,204.33,360.00,208.00,360.00,0
POS,1437,85,211.67,360.00
POS,1454,86,215.33,360.00
TRACE,1462,85,211.67,360.00,215.33,360.00,0
POS,1471,87,219.00,360.00
POS,1487,88,222.67,360.00
TRACE,1496,87,219.00,360.00,222.67,360.00,0
POS,1504,89,226.33,360.00
POS,1521,90,230.00,360.00
TRACE,1529,89,226.33,360.00,230.00,360.00,0
POS,1537,91,233.67,360.00
POS,1554,92,237.33,360.00
TRACE,1562,91,233.67,360.00,237.33,360.00,0
POS,1571,93,241.00,360.00
POS,1587,94,244.67,360.00
TRACE,1596,93,241.00,360.00,244.67,360.00,0
POS,1604,95,248.33,360.00
POS,1621,96,252.00,360.00
TRACE,1629,95,248.33,360.00,252.00,360.00,0
POS,1637,97,255.67,360.00
POS,1654,98,259.33,360.00
TRACE,1662,97,255.67,360.00,259.33,360.00,0
POS,1671,99,263.00,360.00
POS,1687,100,266.67,360.00
TRACE,1696,99,263.00,360.00,266.67,360.00,0
POS,1704,101,270.33,360.00
POS,1721,102,274.00,360.00
TRACE,1729,101,270.33,360.00,274.00,360.00,0
POS,1737,103,277.67,360.00
POS,1754,104,281.33,360.00
TRACE,1762,103,277.67,360.00,281.33,360.00,0
POS,1771,105,285.00,360.00
POS,1787,106,288.67,360.00
TRACE,1796,105,285.00,360.00,288.67,360.00,0
POS,1804,107,292.33,360.00
POS,1821,108,296.00,360.00
TRACE,1829,107,292.33,360.00,296.00,360.00,0
POS,1837,109,299.67,360.00
POS,1854,110,303.33,360.00
TRACE,1862,109,299.67,360.00,303.33,360.00,0
POS,1871,111,307.00,360.00
POS,1887,112,310.67,360.00
TRACE,1896,111,307.00,360.00,310.67,360.00,0
POS,1904,113,314.33,360.00
POS,1921,114,318.00,360.00
TRACE,1929,113,314.33,360.00,318.00,360.00,0
POS,1937,115,321.67,360.00
POS,1954,116,325.33,360.00
TRACE,1962,115,321.67,360.00,325.33,360.00,0
POS,1971,117,329.00,360.00
POS,1987,118,332.67,360.00
TRACE,1996,117,329.00,360.00,332.67,360.00,0
POS,2004,119,336.33,360.00
POS,2021,120,340.00,360.00
TRACE,2029,119,336.33,360.00,340.00,360.00,0
POS,2037,121,343.67,360.00
POS,2054,122,347.33,360.00
TRACE,2062,121,343.67,360.00,347.33,360.00,0
POS,2071,123,351.00,360.00
POS,2087,124,354.67,360.00
TRACE,2096,123,351.00,360.00,354.67,360.00,0
POS,2104,125,358.33,360.00
POS,2121,126,362.00,360.00
TRACE,2129,125,358.33,360.00,362.00,360.00,0
POS,2137,127,365.67,360.00
POS,2154,128,369.33,360.00
TRACE,2162,127,365.67,360.00,369.33,360.00,0
POS,2171,129,373.00,360.00
POS,2187,130,376.67,360.00
TRACE,2196,129,373.00,360.00,376.67,360.00,0
POS,2204,131,380.33,360.00
POS,2221,132,384.00,360.00
TRACE,2229,131,380.33,360.00,384.00,360.00,0
POS,2237,133,387.67,360.00
POS,2254,134,391.33,360.00
TRACE,2262,133,387.67,360.00,391.33,360.00,0
POS,2271,135,395.00,360.00
POS,2287,136,398.67,360.00
TRACE,2296,135,395.00,360.00,398.67,360.00,0
POS,2304,137,402.33,360.00
POS,2321,138,406.00,360.00
TRACE,2329,137,402.33,360.00,406.00,360.00,0
POS,2337,139,409.67,360.00
POS,2354,140,413.33,360.00
TRACE,2362,139,409.67,360.00,413.33,360.00,0
POS,2371,141,417.00,360.00
POS,2387,142,420.67,360.00
TRACE,2396,141,417.00,360.00,420.67,360.00,0
POS,2404,143,424.33,360.00
POS,2421,144,428.00,360.00
TRACE,2429,143,424.33,360.00,428.00,360.00,0
POS,2439,145,431.67,360.00
POS,2455,146,435.33,360.00
TRACE,2462,145,431.67,360.00,435.33,360.00,0
POS,2471,147,439.00,360.00
POS,2487,148,442.67,360.00
TRACE,2497,147,439.00,360.00,442.67,360.00,0
POS,2504,149,446.33,360.00
POS,2521,150,450.00,360.00
TRACE,2529,149,446.33,360.00,450.00,360.00,0
POS,2537,151,450.00,363.67
POS,2554,152,450.00,367.33
TRACE,2562,151,450.00,363.67,450.00,367.33,0
POS,2571,153,450.00,371.00
POS,2589,154,450.00,374.67
TRACE,2595,153,450.00,371.00,450.00,374.67,0
POS,2604,155,450.00,378.33
POS,2621,156,450.00,382.00
TRACE,2629,155,450.00,378.33,450.00,382.00,0
POS,2637,157,450.00,385.67
POS,2654,158,450.00,389.33
TRACE,2662,157,450.00,385.67,450.00,389.33,0
POS,2671,159,450.00,393.00
POS,2687,160,450.00,396.67
TRACE,2695,159,450.00,393.00,450.00,396.67,0
POS,2704,161,450.00,400.33
POS,2721,162,450.00,404.00
TRACE,2729,161,450.00,400.33,450.00,404.00,0
POS,2737,163,450.00,407.67
POS,2754,164,450.00,411.33
TRACE,2762,163,450.00,407.67,450.00,411.33,0
POS,2771,165,450.00,415.00
POS,2787,166,450.00,418.67
TRACE,2796,165,450.00,415.00,450.00,418.67,0
POS,2804,167,450.00,422.33
POS,2821,168,450.00,426.00
TRACE,2829,167,450.00,422.33,450.00,426.00,0
POS,2837,169,450.00,429.67
POS,2854,170,450.00,433.33
TRACE,2862,169,450.00,429.67,450.00,433.33,0
POS,2871,171,450.00,437.00
POS,2887,172,450.00,440.67
TRACE,2895,171,450.00,437.00,450.00,440.67,0
POS,2904,173,450.00,444.33
POS,2921,174,450.00,448.00
TRACE,2929,173,450.00,444.33,450.00,448.00,0
POS,2937,175,450.00,451.67
POS,2954,176,450.00,455.33
TRACE,2962,175,450.00,451.67,450.00,455.33,0
POS,2971,177,450.00,459.00
POS,2987,178,450.00,462.67
TRACE,2996,177,450.00,459.00,450.00,462.67,0
POS,3004,179,450.00,466.33
POS,3021,180,450.00,470.00
TRACE,3029,179,450.00,466.33,450.00,470.00,0
POS,3037,181,450.00,473.67
POS,3054,182,450.00,477.33
TRACE,3062,181,450.00,473.67,450.00,477.33,0
POS,3071,183,450.00,481.00
POS,3087,184,450.00,484.67
TRACE,3096,183,450.00,481.00,450.00,484.67,0
POS,3104,185,450.00,488.33
POS,3120,186,450.00,492.00
TRACE,3129,185,450.00,488.33,450.00,492.00,0
POS,3137,187,450.00,495.67
POS,3155,188,450.00,499.33
TRACE,3162,187,450.00,495.67,450.00,499.33,0
POS,3171,189,450.00,503.00
POS,3187,190,450.00,506.67
TRACE,3196,189,450.00,503.00,450.00,506.67,0
POS,3204,191,450.00,510.33
POS,3220,192,450.00,514.00
TRACE,3229,191,450.00,510.33,450.00,514.00,0
POS,3239,193,450.00,517.67
POS,3254,194,450.00,521.33
TRACE,3262,193,450.00,517.67,450.00,521.33,0
POS,3271,195,450.00,525.00
POS,3287,196,450.00,528.67
TRACE,3295,195,450.00,525.00,450.00,528.67,0
POS,3304,197,450.00,532.33
POS,3320,198,450.00,536.00
TRACE,3329,197,450.00,532.33,450.00,536.00,0
POS,3337,199,450.00,539.67
POS,3354,200,450.00,543.33
TRACE,3362,199,450.00,539.67,450.00,543.33,0
[INPUT] t=3370 dash key pressed (tick 201)
[DASH] t=3370 mode=PREDICTION local response=0.0 ms (key -> first predicted dash tick)
POS,3371,201,450.00,558.33
POS,3387,202,450.00,573.33
[DASH] t=3395 mode=PREDICTION server-confirmed/visible response=25.0 ms
TRACE,3395,201,450.00,558.33,450.00,573.33,0
POS,3404,203,450.00,588.33
POS,3420,204,450.00,603.33
TRACE,3429,203,450.00,588.33,450.00,603.33,0
POS,3437,205,450.00,618.33
POS,3454,206,450.00,633.33
TRACE,3462,205,450.00,618.33,450.00,633.33,0
POS,3471,207,450.00,648.33
POS,3487,208,450.00,663.33
TRACE,3496,207,450.00,648.33,450.00,663.33,0
POS,3504,209,450.00,678.33
POS,3520,210,450.00,693.33
TRACE,3529,209,450.00,678.33,450.00,693.33,0
POS,3537,211,450.00,704.00
POS,3554,212,446.33,704.00
TRACE,3562,211,450.00,704.00,446.33,704.00,0
POS,3570,213,442.67,704.00
POS,3587,214,439.00,704.00
TRACE,3595,213,442.67,704.00,439.00,704.00,0
POS,3604,215,435.33,704.00
POS,3620,216,431.67,704.00
TRACE,3629,215,435.33,704.00,431.67,704.00,0
POS,3637,217,428.00,704.00
POS,3654,218,424.33,704.00
TRACE,3662,217,428.00,704.00,424.33,704.00,0
POS,3670,219,420.67,704.00
POS,3687,220,417.00,704.00
TRACE,3695,219,420.67,704.00,417.00,704.00,0
POS,3704,221,413.33,704.00
POS,3722,222,409.67,704.00
TRACE,3729,221,413.33,704.00,409.67,704.00,0
POS,3737,223,406.00,704.00
POS,3754,224,402.33,704.00
TRACE,3762,223,406.00,704.00,402.33,704.00,0
POS,3770,225,398.67,704.00
POS,3787,226,395.00,704.00
TRACE,3795,225,398.67,704.00,395.00,704.00,0
POS,3804,227,391.33,704.00
POS,3820,228,387.67,704.00
TRACE,3829,227,391.33,704.00,387.67,704.00,0
POS,3838,229,384.00,704.00
POS,3854,230,380.33,704.00
TRACE,3862,229,384.00,704.00,380.33,704.00,0
POS,3871,231,376.67,704.00
POS,3887,232,373.00,704.00
TRACE,3896,231,376.67,704.00,373.00,704.00,0
POS,3904,233,369.33,704.00
POS,3921,234,365.67,704.00
TRACE,3929,233,369.33,704.00,365.67,704.00,0
POS,3937,235,362.00,704.00
POS,3954,236,358.33,704.00
TRACE,3962,235,362.00,704.00,358.33,704.00,0
POS,3971,237,354.67,704.00
POS,3987,238,351.00,704.00
TRACE,3996,237,354.67,704.00,351.00,704.00,0
POS,4004,239,347.33,704.00
POS,4021,240,343.67,704.00
TRACE,4029,239,347.33,704.00,343.67,704.00,0
POS,4037,241,340.00,704.00
POS,4054,242,336.33,704.00
TRACE,4062,241,340.00,704.00,336.33,704.00,0
POS,4071,243,332.67,704.00
POS,4087,244,329.00,704.00
TRACE,4096,243,332.67,704.00,329.00,704.00,0
POS,4104,245,325.33,704.00
POS,4120,246,321.67,704.00
TRACE,4129,245,325.33,704.00,321.67,704.00,0
POS,4137,247,318.00,704.00
POS,4154,248,314.33,704.00
TRACE,4162,247,318.00,704.00,314.33,704.00,0
POS,4170,249,310.67,704.00
POS,4187,250,307.00,704.00
TRACE,4195,249,310.67,704.00,307.00,704.00,0
POS,4204,251,303.33,704.00
POS,4220,252,299.67,704.00
TRACE,4229,251,303.33,704.00,299.67,704.00,0
POS,4237,253,296.00,704.00
POS,4254,254,292.33,704.00
TRACE,4262,253,296.00,704.00,292.33,704.00,0
POS,4270,255,288.67,704.00
POS,4287,256,285.00,704.00
TRACE,4296,255,288.67,704.00,285.00,704.00,0
POS,4304,257,281.33,704.00
POS,4321,258,277.67,704.00
TRACE,4329,257,281.33,704.00,277.67,704.00,0
POS,4337,259,274.00,704.00
POS,4354,260,270.33,704.00
TRACE,4362,259,274.00,704.00,270.33,704.00,0
POS,4370,261,266.67,704.00
POS,4387,262,263.00,704.00
TRACE,4396,261,266.67,704.00,263.00,704.00,0
POS,4404,263,259.33,704.00
POS,4420,264,255.67,704.00
TRACE,4429,263,259.33,704.00,255.67,704.00,0
POS,4437,265,252.00,704.00
POS,4454,266,248.33,704.00
TRACE,4463,265,252.00,704.00,248.33,704.00,0
POS,4471,267,244.67,704.00
POS,4487,268,241.00,704.00
TRACE,4495,267,244.67,704.00,241.00,704.00,0
POS,4504,269,237.33,704.00
POS,4520,270,233.67,704.00
TRACE,4529,269,237.33,704.00,233.67,704.00,0
POS,4537,271,230.00,704.00
POS,4554,272,226.33,704.00
TRACE,4562,271,230.00,704.00,226.33,704.00,0
POS,4571,273,222.67,704.00
POS,4587,274,219.00,704.00
TRACE,4595,273,222.67,704.00,219.00,704.00,0
POS,4604,275,215.33,704.00
POS,4620,276,211.67,704.00
TRACE,4629,275,215.33,704.00,211.67,704.00,0
POS,4637,277,208.00,704.00
POS,4654,278,204.33,704.00
TRACE,4662,277,208.00,704.00,204.33,704.00,0
POS,4670,279,200.67,704.00
POS,4687,280,197.00,704.00
TRACE,4695,279,200.67,704.00,197.00,704.00,0
POS,4704,281,193.33,704.00
POS,4720,282,189.67,704.00
TRACE,4729,281,193.33,704.00,189.67,704.00,0
POS,4737,283,186.00,704.00
POS,4754,284,182.33,704.00
TRACE,4763,283,186.00,704.00,182.33,704.00,0
POS,4770,285,178.67,704.00
POS,4787,286,175.00,704.00
TRACE,4795,285,178.67,704.00,175.00,704.00,0
POS,4804,287,171.33,704.00
POS,4821,288,167.67,704.00
TRACE,4829,287,171.33,704.00,167.67,704.00,0
POS,4837,289,164.00,704.00
POS,4854,290,160.33,704.00
TRACE,4862,289,164.00,704.00,160.33,704.00,0
POS,4870,291,156.67,704.00
POS,4887,292,153.00,704.00
TRACE,4895,291,156.67,704.00,153.00,704.00,0
POS,4904,293,149.33,704.00
POS,4920,294,145.67,704.00
TRACE,4929,293,149.33,704.00,145.67,704.00,0
POS,4937,295,142.00,704.00
POS,4954,296,138.33,704.00
TRACE,4962,295,142.00,704.00,138.33,704.00,0
POS,4970,297,134.67,704.00
POS,4987,298,131.00,704.00
TRACE,4995,297,134.67,704.00,131.00,704.00,0
POS,5004,299,127.33,704.00
POS,5020,300,123.67,704.00
TRACE,5029,299,127.33,704.00,123.67,704.00,0
POS,5037,301,123.67,700.33
POS,5054,302,123.67,696.67
TRACE,5062,301,123.67,700.33,123.67,696.67,0
POS,5070,303,123.67,693.00
POS,5087,304,123.67,689.33
TRACE,5095,303,123.67,693.00,123.67,689.33,0
POS,5104,305,123.67,685.67
POS,5120,306,123.67,682.00
TRACE,5129,305,123.67,685.67,123.67,682.00,0
POS,5137,307,123.67,678.33
POS,5154,308,123.67,674.67
TRACE,5162,307,123.67,678.33,123.67,674.67,0
POS,5170,309,123.67,671.00
POS,5187,310,123.67,667.33
TRACE,5195,309,123.67,671.00,123.67,667.33,0
POS,5204,311,123.67,663.67
POS,5220,312,123.67,660.00
TRACE,5229,311,123.67,663.67,123.67,660.00,0
POS,5237,313,123.67,656.33
POS,5254,314,123.67,652.67
TRACE,5262,313,123.67,656.33,123.67,652.67,0
POS,5270,315,123.67,649.00
POS,5287,316,123.67,645.33
TRACE,5295,315,123.67,649.00,123.67,645.33,0
POS,5304,317,123.67,641.67
POS,5322,318,123.67,638.00
TRACE,5329,317,123.67,641.67,123.67,638.00,0
POS,5337,319,123.67,634.33
POS,5354,320,123.67,630.67
TRACE,5362,319,123.67,634.33,123.67,630.67,0
POS,5370,321,123.67,627.00
POS,5387,322,123.67,623.33
TRACE,5395,321,123.67,627.00,123.67,623.33,0
POS,5404,323,123.67,619.67
POS,5420,324,123.67,616.00
TRACE,5429,323,123.67,619.67,123.67,616.00,0
POS,5437,325,123.67,612.33
POS,5454,326,123.67,608.67
TRACE,5462,325,123.67,612.33,123.67,608.67,0
POS,5470,327,123.67,605.00
POS,5487,328,123.67,601.33
TRACE,5495,327,123.67,605.00,123.67,601.33,0
POS,5509,329,123.67,597.67
POS,5520,330,123.67,594.00
TRACE,5529,329,123.67,597.67,123.67,594.00,0
POS,5537,331,123.67,590.33
POS,5554,332,123.67,586.67
TRACE,5562,331,123.67,590.33,123.67,586.67,0
POS,5570,333,123.67,583.00
POS,5587,334,123.67,579.33
TRACE,5595,333,123.67,583.00,123.67,579.33,0
POS,5604,335,123.67,575.67
POS,5620,336,123.67,572.00
TRACE,5629,335,123.67,575.67,123.67,572.00,0
POS,5637,337,123.67,568.33
POS,5654,338,123.67,564.67
TRACE,5662,337,123.67,568.33,123.67,564.67,0
POS,5670,339,123.67,561.00
POS,5687,340,123.67,557.33
TRACE,5695,339,123.67,561.00,123.67,557.33,0
POS,5704,341,123.67,553.67
POS,5720,342,123.67,550.00
TRACE,5729,341,123.67,553.67,123.67,550.00,0
POS,5737,343,123.67,546.33
POS,5754,344,123.67,542.67
TRACE,5762,343,123.67,546.33,123.67,542.67,0
POS,5770,345,123.67,539.00
POS,5787,346,123.67,535.33
TRACE,5795,345,123.67,539.00,123.67,535.33,0
POS,5804,347,123.67,531.67
POS,5820,348,123.67,528.00
TRACE,5829,347,123.67,531.67,123.67,528.00,0
POS,5837,349,123.67,524.33
POS,5854,350,123.67,520.67
TRACE,5862,349,123.67,524.33,123.67,520.67,0
POS,5870,351,123.67,517.00
POS,5887,352,123.67,513.33
TRACE,5895,351,123.67,517.00,123.67,513.33,0
POS,5904,353,123.67,509.67
POS,5920,354,123.67,506.00
TRACE,5929,353,123.67,509.67,123.67,506.00,0
POS,5937,355,123.67,502.33
POS,5954,356,123.67,498.67
TRACE,5962,355,123.67,502.33,123.67,498.67,0
POS,5970,357,123.67,495.00
POS,5990,358,123.67,491.33
TRACE,5996,357,123.67,495.00,123.67,491.33,0
POS,6004,359,123.67,487.67
POS,6020,360,123.67,484.00
TRACE,6029,359,123.67,487.67,123.67,484.00,0
POS,6037,361,123.67,484.00
POS,6054,362,123.67,484.00
TRACE,6062,361,123.67,484.00,123.67,484.00,0
POS,6070,363,123.67,484.00
POS,6087,364,123.67,484.00
TRACE,6095,363,123.67,484.00,123.67,484.00,0
POS,6106,365,123.67,484.00
POS,6120,366,123.67,484.00
TRACE,6129,365,123.67,484.00,123.67,484.00,0
POS,6137,367,123.67,484.00
POS,6154,368,123.67,484.00
TRACE,6163,367,123.67,484.00,123.67,484.00,0
POS,6170,369,123.67,484.00
POS,6187,370,123.67,484.00
TRACE,6195,369,123.67,484.00,123.67,484.00,0
POS,6204,371,123.67,484.00
POS,6220,372,123.67,484.00
TRACE,6229,371,123.67,484.00,123.67,484.00,0
POS,6237,373,123.67,484.00
POS,6254,374,123.67,484.00
TRACE,6262,373,123.67,484.00,123.67,484.00,0
POS,6270,375,123.67,484.00
POS,6287,376,123.67,484.00
TRACE,6295,375,123.67,484.00,123.67,484.00,0
POS,6304,377,123.67,484.00
POS,6320,378,123.67,484.00
TRACE,6329,377,123.67,484.00,123.67,484.00,0
POS,6337,379,123.67,484.00
POS,6354,380,123.67,484.00
TRACE,6362,379,123.67,484.00,123.67,484.00,0
POS,6370,381,123.67,484.00
POS,6387,382,123.67,484.00
TRACE,6395,381,123.67,484.00,123.67,484.00,0
POS,6404,383,123.67,484.00
POS,6420,384,123.67,484.00
TRACE,6429,383,123.67,484.00,123.67,484.00,0
POS,6437,385,123.67,484.00
POS,6454,386,123.67,484.00
TRACE,6462,385,123.67,484.00,123.67,484.00,0
POS,6470,387,123.67,484.00
POS,6487,388,123.67,484.00
TRACE,6495,387,123.67,484.00,123.67,484.00,0
POS,6504,389,123.67,484.00
POS,6520,390,123.67,484.00
TRACE,6529,389,123.67,484.00,123.67,484.00,0
POS,6537,391,123.67,484.00
POS,6554,392,123.67,484.00
TRACE,6562,391,123.67,484.00,123.67,484.00,0
POS,6570,393,123.67,484.00
POS,6587,394,123.67,484.00
TRACE,6595,393,123.67,484.00,123.67,484.00,0
POS,6604,395,123.67,484.00
POS,6620,396,123.67,484.00
TRACE,6635,395,123.67,484.00,123.67,484.00,0
POS,6637,397,123.67,484.00
POS,6654,398,123.67,484.00
TRACE,6662,397,123.67,484.00,123.67,484.00,0
POS,6670,399,123.67,484.00
POS,6687,400,123.67,484.00
TRACE,6695,399,123.67,484.00,123.67,484.00,0
POS,6704,401,123.67,484.00
POS,6720,402,123.67,484.00
TRACE,6729,401,123.67,484.00,123.67,484.00,0
POS,6740,403,123.67,484.00
POS,6754,404,123.67,484.00
TRACE,6762,403,123.67,484.00,123.67,484.00,0
POS,6770,405,123.67,484.00
POS,6787,406,123.67,484.00
TRACE,6795,405,123.67,484.00,123.67,484.00,0
POS,6804,407,123.67,484.00
POS,6820,408,123.67,484.00
TRACE,6829,407,123.67,484.00,123.67,484.00,0
POS,6837,409,123.67,484.00
POS,6854,410,123.67,484.00
TRACE,6862,409,123.67,484.00,123.67,484.00,0
POS,6870,411,123.67,484.00
POS,6887,412,123.67,484.00
TRACE,6896,411,123.67,484.00,123.67,484.00,0
POS,6904,413,123.67,484.00
POS,6920,414,123.67,484.00
TRACE,6929,413,123.67,484.00,123.67,484.00,0
POS,6937,415,123.67,484.00
POS,6954,416,123.67,484.00
TRACE,6962,415,123.67,484.00,123.67,484.00,0
POS,6970,417,123.67,484.00
POS,6987,418,123.67,484.00
TRACE,6995,417,123.67,484.00,123.67,484.00,0
POS,7004,419,123.67,484.00
POS,7020,420,123.67,484.00
TRACE,7029,419,123.67,484.00,123.67,484.00,0
POS,7037,421,123.67,484.00
POS,7054,422,123.67,484.00
TRACE,7062,421,123.67,484.00,123.67,484.00,0
POS,7070,423,123.67,484.00
POS,7087,424,123.67,484.00
TRACE,7095,423,123.67,484.00,123.67,484.00,0
POS,7104,425,123.67,484.00
POS,7120,426,123.67,484.00
TRACE,7129,425,123.67,484.00,123.67,484.00,0
POS,7137,427,123.67,484.00
POS,7154,428,123.67,484.00
TRACE,7162,427,123.67,484.00,123.67,484.00,0
POS,7170,429,123.67,484.00
POS,7187,430,123.67,484.00
TRACE,7195,429,123.67,484.00,123.67,484.00,0
POS,7204,431,123.67,484.00
POS,7220,432,123.67,484.00
TRACE,7229,431,123.67,484.00,123.67,484.00,0
POS,7237,433,123.67,484.00
POS,7254,434,123.67,484.00
TRACE,7262,433,123.67,484.00,123.67,484.00,0
POS,7270,435,123.67,484.00
POS,7287,436,123.67,484.00
TRACE,7295,435,123.67,484.00,123.67,484.00,0
POS,7304,437,123.67,484.00
POS,7321,438,123.67,484.00
TRACE,7329,437,123.67,484.00,123.67,484.00,0
POS,7337,439,123.67,484.00
POS,7354,440,123.67,484.00
TRACE,7362,439,123.67,484.00,123.67,484.00,0
POS,7370,441,123.67,484.00
POS,7387,442,123.67,484.00
TRACE,7395,441,123.67,484.00,123.67,484.00,0
POS,7404,443,123.67,484.00
POS,7420,444,123.67,484.00
TRACE,7429,443,123.67,484.00,123.67,484.00,0
POS,7437,445,123.67,484.00
POS,7454,446,123.67,484.00
TRACE,7462,445,123.67,484.00,123.67,484.00,0
POS,7470,447,123.67,484.00
POS,7487,448,123.67,484.00
TRACE,7495,447,123.67,484.00,123.67,484.00,0
POS,7504,449,123.67,484.00
POS,7520,450,123.67,484.00
TRACE,7529,449,123.67,484.00,123.67,484.00,0
POS,7537,451,123.67,484.00
POS,7554,452,123.67,484.00
TRACE,7562,451,123.67,484.00,123.67,484.00,0
POS,7570,453,123.67,484.00
POS,7587,454,123.67,484.00
TRACE,7595,453,123.67,484.00,123.67,484.00,0
POS,7604,455,123.67,484.00
POS,7620,456,123.67,484.00
TRACE,7629,455,123.67,484.00,123.67,484.00,0
POS,7637,457,123.67,484.00
POS,7654,458,123.67,484.00
TRACE,7662,457,123.67,484.00,123.67,484.00,0
POS,7670,459,123.67,484.00
POS,7687,460,123.67,484.00
TRACE,7695,459,123.67,484.00,123.67,484.00,0
POS,7704,461,123.67,484.00
POS,7720,462,123.67,484.00
TRACE,7729,461,123.67,484.00,123.67,484.00,0
POS,7737,463,123.67,484.00
POS,7754,464,123.67,484.00
TRACE,7762,463,123.67,484.00,123.67,484.00,0
POS,7770,465,123.67,484.00
POS,7787,466,123.67,484.00
TRACE,7795,465,123.67,484.00,123.67,484.00,0
POS,7804,467,123.67,484.00
POS,7820,468,123.67,484.00
TRACE,7829,467,123.67,484.00,123.67,484.00,0
POS,7837,469,123.67,484.00
POS,7854,470,123.67,484.00
TRACE,7862,469,123.67,484.00,123.67,484.00,0
POS,7870,471,123.67,484.00
POS,7887,472,123.67,484.00
TRACE,7895,471,123.67,484.00,123.67,484.00,0
POS,7904,473,123.67,484.00
POS,7920,474,123.67,484.00
TRACE,7929,473,123.67,484.00,123.67,484.00,0
POS,7937,475,123.67,484.00
POS,7954,476,123.67,484.00
TRACE,7962,475,123.67,484.00,123.67,484.00,0
POS,7970,477,123.67,484.00
POS,7987,478,123.67,484.00
TRACE,7995,477,123.67,484.00,123.67,484.00,0
POS,8004,479,123.67,484.00
POS,8020,480,123.67,484.00
TRACE,8029,479,123.67,484.00,123.67,484.00,0
POS,8037,481,123.67,484.00
POS,8054,482,123.67,484.00
TRACE,8062,481,123.67,484.00,123.67,484.00,0
POS,8070,483,123.67,484.00
POS,8087,484,123.67,484.00
TRACE,8095,483,123.67,484.00,123.67,484.00,0
POS,8104,485,123.67,484.00
POS,8121,486,123.67,484.00
TRACE,8129,485,123.67,484.00,123.67,484.00,0
POS,8137,487,123.67,484.00
POS,8154,488,123.67,484.00
TRACE,8162,487,123.67,484.00,123.67,484.00,0
POS,8170,489,123.67,484.00
POS,8187,490,123.67,484.00
TRACE,8195,489,123.67,484.00,123.67,484.00,0
POS,8204,491,123.67,484.00
POS,8220,492,123.67,484.00
TRACE,8229,491,123.67,484.00,123.67,484.00,0
POS,8237,493,123.67,484.00
POS,8254,494,123.67,484.00
TRACE,8262,493,123.67,484.00,123.67,484.00,0
POS,8271,495,123.67,484.00
POS,8287,496,123.67,484.00
TRACE,8295,495,123.67,484.00,123.67,484.00,0
POS,8304,497,123.67,484.00
POS,8320,498,123.67,484.00
TRACE,8329,497,123.67,484.00,123.67,484.00,0
POS,8337,499,123.67,484.00
POS,8354,500,123.67,484.00
TRACE,8362,499,123.67,484.00,123.67,484.00,0
POS,8370,501,123.67,484.00
POS,8387,502,123.67,484.00
TRACE,8395,501,123.67,484.00,123.67,484.00,0
POS,8404,503,123.67,484.00
POS,8420,504,123.67,484.00
TRACE,8429,503,123.67,484.00,123.67,484.00,0
POS,8437,505,123.67,484.00
POS,8454,506,123.67,484.00
TRACE,8462,505,123.67,484.00,123.67,484.00,0
POS,8470,507,123.67,484.00
POS,8487,508,123.67,484.00
TRACE,8495,507,123.67,484.00,123.67,484.00,0
POS,8504,509,123.67,484.00
[RESULT] role=client predict_dash=true lag=0 jitter=0 loss=0.0
[RESULT] corrections=0 max_error_px=0.00 last_error_px=0.00 rejects_seen=0 snapshots_in=255
[RESULT] local_response_ms=[0.0]
[RESULT] confirm_response_ms=[24.9870000000001]
[RESULT] net_sent=509 net_dropped=0 final_pred_vs_server_px=0.000
