[NET] CLIENT connecting to 127.0.0.1, predict_dash=false lag=100 jitter=0 loss=0.0%
[NET] welcome: my_id=1250959614 spawn=(120.0, 360.0)
POS,139,1,120.00,360.00
POS,155,2,120.00,360.00
TRACE,156,0,120.00,360.00,120.00,360.00,0
POS,172,3,120.00,360.00
TRACE,180,0,120.00,360.00,120.00,360.00,0
POS,189,4,120.00,360.00
POS,205,5,120.00,360.00
TRACE,214,0,120.00,360.00,120.00,360.00,0
POS,222,6,120.00,360.00
POS,239,7,120.00,360.00
TRACE,247,0,120.00,360.00,120.00,360.00,0
POS,256,8,120.00,360.00
POS,272,9,120.00,360.00
TRACE,281,0,120.00,360.00,120.00,360.00,0
POS,289,10,120.00,360.00
POS,306,11,120.00,360.00
TRACE,314,0,120.00,360.00,120.00,360.00,0
POS,322,12,120.00,360.00
POS,339,13,120.00,360.00
POS,356,14,120.00,360.00
TRACE,356,0,120.00,360.00,120.00,360.00,0
POS,372,15,120.00,360.00
TRACE,381,2,120.00,360.00,120.00,360.00,0
POS,389,16,120.00,360.00
POS,405,17,120.00,360.00
TRACE,414,4,120.00,360.00,120.00,360.00,0
POS,422,18,120.00,360.00
POS,439,19,120.00,360.00
POS,455,20,120.00,360.00
TRACE,456,6,120.00,360.00,120.00,360.00,0
POS,472,21,120.00,360.00
TRACE,480,8,120.00,360.00,120.00,360.00,0
POS,489,22,120.00,360.00
POS,505,23,120.00,360.00
TRACE,514,10,120.00,360.00,120.00,360.00,0
POS,522,24,120.00,360.00
POS,539,25,120.00,360.00
TRACE,547,12,120.00,360.00,120.00,360.00,0
POS,555,26,120.00,360.00
POS,572,27,120.00,360.00
TRACE,580,14,120.00,360.00,120.00,360.00,0
POS,589,28,120.00,360.00
POS,605,29,120.00,360.00
TRACE,614,16,120.00,360.00,120.00,360.00,0
POS,622,30,120.00,360.00
POS,639,31,120.00,360.00
TRACE,647,18,120.00,360.00,120.00,360.00,0
POS,655,32,120.00,360.00
POS,672,33,120.00,360.00
TRACE,680,20,120.00,360.00,120.00,360.00,0
POS,689,34,120.00,360.00
POS,706,35,120.00,360.00
TRACE,714,22,120.00,360.00,120.00,360.00,0
POS,722,36,120.00,360.00
POS,739,37,120.00,360.00
TRACE,747,24,120.00,360.00,120.00,360.00,0
POS,756,38,120.00,360.00
POS,772,39,120.00,360.00
TRACE,780,26,120.00,360.00,120.00,360.00,0
POS,789,40,120.00,360.00
POS,805,41,123.67,360.00
TRACE,814,28,120.00,360.00,123.67,360.00,0
POS,822,42,127.33,360.00
POS,839,43,131.00,360.00
POS,856,44,134.67,360.00
TRACE,856,30,120.00,360.00,134.67,360.00,0
POS,872,45,138.33,360.00
POS,889,46,142.00,360.00
TRACE,889,32,120.00,360.00,142.00,360.00,0
POS,906,47,145.67,360.00
TRACE,914,34,120.00,360.00,145.67,360.00,0
POS,922,48,149.33,360.00
POS,939,49,153.00,360.00
TRACE,947,36,120.00,360.00,153.00,360.00,0
POS,956,50,156.67,360.00
POS,972,51,160.33,360.00
TRACE,981,38,120.00,360.00,160.33,360.00,0
POS,989,52,164.00,360.00
POS,1005,53,167.67,360.00
TRACE,1014,40,120.00,360.00,167.67,360.00,0
POS,1022,54,171.33,360.00
POS,1039,55,175.00,360.00
TRACE,1047,42,127.33,360.00,175.00,360.00,0
POS,1056,56,178.67,360.00
POS,1072,57,182.33,360.00
POS,1089,58,186.00,360.00
TRACE,1089,44,134.67,360.00,186.00,360.00,0
POS,1105,59,189.67,360.00
POS,1122,60,193.33,360.00
TRACE,1122,46,142.00,360.00,193.33,360.00,0
[INPUT] t=1139 dash key pressed (tick 61)
POS,1139,61,197.00,360.00
POS,1155,62,200.67,360.00
TRACE,1156,48,149.33,360.00,200.67,360.00,0
POS,1172,63,204.33,360.00
TRACE,1180,50,156.67,360.00,204.33,360.00,0
POS,1189,64,208.00,360.00
POS,1206,65,211.67,360.00
TRACE,1214,52,164.00,360.00,211.67,360.00,0
POS,1222,66,215.33,360.00
POS,1239,67,219.00,360.00
TRACE,1247,54,171.33,360.00,219.00,360.00,0
POS,1255,68,222.67,360.00
POS,1272,69,226.33,360.00
TRACE,1280,56,178.67,360.00,226.33,360.00,0
POS,1289,70,230.00,360.00
POS,1305,71,233.67,360.00
TRACE,1314,58,186.00,360.00,233.67,360.00,0
POS,1322,72,237.33,360.00
POS,1339,73,241.00,360.00
TRACE,1347,60,193.33,360.00,241.00,360.00,0
POS,1355,74,244.67,360.00
POS,1372,75,248.33,360.00
[DASH] t=1380 mode=NO_PREDICTION server-confirmed/visible response=241.7 ms
[CORRECTION] t=1380 #1 ack=62 predicted-vs-server error=22.7 px, replayed 13 command(s)
TRACE,1381,62,223.33,360.00,373.00,360.00,1
POS,1389,76,376.67,360.00
POS,1405,77,380.33,360.00
TRACE,1414,64,253.33,360.00,380.33,360.00,1
POS,1422,78,384.00,360.00
POS,1439,79,387.67,360.00
TRACE,1447,66,283.33,360.00,387.67,360.00,1
POS,1455,80,391.33,360.00
POS,1472,81,395.00,360.00
TRACE,1480,68,313.33,360.00,395.00,360.00,1
POS,1489,82,398.67,360.00
POS,1505,83,402.33,360.00
TRACE,1514,70,343.33,360.00,402.33,360.00,1
POS,1522,84,406.00,360.00
POS,1539,85,409.67,360.00
TRACE,1547,72,362.00,360.00,409.67,360.00,1
POS,1555,86,413.33,360.00
POS,1572,87,417.00,360.00
TRACE,1580,74,369.33,360.00,417.00,360.00,1
POS,1589,88,420.67,360.00
POS,1605,89,424.33,360.00
TRACE,1614,76,376.67,360.00,424.33,360.00,1
POS,1622,90,428.00,360.00
POS,1639,91,431.67,360.00
TRACE,1647,78,384.00,360.00,431.67,360.00,1
POS,1655,92,435.33,360.00
POS,1672,93,439.00,360.00
TRACE,1680,80,391.33,360.00,439.00,360.00,1
POS,1689,94,442.67,360.00
POS,1705,95,446.33,360.00
POS,1723,96,450.00,360.00
TRACE,1723,82,398.67,360.00,450.00,360.00,1
POS,1739,97,453.67,360.00
TRACE,1747,84,406.00,360.00,453.67,360.00,1
POS,1755,98,457.33,360.00
POS,1772,99,461.00,360.00
POS,1789,100,464.67,360.00
TRACE,1789,86,413.33,360.00,464.67,360.00,1
POS,1805,101,461.00,360.00
TRACE,1814,88,420.67,360.00,461.00,360.00,1
POS,1823,102,457.33,360.00
POS,1839,103,453.67,360.00
TRACE,1847,90,428.00,360.00,453.67,360.00,1
POS,1855,104,450.00,360.00
POS,1872,105,446.33,360.00
TRACE,1880,92,435.33,360.00,446.33,360.00,1
POS,1889,106,442.67,360.00
POS,1906,107,439.00,360.00
TRACE,1914,94,442.67,360.00,439.00,360.00,1
POS,1922,108,435.33,360.00
POS,1939,109,431.67,360.00
POS,1955,110,428.00,360.00
TRACE,1956,96,450.00,360.00,428.00,360.00,1
POS,1972,111,424.33,360.00
TRACE,1980,98,457.33,360.00,424.33,360.00,1
POS,1989,112,420.67,360.00
POS,2005,113,417.00,360.00
POS,2022,114,413.33,360.00
TRACE,2022,100,464.67,360.00,413.33,360.00,1
POS,2039,115,409.67,360.00
TRACE,2047,102,457.33,360.00,409.67,360.00,1
POS,2055,116,406.00,360.00
POS,2072,117,402.33,360.00
TRACE,2080,104,450.00,360.00,402.33,360.00,1
POS,2089,118,398.67,360.00
POS,2105,119,395.00,360.00
TRACE,2114,106,442.67,360.00,395.00,360.00,1
POS,2122,120,391.33,360.00
POS,2139,121,387.67,360.00
TRACE,2147,108,435.33,360.00,387.67,360.00,1
POS,2156,122,384.00,360.00
POS,2174,123,380.33,360.00
TRACE,2180,110,428.00,360.00,380.33,360.00,1
POS,2189,124,376.67,360.00
POS,2205,125,373.00,360.00
TRACE,2214,112,420.67,360.00,373.00,360.00,1
POS,2222,126,369.33,360.00
POS,2239,127,365.67,360.00
TRACE,2247,114,413.33,360.00,365.67,360.00,1
POS,2255,128,362.00,360.00
POS,2272,129,358.33,360.00
TRACE,2280,116,406.00,360.00,358.33,360.00,1
POS,2289,130,354.67,360.00
POS,2305,131,351.00,360.00
TRACE,2314,118,398.67,360.00,351.00,360.00,1
POS,2322,132,347.33,360.00
POS,2339,133,343.67,360.00
TRACE,2347,120,391.33,360.00,343.67,360.00,1
POS,2355,134,340.00,360.00
POS,2372,135,336.33,360.00
POS,2389,136,332.67,360.00
TRACE,2389,122,384.00,360.00,332.67,360.00,1
POS,2405,137,329.00,360.00
POS,2422,138,325.33,360.00
TRACE,2422,124,376.67,360.00,325.33,360.00,1
POS,2439,139,321.67,360.00
TRACE,2447,126,369.33,360.00,321.67,360.00,1
POS,2455,140,318.00,360.00
POS,2472,141,314.33,360.00
TRACE,2480,128,362.00,360.00,314.33,360.00,1
POS,2489,142,310.67,360.00
POS,2505,143,307.00,360.00
TRACE,2514,130,354.67,360.00,307.00,360.00,1
POS,2522,144,303.33,360.00
POS,2539,145,299.67,360.00
TRACE,2547,132,347.33,360.00,299.67,360.00,1
POS,2555,146,296.00,360.00
POS,2572,147,292.33,360.00
POS,2589,148,288.67,360.00
TRACE,2589,134,340.00,360.00,288.67,360.00,1
POS,2605,149,285.00,360.00
TRACE,2614,136,332.67,360.00,285.00,360.00,1
POS,2622,150,281.33,360.00
POS,2639,151,277.67,360.00
TRACE,2647,138,325.33,360.00,277.67,360.00,1
POS,2656,152,274.00,360.00
POS,2672,153,270.33,360.00
TRACE,2680,140,318.00,360.00,270.33,360.00,1
POS,2689,154,266.67,360.00
POS,2705,155,263.00,360.00
TRACE,2714,142,310.67,360.00,263.00,360.00,1
POS,2722,156,259.33,360.00
POS,2739,157,255.67,360.00
TRACE,2747,144,303.33,360.00,255.67,360.00,1
POS,2755,158,252.00,360.00
POS,2772,159,248.33,360.00
TRACE,2780,146,296.00,360.00,248.33,360.00,1
POS,2789,160,244.67,360.00
POS,2805,161,241.00,360.00
TRACE,2814,148,288.67,360.00,241.00,360.00,1
POS,2822,162,237.33,360.00
POS,2839,163,233.67,360.00
TRACE,2847,150,281.33,360.00,233.67,360.00,1
POS,2855,164,230.00,360.00
POS,2872,165,226.33,360.00
TRACE,2880,152,274.00,360.00,226.33,360.00,1
POS,2889,166,222.67,360.00
POS,2905,167,219.00,360.00
TRACE,2914,154,266.67,360.00,219.00,360.00,1
POS,2922,168,215.33,360.00
POS,2939,169,211.67,360.00
TRACE,2947,156,259.33,360.00,211.67,360.00,1
POS,2955,170,208.00,360.00
POS,2972,171,204.33,360.00
TRACE,2980,158,252.00,360.00,204.33,360.00,1
POS,2989,172,200.67,360.00
POS,3005,173,197.00,360.00
POS,3022,174,193.33,360.00
TRACE,3022,160,244.67,360.00,193.33,360.00,1
POS,3039,175,189.67,360.00
TRACE,3047,162,237.33,360.00,189.67,360.00,1
POS,3055,176,186.00,360.00
POS,3072,177,182.33,360.00
TRACE,3080,164,230.00,360.00,182.33,360.00,1
POS,3089,178,178.67,360.00
POS,3106,179,175.00,360.00
TRACE,3114,166,222.67,360.00,175.00,360.00,1
POS,3122,180,171.33,360.00
POS,3139,181,167.67,360.00
TRACE,3147,168,215.33,360.00,167.67,360.00,1
POS,3155,182,164.00,360.00
POS,3172,183,160.33,360.00
TRACE,3180,170,208.00,360.00,160.33,360.00,1
POS,3190,184,156.67,360.00
POS,3205,185,153.00,360.00
TRACE,3214,172,200.67,360.00,153.00,360.00,1
POS,3222,186,149.33,360.00
POS,3239,187,145.67,360.00
POS,3255,188,142.00,360.00
TRACE,3255,174,193.33,360.00,142.00,360.00,1
POS,3272,189,138.33,360.00
TRACE,3280,176,186.00,360.00,138.33,360.00,1
POS,3289,190,134.67,360.00
POS,3305,191,131.00,360.00
TRACE,3314,178,178.67,360.00,131.00,360.00,1
POS,3322,192,127.33,360.00
POS,3339,193,123.67,360.00
TRACE,3347,180,171.33,360.00,123.67,360.00,1
POS,3355,194,120.00,360.00
POS,3372,195,116.33,360.00
TRACE,3380,182,164.00,360.00,116.33,360.00,1
POS,3389,196,112.67,360.00
POS,3405,197,109.00,360.00
TRACE,3414,184,156.67,360.00,109.00,360.00,1
POS,3422,198,105.33,360.00
POS,3439,199,101.67,360.00
TRACE,3447,186,149.33,360.00,101.67,360.00,1
POS,3455,200,98.00,360.00
POS,3472,201,98.00,360.00
TRACE,3480,188,142.00,360.00,98.00,360.00,1
POS,3489,202,98.00,360.00
POS,3505,203,98.00,360.00
TRACE,3514,190,134.67,360.00,98.00,360.00,1
POS,3522,204,98.00,360.00
POS,3539,205,98.00,360.00
TRACE,3547,192,127.33,360.00,98.00,360.00,1
POS,3555,206,98.00,360.00
POS,3572,207,98.00,360.00
POS,3589,208,98.00,360.00
TRACE,3589,194,120.00,360.00,98.00,360.00,1
POS,3605,209,98.00,360.00
TRACE,3614,196,112.67,360.00,98.00,360.00,1
POS,3622,210,98.00,360.00
POS,3639,211,98.00,360.00
POS,3655,212,98.00,360.00
TRACE,3656,198,105.33,360.00,98.00,360.00,1
POS,3672,213,98.00,360.00
TRACE,3680,200,98.00,360.00,98.00,360.00,1
POS,3689,214,98.00,360.00
POS,3705,215,98.00,360.00
TRACE,3714,202,98.00,360.00,98.00,360.00,1
POS,3722,216,98.00,360.00
POS,3739,217,98.00,360.00
TRACE,3747,204,98.00,360.00,98.00,360.00,1
POS,3755,218,98.00,360.00
POS,3772,219,98.00,360.00
TRACE,3780,206,98.00,360.00,98.00,360.00,1
POS,3789,220,98.00,360.00
POS,3805,221,98.00,360.00
TRACE,3814,208,98.00,360.00,98.00,360.00,1
POS,3822,222,98.00,360.00
POS,3839,223,98.00,360.00
TRACE,3847,210,98.00,360.00,98.00,360.00,1
POS,3855,224,98.00,360.00
POS,3872,225,98.00,360.00
TRACE,3880,212,98.00,360.00,98.00,360.00,1
POS,3889,226,98.00,360.00
POS,3905,227,98.00,360.00
TRACE,3914,214,98.00,360.00,98.00,360.00,1
POS,3922,228,98.00,360.00
POS,3939,229,98.00,360.00
TRACE,3947,216,98.00,360.00,98.00,360.00,1
POS,3955,230,98.00,360.00
POS,3972,231,98.00,360.00
TRACE,3980,218,98.00,360.00,98.00,360.00,1
POS,3989,232,98.00,360.00
POS,4005,233,98.00,360.00
TRACE,4014,220,98.00,360.00,98.00,360.00,1
POS,4022,234,98.00,360.00
POS,4039,235,98.00,360.00
TRACE,4047,222,98.00,360.00,98.00,360.00,1
POS,4055,236,98.00,360.00
POS,4072,237,98.00,360.00
TRACE,4080,224,98.00,360.00,98.00,360.00,1
POS,4089,238,98.00,360.00
POS,4105,239,98.00,360.00
TRACE,4114,226,98.00,360.00,98.00,360.00,1
POS,4122,240,98.00,360.00
POS,4139,241,98.00,360.00
TRACE,4147,228,98.00,360.00,98.00,360.00,1
POS,4155,242,98.00,360.00
POS,4172,243,98.00,360.00
TRACE,4180,230,98.00,360.00,98.00,360.00,1
POS,4189,244,98.00,360.00
POS,4205,245,98.00,360.00
TRACE,4214,232,98.00,360.00,98.00,360.00,1
POS,4222,246,98.00,360.00
POS,4239,247,98.00,360.00
TRACE,4247,234,98.00,360.00,98.00,360.00,1
POS,4255,248,98.00,360.00
POS,4272,249,98.00,360.00
TRACE,4280,236,98.00,360.00,98.00,360.00,1
POS,4289,250,98.00,360.00
POS,4305,251,98.00,360.00
TRACE,4314,238,98.00,360.00,98.00,360.00,1
POS,4322,252,98.00,360.00
POS,4339,253,98.00,360.00
TRACE,4347,240,98.00,360.00,98.00,360.00,1
POS,4355,254,98.00,360.00
POS,4372,255,98.00,360.00
TRACE,4380,242,98.00,360.00,98.00,360.00,1
POS,4389,256,98.00,360.00
POS,4405,257,98.00,360.00
POS,4422,258,98.00,360.00
TRACE,4422,244,98.00,360.00,98.00,360.00,1
POS,4439,259,98.00,360.00
POS,4455,260,98.00,360.00
TRACE,4455,246,98.00,360.00,98.00,360.00,1
POS,4472,261,98.00,360.00
TRACE,4480,248,98.00,360.00,98.00,360.00,1
POS,4489,262,98.00,360.00
POS,4505,263,98.00,360.00
TRACE,4514,250,98.00,360.00,98.00,360.00,1
POS,4522,264,98.00,360.00
POS,4539,265,98.00,360.00
TRACE,4547,252,98.00,360.00,98.00,360.00,1
POS,4555,266,98.00,360.00
POS,4572,267,98.00,360.00
TRACE,4580,254,98.00,360.00,98.00,360.00,1
POS,4589,268,98.00,360.00
POS,4605,269,98.00,360.00
TRACE,4614,256,98.00,360.00,98.00,360.00,1
POS,4622,270,98.00,360.00
POS,4639,271,98.00,360.00
TRACE,4647,258,98.00,360.00,98.00,360.00,1
POS,4655,272,98.00,360.00
POS,4672,273,98.00,360.00
TRACE,4680,260,98.00,360.00,98.00,360.00,1
POS,4689,274,98.00,360.00
POS,4705,275,98.00,360.00
TRACE,4714,262,98.00,360.00,98.00,360.00,1
POS,4722,276,98.00,360.00
POS,4739,277,98.00,360.00
TRACE,4747,264,98.00,360.00,98.00,360.00,1
POS,4755,278,98.00,360.00
POS,4772,279,98.00,360.00
TRACE,4780,266,98.00,360.00,98.00,360.00,1
POS,4789,280,98.00,360.00
POS,4805,281,98.00,360.00
TRACE,4814,268,98.00,360.00,98.00,360.00,1
POS,4822,282,98.00,360.00
POS,4839,283,98.00,360.00
TRACE,4847,270,98.00,360.00,98.00,360.00,1
POS,4855,284,98.00,360.00
POS,4872,285,98.00,360.00
TRACE,4880,272,98.00,360.00,98.00,360.00,1
POS,4889,286,98.00,360.00
POS,4905,287,98.00,360.00
TRACE,4914,274,98.00,360.00,98.00,360.00,1
POS,4922,288,98.00,360.00
POS,4939,289,98.00,360.00
TRACE,4947,276,98.00,360.00,98.00,360.00,1
POS,4955,290,98.00,360.00
POS,4972,291,101.67,360.00
TRACE,4980,278,98.00,360.00,101.67,360.00,1
POS,4989,292,105.33,360.00
POS,5005,293,109.00,360.00
TRACE,5014,280,98.00,360.00,109.00,360.00,1
POS,5022,294,112.67,360.00
POS,5039,295,116.33,360.00
TRACE,5047,282,98.00,360.00,116.33,360.00,1
POS,5055,296,120.00,360.00
POS,5072,297,123.67,360.00
TRACE,5080,284,98.00,360.00,123.67,360.00,1
POS,5089,298,127.33,360.00
POS,5105,299,131.00,360.00
TRACE,5114,286,98.00,360.00,131.00,360.00,1
POS,5122,300,134.67,360.00
[INPUT] t=5139 dash key pressed (tick 301)
POS,5139,301,138.33,360.00
TRACE,5147,288,98.00,360.00,138.33,360.00,1
POS,5155,302,142.00,360.00
POS,5172,303,145.67,360.00
TRACE,5180,290,98.00,360.00,145.67,360.00,1
POS,5189,304,149.33,360.00
POS,5205,305,153.00,360.00
TRACE,5214,292,105.33,360.00,153.00,360.00,1
POS,5222,306,156.67,360.00
POS,5239,307,160.33,360.00
TRACE,5247,294,112.67,360.00,160.33,360.00,1
POS,5255,308,164.00,360.00
POS,5272,309,167.67,360.00
TRACE,5280,296,120.00,360.00,167.67,360.00,1
POS,5289,310,171.33,360.00
POS,5305,311,175.00,360.00
TRACE,5314,298,127.33,360.00,175.00,360.00,1
POS,5322,312,178.67,360.00
POS,5339,313,182.33,360.00
POS,5355,314,186.00,360.00
TRACE,5355,300,134.67,360.00,186.00,360.00,1
POS,5372,315,189.67,360.00
[DASH] t=5380 mode=NO_PREDICTION server-confirmed/visible response=241.6 ms
[CORRECTION] t=5380 #2 ack=302 predicted-vs-server error=22.7 px, replayed 13 command(s)
TRACE,5380,302,164.67,360.00,314.33,360.00,2
POS,5389,316,318.00,360.00
POS,5405,317,321.67,360.00
POS,5422,318,325.33,360.00
TRACE,5422,304,194.67,360.00,325.33,360.00,2
POS,5439,319,329.00,360.00
TRACE,5447,306,224.67,360.00,329.00,360.00,2
POS,5455,320,332.67,360.00
POS,5472,321,336.33,360.00
TRACE,5480,308,254.67,360.00,336.33,360.00,2
POS,5489,322,340.00,360.00
POS,5505,323,343.67,360.00
TRACE,5514,310,284.67,360.00,343.67,360.00,2
POS,5522,324,347.33,360.00
POS,5539,325,351.00,360.00
TRACE,5547,312,303.33,360.00,351.00,360.00,2
POS,5555,326,354.67,360.00
POS,5572,327,358.33,360.00
TRACE,5580,314,310.67,360.00,358.33,360.00,2
POS,5589,328,362.00,360.00
POS,5605,329,365.67,360.00
TRACE,5614,316,318.00,360.00,365.67,360.00,2
POS,5622,330,369.33,360.00
POS,5639,331,373.00,360.00
TRACE,5647,318,325.33,360.00,373.00,360.00,2
POS,5655,332,376.67,360.00
POS,5672,333,380.33,360.00
TRACE,5680,320,332.67,360.00,380.33,360.00,2
POS,5689,334,384.00,360.00
POS,5705,335,387.67,360.00
TRACE,5714,322,340.00,360.00,387.67,360.00,2
POS,5722,336,391.33,360.00
POS,5739,337,395.00,360.00
TRACE,5747,324,347.33,360.00,395.00,360.00,2
POS,5755,338,398.67,360.00
POS,5772,339,402.33,360.00
TRACE,5780,326,354.67,360.00,402.33,360.00,2
POS,5789,340,406.00,360.00
POS,5805,341,409.67,360.00
TRACE,5814,328,362.00,360.00,409.67,360.00,2
POS,5822,342,413.33,360.00
POS,5839,343,417.00,360.00
TRACE,5847,330,369.33,360.00,417.00,360.00,2
POS,5855,344,420.67,360.00
POS,5872,345,424.33,360.00
POS,5889,346,428.00,360.00
TRACE,5889,332,376.67,360.00,428.00,360.00,2
POS,5905,347,431.67,360.00
TRACE,5914,334,384.00,360.00,431.67,360.00,2
POS,5922,348,435.33,360.00
POS,5939,349,439.00,360.00
TRACE,5947,336,391.33,360.00,439.00,360.00,2
POS,5955,350,442.67,360.00
POS,5972,351,439.00,360.00
TRACE,5980,338,398.67,360.00,439.00,360.00,2
POS,5989,352,435.33,360.00
POS,6005,353,431.67,360.00
TRACE,6014,340,406.00,360.00,431.67,360.00,2
POS,6022,354,428.00,360.00
POS,6039,355,424.33,360.00
TRACE,6047,342,413.33,360.00,424.33,360.00,2
POS,6055,356,420.67,360.00
POS,6072,357,417.00,360.00
TRACE,6080,344,420.67,360.00,417.00,360.00,2
POS,6089,358,413.33,360.00
POS,6105,359,409.67,360.00
POS,6122,360,406.00,360.00
TRACE,6122,346,428.00,360.00,406.00,360.00,2
POS,6139,361,402.33,360.00
TRACE,6147,348,435.33,360.00,402.33,360.00,2
POS,6155,362,398.67,360.00
POS,6172,363,395.00,360.00
POS,6189,364,391.33,360.00
TRACE,6189,350,442.67,360.00,391.33,360.00,2
POS,6205,365,387.67,360.00
TRACE,6214,352,435.33,360.00,387.67,360.00,2
POS,6222,366,384.00,360.00
POS,6239,367,380.33,360.00
TRACE,6247,354,428.00,360.00,380.33,360.00,2
POS,6255,368,376.67,360.00
POS,6272,369,373.00,360.00
TRACE,6280,356,420.67,360.00,373.00,360.00,2
POS,6289,370,369.33,360.00
POS,6305,371,365.67,360.00
TRACE,6314,358,413.33,360.00,365.67,360.00,2
POS,6322,372,362.00,360.00
POS,6339,373,358.33,360.00
TRACE,6347,360,406.00,360.00,358.33,360.00,2
POS,6355,374,354.67,360.00
POS,6372,375,351.00,360.00
TRACE,6380,362,398.67,360.00,351.00,360.00,2
POS,6389,376,347.33,360.00
POS,6405,377,343.67,360.00
TRACE,6414,364,391.33,360.00,343.67,360.00,2
POS,6422,378,340.00,360.00
POS,6439,379,336.33,360.00
TRACE,6447,366,384.00,360.00,336.33,360.00,2
POS,6455,380,332.67,360.00
POS,6472,381,329.00,360.00
TRACE,6480,368,376.67,360.00,329.00,360.00,2
POS,6489,382,325.33,360.00
POS,6505,383,321.67,360.00
TRACE,6514,370,369.33,360.00,321.67,360.00,2
POS,6522,384,318.00,360.00
POS,6539,385,314.33,360.00
TRACE,6547,372,362.00,360.00,314.33,360.00,2
POS,6555,386,310.67,360.00
POS,6572,387,307.00,360.00
TRACE,6580,374,354.67,360.00,307.00,360.00,2
POS,6589,388,303.33,360.00
POS,6605,389,299.67,360.00
TRACE,6614,376,347.33,360.00,299.67,360.00,2
POS,6622,390,296.00,360.00
POS,6639,391,292.33,360.00
POS,6655,392,288.67,360.00
TRACE,6655,378,340.00,360.00,288.67,360.00,2
POS,6672,393,285.00,360.00
TRACE,6680,380,332.67,360.00,285.00,360.00,2
POS,6689,394,281.33,360.00
POS,6705,395,277.67,360.00
TRACE,6714,382,325.33,360.00,277.67,360.00,2
POS,6722,396,274.00,360.00
POS,6739,397,270.33,360.00
TRACE,6747,384,318.00,360.00,270.33,360.00,2
POS,6755,398,266.67,360.00
POS,6772,399,263.00,360.00
POS,6788,400,259.33,360.00
TRACE,6789,386,310.67,360.00,259.33,360.00,2
POS,6805,401,255.67,360.00
TRACE,6814,388,303.33,360.00,255.67,360.00,2
POS,6822,402,252.00,360.00
POS,6839,403,248.33,360.00
TRACE,6847,390,296.00,360.00,248.33,360.00,2
POS,6855,404,244.67,360.00
POS,6872,405,241.00,360.00
TRACE,6880,392,288.67,360.00,241.00,360.00,2
POS,6889,406,237.33,360.00
POS,6905,407,233.67,360.00
TRACE,6914,394,281.33,360.00,233.67,360.00,2
POS,6922,408,230.00,360.00
POS,6939,409,226.33,360.00
TRACE,6947,396,274.00,360.00,226.33,360.00,2
POS,6955,410,222.67,360.00
POS,6972,411,219.00,360.00
TRACE,6980,398,266.67,360.00,219.00,360.00,2
POS,6989,412,215.33,360.00
POS,7005,413,211.67,360.00
TRACE,7014,400,259.33,360.00,211.67,360.00,2
POS,7022,414,208.00,360.00
POS,7039,415,204.33,360.00
TRACE,7047,402,252.00,360.00,204.33,360.00,2
POS,7055,416,200.67,360.00
POS,7072,417,197.00,360.00
TRACE,7080,404,244.67,360.00,197.00,360.00,2
POS,7088,418,193.33,360.00
POS,7105,419,189.67,360.00
TRACE,7114,406,237.33,360.00,189.67,360.00,2
POS,7122,420,186.00,360.00
POS,7139,421,182.33,360.00
TRACE,7147,408,230.00,360.00,182.33,360.00,2
POS,7155,422,178.67,360.00
POS,7172,423,175.00,360.00
TRACE,7180,410,222.67,360.00,175.00,360.00,2
POS,7189,424,171.33,360.00
POS,7205,425,167.67,360.00
TRACE,7214,412,215.33,360.00,167.67,360.00,2
POS,7222,426,164.00,360.00
POS,7239,427,160.33,360.00
TRACE,7247,414,208.00,360.00,160.33,360.00,2
POS,7255,428,156.67,360.00
POS,7272,429,153.00,360.00
TRACE,7280,416,200.67,360.00,153.00,360.00,2
POS,7289,430,149.33,360.00
POS,7305,431,145.67,360.00
TRACE,7314,418,193.33,360.00,145.67,360.00,2
POS,7322,432,142.00,360.00
POS,7339,433,138.33,360.00
POS,7355,434,134.67,360.00
TRACE,7355,420,186.00,360.00,134.67,360.00,2
POS,7372,435,131.00,360.00
TRACE,7381,422,178.67,360.00,131.00,360.00,2
POS,7389,436,127.33,360.00
POS,7405,437,123.67,360.00
POS,7422,438,120.00,360.00
TRACE,7422,424,171.33,360.00,120.00,360.00,2
POS,7439,439,116.33,360.00
TRACE,7447,426,164.00,360.00,116.33,360.00,2
POS,7455,440,112.67,360.00
POS,7472,441,109.00,360.00
POS,7488,442,105.33,360.00
TRACE,7489,428,156.67,360.00,105.33,360.00,2
POS,7505,443,101.67,360.00
TRACE,7513,430,149.33,360.00,101.67,360.00,2
POS,7522,444,98.00,360.00
POS,7539,445,94.33,360.00
TRACE,7547,432,142.00,360.00,94.33,360.00,2
POS,7555,446,90.67,360.00
POS,7572,447,87.00,360.00
TRACE,7580,434,134.67,360.00,87.00,360.00,2
POS,7588,448,83.33,360.00
POS,7606,449,79.67,360.00
TRACE,7614,436,127.33,360.00,79.67,360.00,2
POS,7622,450,76.00,360.00
POS,7638,451,72.33,360.00
POS,7655,452,68.67,360.00
TRACE,7655,438,120.00,360.00,68.67,360.00,2
POS,7672,453,65.00,360.00
TRACE,7680,440,112.67,360.00,65.00,360.00,2
POS,7688,454,61.33,360.00
POS,7705,455,57.67,360.00
POS,7722,456,54.00,360.00
TRACE,7722,442,105.33,360.00,54.00,360.00,2
POS,7738,457,50.33,360.00
TRACE,7747,444,98.00,360.00,50.33,360.00,2
POS,7755,458,46.67,360.00
POS,7772,459,43.00,360.00
TRACE,7780,446,90.67,360.00,43.00,360.00,2
POS,7789,460,39.33,360.00
POS,7805,461,35.67,360.00
TRACE,7813,448,83.33,360.00,35.67,360.00,2
POS,7822,462,32.00,360.00
POS,7839,463,28.33,360.00
POS,7855,464,24.67,360.00
TRACE,7855,450,76.00,360.00,24.67,360.00,2
POS,7872,465,21.00,360.00
TRACE,7880,452,68.67,360.00,21.00,360.00,2
POS,7889,466,17.33,360.00
POS,7905,467,16.00,360.00
TRACE,7914,454,61.33,360.00,16.00,360.00,2
POS,7922,468,16.00,360.00
POS,7939,469,16.00,360.00
TRACE,7947,456,54.00,360.00,16.00,360.00,2
POS,7955,470,16.00,360.00
POS,7972,471,16.00,360.00
TRACE,7980,458,46.67,360.00,16.00,360.00,2
POS,7989,472,16.00,360.00
POS,8005,473,16.00,360.00
POS,8022,474,16.00,360.00
TRACE,8022,460,39.33,360.00,16.00,360.00,2
POS,8039,475,16.00,360.00
TRACE,8047,462,32.00,360.00,16.00,360.00,2
POS,8056,476,16.00,360.00
POS,8072,477,16.00,360.00
TRACE,8080,464,24.67,360.00,16.00,360.00,2
POS,8088,478,16.00,360.00
POS,8105,479,16.00,360.00
POS,8122,480,16.00,360.00
TRACE,8122,466,17.33,360.00,16.00,360.00,2
POS,8139,481,16.00,360.00
POS,8155,482,16.00,360.00
TRACE,8155,468,16.00,360.00,16.00,360.00,2
POS,8172,483,16.00,360.00
TRACE,8180,470,16.00,360.00,16.00,360.00,2
POS,8189,484,16.00,360.00
POS,8205,485,16.00,360.00
TRACE,8213,472,16.00,360.00,16.00,360.00,2
POS,8222,486,16.00,360.00
POS,8239,487,16.00,360.00
TRACE,8247,474,16.00,360.00,16.00,360.00,2
POS,8255,488,16.00,360.00
POS,8272,489,16.00,360.00
TRACE,8280,476,16.00,360.00,16.00,360.00,2
POS,8288,490,16.00,360.00
POS,8305,491,16.00,360.00
TRACE,8314,478,16.00,360.00,16.00,360.00,2
POS,8322,492,16.00,360.00
POS,8339,493,16.00,360.00
POS,8355,494,16.00,360.00
TRACE,8355,480,16.00,360.00,16.00,360.00,2
POS,8372,495,16.00,360.00
TRACE,8380,482,16.00,360.00,16.00,360.00,2
POS,8388,496,16.00,360.00
POS,8405,497,16.00,360.00
POS,8422,498,16.00,360.00
TRACE,8422,484,16.00,360.00,16.00,360.00,2
POS,8438,499,16.00,360.00
TRACE,8447,486,16.00,360.00,16.00,360.00,2
POS,8455,500,16.00,360.00
POS,8472,501,16.00,360.00
TRACE,8480,488,16.00,360.00,16.00,360.00,2
POS,8489,502,16.00,360.00
POS,8505,503,16.00,360.00
TRACE,8513,490,16.00,360.00,16.00,360.00,2
POS,8522,504,16.00,360.00
POS,8538,505,16.00,360.00
POS,8555,506,16.00,360.00
TRACE,8555,492,16.00,360.00,16.00,360.00,2
POS,8572,507,16.00,360.00
TRACE,8580,494,16.00,360.00,16.00,360.00,2
POS,8588,508,16.00,360.00
POS,8605,509,16.00,360.00
POS,8622,510,16.00,360.00
TRACE,8622,496,16.00,360.00,16.00,360.00,2
POS,8639,511,16.00,360.00
TRACE,8647,498,16.00,360.00,16.00,360.00,2
POS,8655,512,16.00,360.00
POS,8672,513,16.00,360.00
TRACE,8680,500,16.00,360.00,16.00,360.00,2
POS,8688,514,16.00,360.00
POS,8705,515,16.00,360.00
TRACE,8713,502,16.00,360.00,16.00,360.00,2
POS,8722,516,16.00,360.00
POS,8738,517,16.00,360.00
TRACE,8747,504,16.00,360.00,16.00,360.00,2
POS,8755,518,16.00,360.00
POS,8772,519,16.00,360.00
TRACE,8780,506,16.00,360.00,16.00,360.00,2
POS,8788,520,16.00,360.00
POS,8805,521,16.00,360.00
TRACE,8813,508,16.00,360.00,16.00,360.00,2
POS,8822,522,16.00,360.00
POS,8839,523,16.00,360.00
TRACE,8847,510,16.00,360.00,16.00,360.00,2
POS,8855,524,16.00,360.00
POS,8872,525,16.00,360.00
TRACE,8880,512,16.00,360.00,16.00,360.00,2
POS,8888,526,16.00,360.00
POS,8905,527,16.00,360.00
TRACE,8914,514,16.00,360.00,16.00,360.00,2
POS,8922,528,16.00,360.00
POS,8938,529,16.00,360.00
TRACE,8947,516,16.00,360.00,16.00,360.00,2
POS,8955,530,16.00,360.00
POS,8972,531,16.00,360.00
TRACE,8980,518,16.00,360.00,16.00,360.00,2
POS,8988,532,16.00,360.00
POS,9005,533,16.00,360.00
TRACE,9014,520,16.00,360.00,16.00,360.00,2
POS,9022,534,16.00,360.00
POS,9038,535,16.00,360.00
POS,9055,536,16.00,360.00
TRACE,9055,522,16.00,360.00,16.00,360.00,2
POS,9072,537,16.00,360.00
TRACE,9080,524,16.00,360.00,16.00,360.00,2
POS,9089,538,16.00,360.00
POS,9105,539,16.00,360.00
TRACE,9113,526,16.00,360.00,16.00,360.00,2
POS,9122,540,16.00,360.00
POS,9139,541,16.00,360.00
TRACE,9147,528,16.00,360.00,16.00,360.00,2
POS,9155,542,16.00,360.00
POS,9172,543,16.00,360.00
TRACE,9180,530,16.00,360.00,16.00,360.00,2
POS,9188,544,16.00,360.00
POS,9205,545,16.00,360.00
TRACE,9213,532,16.00,360.00,16.00,360.00,2
POS,9222,546,16.00,360.00
POS,9238,547,16.00,360.00
TRACE,9247,534,16.00,360.00,16.00,360.00,2
POS,9255,548,16.00,360.00
POS,9272,549,16.00,360.00
POS,9288,550,16.00,360.00
TRACE,9289,536,16.00,360.00,16.00,360.00,2
POS,9305,551,16.00,360.00
TRACE,9313,538,16.00,360.00,16.00,360.00,2
POS,9322,552,16.00,360.00
POS,9338,553,16.00,360.00
TRACE,9347,540,16.00,360.00,16.00,360.00,2
POS,9355,554,16.00,360.00
POS,9372,555,16.00,360.00
TRACE,9380,542,16.00,360.00,16.00,360.00,2
POS,9388,556,16.00,360.00
POS,9405,557,16.00,360.00
TRACE,9413,544,16.00,360.00,16.00,360.00,2
POS,9422,558,16.00,360.00
POS,9438,559,16.00,360.00
POS,9455,560,16.00,360.00
TRACE,9455,546,16.00,360.00,16.00,360.00,2
POS,9476,561,16.00,363.67
TRACE,9480,548,16.00,360.00,16.00,363.67,2
POS,9488,562,16.00,367.33
POS,9505,563,16.00,371.00
TRACE,9514,550,16.00,360.00,16.00,371.00,2
POS,9522,564,16.00,374.67
POS,9538,565,16.00,378.33
TRACE,9547,552,16.00,360.00,16.00,378.33,2
POS,9555,566,16.00,382.00
POS,9572,567,16.00,385.67
POS,9588,568,16.00,389.33
TRACE,9589,554,16.00,360.00,16.00,389.33,2
POS,9605,569,16.00,393.00
POS,9622,570,16.00,396.67
TRACE,9622,556,16.00,360.00,16.00,396.67,2
POS,9638,571,16.00,400.33
TRACE,9647,558,16.00,360.00,16.00,400.33,2
POS,9655,572,16.00,404.00
POS,9672,573,16.00,407.67
TRACE,9680,560,16.00,360.00,16.00,407.67,2
POS,9688,574,16.00,411.33
POS,9706,575,16.00,415.00
TRACE,9713,562,16.00,367.33,16.00,415.00,2
POS,9722,576,16.00,418.67
POS,9738,577,16.00,422.33
TRACE,9747,564,16.00,374.67,16.00,422.33,2
POS,9755,578,16.00,426.00
POS,9772,579,16.00,429.67
TRACE,9780,566,16.00,382.00,16.00,429.67,2
POS,9788,580,16.00,433.33
POS,9805,581,16.00,437.00
POS,9822,582,16.00,440.67
TRACE,9822,568,16.00,389.33,16.00,440.67,2
POS,9838,583,16.00,444.33
TRACE,9847,570,16.00,396.67,16.00,444.33,2
POS,9855,584,16.00,448.00
POS,9872,585,16.00,451.67
TRACE,9880,572,16.00,404.00,16.00,451.67,2
POS,9888,586,16.00,455.33
POS,9905,587,16.00,459.00
TRACE,9913,574,16.00,411.33,16.00,459.00,2
POS,9922,588,16.00,462.67
POS,9939,589,16.00,466.33
TRACE,9947,576,16.00,418.67,16.00,466.33,2
POS,9955,590,16.00,470.00
POS,9972,591,16.00,473.67
TRACE,9980,578,16.00,426.00,16.00,473.67,2
POS,9988,592,16.00,477.33
POS,10005,593,16.00,481.00
TRACE,10013,580,16.00,433.33,16.00,481.00,2
POS,10022,594,16.00,484.67
POS,10038,595,16.00,488.33
TRACE,10047,582,16.00,440.67,16.00,488.33,2
POS,10055,596,16.00,492.00
POS,10072,597,16.00,495.67
TRACE,10080,584,16.00,448.00,16.00,495.67,2
POS,10088,598,16.00,499.33
POS,10105,599,16.00,503.00
TRACE,10113,586,16.00,455.33,16.00,503.00,2
POS,10122,600,16.00,506.67
[INPUT] t=10138 dash key pressed (tick 601)
POS,10138,601,16.00,510.33
TRACE,10147,588,16.00,462.67,16.00,510.33,2
POS,10155,602,16.00,514.00
POS,10172,603,16.00,517.67
TRACE,10180,590,16.00,470.00,16.00,517.67,2
POS,10188,604,16.00,521.33
POS,10205,605,16.00,525.00
TRACE,10213,592,16.00,477.33,16.00,525.00,2
POS,10222,606,16.00,528.67
POS,10238,607,16.00,532.33
TRACE,10247,594,16.00,484.67,16.00,532.33,2
POS,10255,608,16.00,536.00
POS,10272,609,16.00,539.67
POS,10288,610,16.00,543.33
TRACE,10289,596,16.00,492.00,16.00,543.33,2
POS,10305,611,16.00,547.00
TRACE,10313,598,16.00,499.33,16.00,547.00,2
POS,10322,612,16.00,550.67
POS,10338,613,16.00,554.33
POS,10355,614,16.00,558.00
TRACE,10355,600,16.00,506.67,16.00,558.00,2
POS,10372,615,16.00,561.67
[DASH] t=10380 mode=NO_PREDICTION server-confirmed/visible response=241.5 ms
[CORRECTION] t=10380 #3 ack=602 predicted-vs-server error=22.7 px, replayed 13 command(s)
TRACE,10380,602,16.00,536.67,16.00,686.33,3
POS,10388,616,16.00,690.00
POS,10405,617,16.00,693.67
TRACE,10413,604,16.00,566.67,16.00,693.67,3
POS,10422,618,16.00,697.33
POS,10438,619,16.00,701.00
TRACE,10448,606,16.00,596.67,16.00,701.00,3
POS,10455,620,16.00,704.00
POS,10472,621,16.00,704.00
POS,10488,622,16.00,704.00
TRACE,10488,608,16.00,626.67,16.00,704.00,3
POS,10505,623,16.00,704.00
POS,10522,624,16.00,704.00
TRACE,10522,610,16.00,656.67,16.00,704.00,3
POS,10538,625,16.00,704.00
TRACE,10547,612,16.00,675.33,16.00,704.00,3
POS,10555,626,16.00,704.00
POS,10572,627,16.00,704.00
TRACE,10580,614,16.00,682.67,16.00,704.00,3
POS,10589,628,16.00,704.00
POS,10605,629,16.00,704.00
TRACE,10613,616,16.00,690.00,16.00,704.00,3
POS,10622,630,16.00,704.00
POS,10638,631,16.00,704.00
TRACE,10647,618,16.00,697.33,16.00,704.00,3
POS,10655,632,16.00,704.00
POS,10672,633,16.00,704.00
TRACE,10680,620,16.00,704.00,16.00,704.00,3
POS,10688,634,16.00,704.00
POS,10705,635,16.00,704.00
TRACE,10713,622,16.00,704.00,16.00,704.00,3
POS,10722,636,16.00,704.00
POS,10738,637,16.00,704.00
TRACE,10747,624,16.00,704.00,16.00,704.00,3
POS,10755,638,16.00,704.00
POS,10772,639,16.00,704.00
POS,10788,640,16.00,704.00
TRACE,10788,626,16.00,704.00,16.00,704.00,3
POS,10805,641,16.00,704.00
TRACE,10813,628,16.00,704.00,16.00,704.00,3
POS,10822,642,16.00,704.00
POS,10838,643,16.00,704.00
TRACE,10847,630,16.00,704.00,16.00,704.00,3
POS,10855,644,16.00,704.00
POS,10872,645,16.00,704.00
TRACE,10880,632,16.00,704.00,16.00,704.00,3
POS,10888,646,16.00,704.00
POS,10905,647,16.00,704.00
TRACE,10913,634,16.00,704.00,16.00,704.00,3
POS,10922,648,16.00,704.00
POS,10938,649,16.00,704.00
TRACE,10947,636,16.00,704.00,16.00,704.00,3
POS,10956,650,16.00,704.00
POS,10972,651,16.00,704.00
TRACE,10980,638,16.00,704.00,16.00,704.00,3
POS,10988,652,16.00,704.00
POS,11005,653,16.00,704.00
TRACE,11013,640,16.00,704.00,16.00,704.00,3
POS,11022,654,16.00,704.00
POS,11038,655,16.00,704.00
TRACE,11047,642,16.00,704.00,16.00,704.00,3
POS,11055,656,16.00,704.00
POS,11072,657,16.00,704.00
POS,11088,658,16.00,704.00
TRACE,11089,644,16.00,704.00,16.00,704.00,3
POS,11105,659,16.00,704.00
POS,11122,660,16.00,704.00
TRACE,11122,646,16.00,704.00,16.00,704.00,3
POS,11147,661,16.00,704.00
TRACE,11147,648,16.00,704.00,16.00,704.00,3
POS,11163,662,16.00,704.00
POS,11180,663,16.00,704.00
TRACE,11180,650,16.00,704.00,16.00,704.00,3
POS,11197,664,16.00,704.00
POS,11213,665,16.00,704.00
TRACE,11214,652,16.00,704.00,16.00,704.00,3
POS,11238,666,16.00,704.00
TRACE,11247,654,16.00,704.00,16.00,704.00,3
POS,11255,667,16.00,704.00
POS,11272,668,16.00,704.00
TRACE,11280,656,16.00,704.00,16.00,704.00,3
POS,11288,669,16.00,704.00
POS,11305,670,16.00,704.00
TRACE,11313,658,16.00,704.00,16.00,704.00,3
POS,11322,671,16.00,704.00
POS,11338,672,16.00,704.00
TRACE,11347,660,16.00,704.00,16.00,704.00,3
POS,11355,673,16.00,704.00
POS,11372,674,16.00,704.00
TRACE,11380,661,16.00,704.00,16.00,704.00,3
POS,11388,675,16.00,704.00
POS,11405,676,16.00,704.00
POS,11422,677,16.00,704.00
TRACE,11422,664,16.00,704.00,16.00,704.00,3
POS,11438,678,16.00,704.00
TRACE,11447,665,16.00,704.00,16.00,704.00,3
POS,11455,679,16.00,704.00
POS,11472,680,16.00,704.00
TRACE,11480,667,16.00,704.00,16.00,704.00,3
POS,11488,681,16.00,704.00
POS,11505,682,16.00,704.00
TRACE,11513,669,16.00,704.00,16.00,704.00,3
POS,11522,683,16.00,704.00
POS,11538,684,16.00,704.00
POS,11555,685,16.00,704.00
TRACE,11555,671,16.00,704.00,16.00,704.00,3
POS,11572,686,16.00,704.00
TRACE,11580,673,16.00,704.00,16.00,704.00,3
POS,11588,687,16.00,704.00
POS,11605,688,16.00,704.00
TRACE,11613,675,16.00,704.00,16.00,704.00,3
POS,11622,689,16.00,704.00
POS,11638,690,16.00,704.00
TRACE,11647,677,16.00,704.00,16.00,704.00,3
POS,11655,691,16.00,704.00
POS,11672,692,16.00,704.00
TRACE,11680,679,16.00,704.00,16.00,704.00,3
POS,11688,693,16.00,704.00
POS,11705,694,16.00,704.00
TRACE,11713,681,16.00,704.00,16.00,704.00,3
POS,11722,695,16.00,704.00
POS,11738,696,16.00,704.00
POS,11755,697,16.00,704.00
TRACE,11755,683,16.00,704.00,16.00,704.00,3
POS,11772,698,16.00,704.00
TRACE,11780,685,16.00,704.00,16.00,704.00,3
POS,11788,699,16.00,704.00
POS,11805,700,16.00,704.00
TRACE,11813,687,16.00,704.00,16.00,704.00,3
POS,11822,701,16.00,704.00
POS,11838,702,16.00,704.00
TRACE,11847,689,16.00,704.00,16.00,704.00,3
POS,11855,703,16.00,704.00
POS,11872,704,16.00,704.00
TRACE,11880,691,16.00,704.00,16.00,704.00,3
POS,11888,705,16.00,704.00
POS,11905,706,16.00,704.00
TRACE,11913,693,16.00,704.00,16.00,704.00,3
POS,11922,707,16.00,704.00
POS,11938,708,16.00,704.00
TRACE,11947,695,16.00,704.00,16.00,704.00,3
POS,11955,709,16.00,704.00
POS,11972,710,16.00,704.00
TRACE,11980,697,16.00,704.00,16.00,704.00,3
POS,11988,711,16.00,704.00
POS,12005,712,16.00,704.00
TRACE,12013,699,16.00,704.00,16.00,704.00,3
POS,12022,713,16.00,704.00
POS,12038,714,16.00,704.00
TRACE,12047,701,16.00,704.00,16.00,704.00,3
POS,12055,715,16.00,704.00
POS,12073,716,16.00,704.00
TRACE,12080,703,16.00,704.00,16.00,704.00,3
POS,12088,717,16.00,704.00
POS,12105,718,16.00,704.00
TRACE,12113,705,16.00,704.00,16.00,704.00,3
POS,12122,719,16.00,704.00
POS,12139,720,16.00,704.00
TRACE,12147,707,16.00,704.00,16.00,704.00,3
POS,12155,721,16.00,704.00
POS,12172,722,16.00,704.00
TRACE,12180,709,16.00,704.00,16.00,704.00,3
POS,12188,723,16.00,704.00
POS,12205,724,16.00,704.00
POS,12222,725,16.00,704.00
TRACE,12222,711,16.00,704.00,16.00,704.00,3
POS,12238,726,16.00,704.00
TRACE,12247,713,16.00,704.00,16.00,704.00,3
POS,12255,727,16.00,704.00
POS,12272,728,16.00,704.00
TRACE,12280,715,16.00,704.00,16.00,704.00,3
POS,12288,729,16.00,704.00
POS,12305,730,16.00,704.00
TRACE,12313,717,16.00,704.00,16.00,704.00,3
POS,12322,731,16.00,704.00
POS,12338,732,16.00,704.00
TRACE,12347,719,16.00,704.00,16.00,704.00,3
POS,12355,733,16.00,704.00
POS,12372,734,16.00,704.00
POS,12388,735,16.00,704.00
TRACE,12388,721,16.00,704.00,16.00,704.00,3
POS,12405,736,16.00,704.00
TRACE,12413,723,16.00,704.00,16.00,704.00,3
POS,12422,737,16.00,704.00
POS,12438,738,16.00,704.00
POS,12455,739,16.00,704.00
TRACE,12455,725,16.00,704.00,16.00,704.00,3
POS,12472,740,16.00,704.00
TRACE,12480,727,16.00,704.00,16.00,704.00,3
POS,12488,741,16.00,704.00
POS,12505,742,16.00,704.00
TRACE,12513,729,16.00,704.00,16.00,704.00,3
POS,12522,743,16.00,704.00
POS,12538,744,16.00,704.00
TRACE,12547,731,16.00,704.00,16.00,704.00,3
POS,12555,745,16.00,704.00
POS,12572,746,16.00,704.00
TRACE,12580,733,16.00,704.00,16.00,704.00,3
POS,12588,747,16.00,704.00
POS,12605,748,16.00,704.00
TRACE,12613,735,16.00,704.00,16.00,704.00,3
POS,12622,749,16.00,704.00
POS,12638,750,16.00,704.00
TRACE,12647,737,16.00,704.00,16.00,704.00,3
POS,12655,751,16.00,704.00
POS,12672,752,16.00,704.00
TRACE,12680,739,16.00,704.00,16.00,704.00,3
POS,12688,753,16.00,704.00
POS,12705,754,16.00,704.00
TRACE,12714,741,16.00,704.00,16.00,704.00,3
POS,12722,755,16.00,704.00
POS,12738,756,16.00,704.00
TRACE,12747,743,16.00,704.00,16.00,704.00,3
POS,12755,757,16.00,704.00
POS,12772,758,16.00,704.00
TRACE,12780,745,16.00,704.00,16.00,704.00,3
POS,12788,759,16.00,704.00
POS,12805,760,16.00,704.00
POS,12822,761,16.00,704.00
TRACE,12822,747,16.00,704.00,16.00,704.00,3
POS,12838,762,16.00,704.00
TRACE,12847,749,16.00,704.00,16.00,704.00,3
POS,12855,763,16.00,704.00
POS,12872,764,16.00,704.00
TRACE,12880,751,16.00,704.00,16.00,704.00,3
POS,12888,765,16.00,704.00
POS,12905,766,16.00,704.00
TRACE,12913,753,16.00,704.00,16.00,704.00,3
POS,12922,767,16.00,704.00
POS,12938,768,16.00,704.00
TRACE,12947,755,16.00,704.00,16.00,704.00,3
POS,12955,769,16.00,704.00
POS,12972,770,16.00,704.00
TRACE,12980,757,16.00,704.00,16.00,704.00,3
POS,12988,771,16.00,704.00
POS,13005,772,16.00,704.00
TRACE,13013,759,16.00,704.00,16.00,704.00,3
POS,13022,773,16.00,704.00
POS,13038,774,16.00,704.00
TRACE,13047,761,16.00,704.00,16.00,704.00,3
POS,13055,775,16.00,704.00
POS,13072,776,16.00,704.00
TRACE,13080,763,16.00,704.00,16.00,704.00,3
POS,13088,777,16.00,704.00
POS,13105,778,16.00,704.00
TRACE,13113,765,16.00,704.00,16.00,704.00,3
POS,13122,779,16.00,704.00
POS,13138,780,16.00,704.00
TRACE,13147,767,16.00,704.00,16.00,704.00,3
POS,13155,781,16.00,704.00
POS,13172,782,16.00,704.00
TRACE,13180,769,16.00,704.00,16.00,704.00,3
POS,13188,783,16.00,704.00
POS,13205,784,16.00,704.00
POS,13222,785,16.00,704.00
TRACE,13222,771,16.00,704.00,16.00,704.00,3
POS,13238,786,16.00,704.00
TRACE,13248,773,16.00,704.00,16.00,704.00,3
POS,13255,787,16.00,704.00
POS,13272,788,16.00,704.00
TRACE,13280,775,16.00,704.00,16.00,704.00,3
POS,13288,789,16.00,704.00
POS,13305,790,16.00,704.00
TRACE,13313,777,16.00,704.00,16.00,704.00,3
POS,13322,791,16.00,704.00
POS,13338,792,16.00,704.00
TRACE,13347,779,16.00,704.00,16.00,704.00,3
POS,13355,793,16.00,704.00
POS,13372,794,16.00,704.00
TRACE,13380,781,16.00,704.00,16.00,704.00,3
POS,13388,795,16.00,704.00
POS,13405,796,16.00,704.00
POS,13422,797,16.00,704.00
TRACE,13422,783,16.00,704.00,16.00,704.00,3
POS,13438,798,16.00,704.00
TRACE,13447,785,16.00,704.00,16.00,704.00,3
POS,13455,799,16.00,704.00
POS,13472,800,16.00,704.00
TRACE,13480,787,16.00,704.00,16.00,704.00,3
POS,13491,801,16.00,704.00
POS,13506,802,16.00,704.00
TRACE,13513,789,16.00,704.00,16.00,704.00,3
POS,13522,803,16.00,704.00
POS,13538,804,16.00,704.00
TRACE,13547,791,16.00,704.00,16.00,704.00,3
POS,13555,805,16.00,704.00
POS,13573,806,16.00,704.00
TRACE,13580,793,16.00,704.00,16.00,704.00,3
POS,13588,807,16.00,704.00
POS,13605,808,16.00,704.00
POS,13622,809,16.00,704.00
TRACE,13622,795,16.00,704.00,16.00,704.00,3
POS,13638,810,16.00,704.00
TRACE,13647,797,16.00,704.00,16.00,704.00,3
POS,13655,811,16.00,704.00
POS,13672,812,16.00,704.00
TRACE,13680,799,16.00,704.00,16.00,704.00,3
POS,13688,813,16.00,704.00
POS,13705,814,16.00,704.00
TRACE,13713,801,16.00,704.00,16.00,704.00,3
POS,13722,815,16.00,704.00
POS,13738,816,16.00,704.00
TRACE,13747,803,16.00,704.00,16.00,704.00,3
POS,13755,817,16.00,704.00
POS,13772,818,16.00,704.00
TRACE,13780,805,16.00,704.00,16.00,704.00,3
POS,13788,819,16.00,704.00
POS,13805,820,16.00,704.00
TRACE,13813,807,16.00,704.00,16.00,704.00,3
POS,13822,821,16.00,704.00
POS,13838,822,16.00,704.00
TRACE,13847,809,16.00,704.00,16.00,704.00,3
POS,13855,823,16.00,704.00
POS,13872,824,16.00,704.00
TRACE,13880,811,16.00,704.00,16.00,704.00,3
POS,13888,825,16.00,704.00
POS,13905,826,16.00,704.00
TRACE,13913,813,16.00,704.00,16.00,704.00,3
POS,13922,827,16.00,704.00
POS,13938,828,16.00,704.00
TRACE,13947,815,16.00,704.00,16.00,704.00,3
POS,13955,829,16.00,704.00
POS,13972,830,16.00,704.00
TRACE,13980,817,16.00,704.00,16.00,704.00,3
POS,13988,831,16.00,704.00
POS,14005,832,16.00,704.00
TRACE,14013,819,16.00,704.00,16.00,704.00,3
POS,14022,833,16.00,704.00
POS,14038,834,16.00,704.00
TRACE,14047,821,16.00,704.00,16.00,704.00,3
POS,14059,835,16.00,704.00
POS,14072,836,16.00,704.00
POS,14088,837,16.00,704.00
TRACE,14088,823,16.00,704.00,16.00,704.00,3
POS,14105,838,16.00,704.00
TRACE,14113,825,16.00,704.00,16.00,704.00,3
POS,14122,839,16.00,704.00
POS,14138,840,16.00,704.00
POS,14155,841,16.00,704.00
TRACE,14155,827,16.00,704.00,16.00,704.00,3
POS,14172,842,16.00,704.00
TRACE,14180,829,16.00,704.00,16.00,704.00,3
POS,14188,843,16.00,704.00
POS,14205,844,16.00,704.00
TRACE,14214,831,16.00,704.00,16.00,704.00,3
POS,14222,845,16.00,704.00
POS,14238,846,16.00,704.00
TRACE,14247,833,16.00,704.00,16.00,704.00,3
POS,14255,847,16.00,704.00
POS,14272,848,16.00,704.00
TRACE,14280,835,16.00,704.00,16.00,704.00,3
POS,14288,849,16.00,704.00
POS,14305,850,16.00,704.00
TRACE,14313,837,16.00,704.00,16.00,704.00,3
POS,14322,851,16.00,704.00
POS,14338,852,16.00,704.00
TRACE,14347,839,16.00,704.00,16.00,704.00,3
POS,14355,853,16.00,704.00
POS,14372,854,16.00,704.00
TRACE,14380,841,16.00,704.00,16.00,704.00,3
POS,14388,855,16.00,704.00
POS,14405,856,16.00,704.00
TRACE,14413,843,16.00,704.00,16.00,704.00,3
POS,14422,857,16.00,704.00
POS,14438,858,16.00,704.00
TRACE,14447,845,16.00,704.00,16.00,704.00,3
POS,14455,859,16.00,704.00
POS,14472,860,16.00,704.00
POS,14488,861,16.00,704.00
TRACE,14488,847,16.00,704.00,16.00,704.00,3
POS,14505,862,16.00,704.00
TRACE,14513,849,16.00,704.00,16.00,704.00,3
POS,14522,863,16.00,704.00
POS,14538,864,16.00,704.00
TRACE,14547,851,16.00,704.00,16.00,704.00,3
POS,14555,865,16.00,704.00
POS,14572,866,16.00,704.00
TRACE,14580,853,16.00,704.00,16.00,704.00,3
POS,14588,867,16.00,704.00
POS,14605,868,16.00,704.00
TRACE,14613,855,16.00,704.00,16.00,704.00,3
POS,14622,869,16.00,704.00
POS,14638,870,16.00,704.00
TRACE,14647,857,16.00,704.00,16.00,704.00,3
POS,14655,871,16.00,704.00
POS,14672,872,16.00,704.00
TRACE,14680,859,16.00,704.00,16.00,704.00,3
POS,14688,873,16.00,704.00
POS,14705,874,16.00,704.00
TRACE,14713,861,16.00,704.00,16.00,704.00,3
POS,14722,875,16.00,704.00
POS,14738,876,16.00,704.00
POS,14755,877,16.00,704.00
TRACE,14755,863,16.00,704.00,16.00,704.00,3
POS,14772,878,16.00,704.00
TRACE,14780,865,16.00,704.00,16.00,704.00,3
POS,14788,879,16.00,704.00
POS,14805,880,16.00,704.00
TRACE,14813,867,16.00,704.00,16.00,704.00,3
POS,14822,881,16.00,704.00
POS,14838,882,16.00,704.00
TRACE,14847,869,16.00,704.00,16.00,704.00,3
POS,14855,883,16.00,704.00
POS,14872,884,16.00,704.00
TRACE,14880,871,16.00,704.00,16.00,704.00,3
POS,14888,885,16.00,704.00
POS,14905,886,16.00,704.00
TRACE,14913,873,16.00,704.00,16.00,704.00,3
POS,14922,887,16.00,704.00
POS,14938,888,16.00,704.00
TRACE,14947,875,16.00,704.00,16.00,704.00,3
POS,14955,889,16.00,704.00
[RESULT] role=client predict_dash=false lag=100 jitter=0 loss=0.0
[RESULT] corrections=3 max_error_px=22.67 last_error_px=22.67 rejects_seen=0 snapshots_in=445
[RESULT] local_response_ms=[]
[RESULT] confirm_response_ms=[241.708, 241.593000000001, 241.542000000001]
[RESULT] net_sent=892 net_dropped=0 final_pred_vs_server_px=0.000
