[NET] CLIENT connecting to 127.0.0.1, predict_dash=true lag=100 jitter=0 loss=0.0%
[NET] welcome: my_id=235586837 spawn=(120.0, 360.0)
POS,138,1,120.00,360.00
TRACE,146,0,120.00,360.00,120.00,360.00,0
POS,154,2,120.00,360.00
POS,171,3,120.00,360.00
TRACE,179,0,120.00,360.00,120.00,360.00,0
POS,187,4,120.00,360.00
POS,204,5,120.00,360.00
TRACE,204,0,120.00,360.00,120.00,360.00,0
POS,221,6,120.00,360.00
POS,237,7,120.00,360.00
TRACE,237,0,120.00,360.00,120.00,360.00,0
POS,254,8,120.00,360.00
POS,271,9,120.00,360.00
TRACE,271,0,120.00,360.00,120.00,360.00,0
POS,287,10,120.00,360.00
POS,304,11,120.00,360.00
TRACE,304,0,120.00,360.00,120.00,360.00,0
POS,321,12,120.00,360.00
POS,337,13,120.00,360.00
TRACE,346,0,120.00,360.00,120.00,360.00,0
POS,354,14,120.00,360.00
POS,371,15,120.00,360.00
TRACE,371,2,120.00,360.00,120.00,360.00,0
POS,387,16,120.00,360.00
POS,404,17,120.00,360.00
TRACE,404,3,120.00,360.00,120.00,360.00,0
POS,421,18,120.00,360.00
POS,437,19,120.00,360.00
TRACE,437,6,120.00,360.00,120.00,360.00,0
POS,454,20,120.00,360.00
POS,471,21,120.00,360.00
TRACE,471,8,120.00,360.00,120.00,360.00,0
POS,487,22,120.00,360.00
POS,504,23,120.00,360.00
TRACE,504,10,120.00,360.00,120.00,360.00,0
POS,521,24,120.00,360.00
POS,537,25,120.00,360.00
TRACE,537,11,120.00,360.00,120.00,360.00,0
POS,554,26,120.00,360.00
POS,570,27,120.00,360.00
TRACE,571,14,120.00,360.00,120.00,360.00,0
POS,587,28,120.00,360.00
POS,604,29,120.00,360.00
TRACE,604,15,120.00,360.00,120.00,360.00,0
POS,620,30,120.00,360.00
POS,637,31,120.00,360.00
TRACE,637,18,120.00,360.00,120.00,360.00,0
POS,654,32,120.00,360.00
POS,670,33,120.00,360.00
TRACE,671,19,120.00,360.00,120.00,360.00,0
POS,687,34,120.00,360.00
POS,704,35,120.00,360.00
TRACE,704,22,120.00,360.00,120.00,360.00,0
POS,721,36,120.00,360.00
POS,737,37,120.00,360.00
TRACE,737,23,120.00,360.00,120.00,360.00,0
POS,754,38,120.00,360.00
POS,771,39,120.00,360.00
TRACE,771,26,120.00,360.00,120.00,360.00,0
POS,787,40,120.00,360.00
POS,804,41,123.67,360.00
TRACE,804,28,120.00,360.00,123.67,360.00,0
POS,821,42,127.33,360.00
POS,837,43,131.00,360.00
TRACE,837,30,120.00,360.00,131.00,360.00,0
POS,854,44,134.67,360.00
POS,871,45,138.33,360.00
TRACE,872,32,120.00,360.00,138.33,360.00,0
POS,887,46,142.00,360.00
POS,904,47,145.67,360.00
TRACE,904,33,120.00,360.00,145.67,360.00,0
POS,921,48,149.33,360.00
POS,937,49,153.00,360.00
TRACE,937,35,120.00,360.00,153.00,360.00,0
POS,954,50,156.67,360.00
POS,971,51,160.33,360.00
TRACE,971,38,120.00,360.00,160.33,360.00,0
POS,987,52,164.00,360.00
POS,1004,53,167.67,360.00
TRACE,1004,40,120.00,360.00,167.67,360.00,0
POS,1021,54,171.33,360.00
POS,1038,55,175.00,360.00
TRACE,1038,42,127.33,360.00,175.00,360.00,0
POS,1054,56,178.67,360.00
POS,1071,57,182.33,360.00
TRACE,1071,44,134.67,360.00,182.33,360.00,0
POS,1087,58,186.00,360.00
POS,1104,59,189.67,360.00
TRACE,1104,46,142.00,360.00,189.67,360.00,0
POS,1121,60,193.33,360.00
[INPUT] t=1137 dash key pressed (tick 61)
[DASH] t=1137 mode=PREDICTION local response=0.0 ms (key -> first predicted dash tick)
POS,1137,61,208.33,360.00
TRACE,1137,48,149.33,360.00,208.33,360.00,0
POS,1154,62,223.33,360.00
POS,1171,63,238.33,360.00
TRACE,1171,50,156.67,360.00,238.33,360.00,0
POS,1187,64,253.33,360.00
POS,1204,65,268.33,360.00
TRACE,1212,51,160.33,360.00,268.33,360.00,0
POS,1221,66,283.33,360.00
POS,1237,67,298.33,360.00
TRACE,1237,54,171.33,360.00,298.33,360.00,0
POS,1254,68,313.33,360.00
POS,1271,69,328.33,360.00
TRACE,1271,55,175.00,360.00,328.33,360.00,0
POS,1287,70,343.33,360.00
POS,1304,71,358.33,360.00
TRACE,1304,57,182.33,360.00,358.33,360.00,0
POS,1321,72,362.00,360.00
POS,1337,73,365.67,360.00
TRACE,1346,59,189.67,360.00,365.67,360.00,0
POS,1354,74,369.33,360.00
POS,1371,75,373.00,360.00
[DASH] t=1371 mode=PREDICTION server-confirmed/visible response=233.6 ms
TRACE,1371,62,223.33,360.00,373.00,360.00,0
POS,1387,76,376.67,360.00
POS,1404,77,380.33,360.00
TRACE,1404,64,253.33,360.00,380.33,360.00,0
POS,1420,78,384.00,360.00
POS,1437,79,387.67,360.00
TRACE,1437,66,283.33,360.00,387.67,360.00,0
POS,1454,80,391.33,360.00
POS,1471,81,395.00,360.00
TRACE,1471,68,313.33,360.00,395.00,360.00,0
POS,1487,82,398.67,360.00
POS,1504,83,402.33,360.00
TRACE,1504,69,328.33,360.00,402.33,360.00,0
POS,1520,84,406.00,360.00
POS,1537,85,409.67,360.00
TRACE,1537,71,358.33,360.00,409.67,360.00,0
POS,1554,86,413.33,360.00
POS,1571,87,417.00,360.00
TRACE,1579,73,365.67,360.00,417.00,360.00,0
POS,1587,88,420.67,360.00
POS,1604,89,424.33,360.00
TRACE,1604,76,376.67,360.00,424.33,360.00,0
POS,1621,90,428.00,360.00
POS,1637,91,431.67,360.00
TRACE,1637,78,384.00,360.00,431.67,360.00,0
POS,1654,92,435.33,360.00
POS,1671,93,439.00,360.00
TRACE,1671,80,391.33,360.00,439.00,360.00,0
POS,1687,94,442.67,360.00
POS,1704,95,446.33,360.00
TRACE,1704,82,398.67,360.00,446.33,360.00,0
POS,1720,96,450.00,360.00
POS,1737,97,453.67,360.00
TRACE,1737,84,406.00,360.00,453.67,360.00,0
POS,1754,98,457.33,360.00
POS,1770,99,461.00,360.00
TRACE,1771,85,409.67,360.00,461.00,360.00,0
POS,1787,100,464.67,360.00
POS,1804,101,461.00,360.00
TRACE,1804,88,420.67,360.00,461.00,360.00,0
POS,1820,102,457.33,360.00
POS,1837,103,453.67,360.00
TRACE,1837,89,424.33,360.00,453.67,360.00,0
POS,1854,104,450.00,360.00
POS,1871,105,446.33,360.00
TRACE,1871,92,435.33,360.00,446.33,360.00,0
POS,1887,106,442.67,360.00
POS,1904,107,439.00,360.00
TRACE,1904,94,442.67,360.00,439.00,360.00,0
POS,1920,108,435.33,360.00
POS,1937,109,431.67,360.00
TRACE,1937,96,450.00,360.00,431.67,360.00,0
POS,1954,110,428.00,360.00
POS,1970,111,424.33,360.00
TRACE,1979,98,457.33,360.00,424.33,360.00,0
POS,1987,112,420.67,360.00
POS,2004,113,417.00,360.00
TRACE,2004,100,464.67,360.00,417.00,360.00,0
POS,2020,114,413.33,360.00
POS,2037,115,409.67,360.00
TRACE,2037,102,457.33,360.00,409.67,360.00,0
POS,2054,116,406.00,360.00
POS,2070,117,402.33,360.00
TRACE,2071,104,450.00,360.00,402.33,360.00,0
POS,2087,118,398.67,360.00
POS,2104,119,395.00,360.00
TRACE,2112,106,442.67,360.00,395.00,360.00,0
POS,2120,120,391.33,360.00
POS,2137,121,387.67,360.00
TRACE,2137,107,439.00,360.00,387.67,360.00,0
POS,2154,122,384.00,360.00
POS,2170,123,380.33,360.00
TRACE,2171,109,431.67,360.00,380.33,360.00,0
POS,2187,124,376.67,360.00
POS,2204,125,373.00,360.00
TRACE,2204,111,424.33,360.00,373.00,360.00,0
POS,2220,126,369.33,360.00
POS,2237,127,365.67,360.00
TRACE,2246,114,413.33,360.00,365.67,360.00,0
POS,2254,128,362.00,360.00
POS,2270,129,358.33,360.00
TRACE,2271,116,406.00,360.00,358.33,360.00,0
POS,2287,130,354.67,360.00
POS,2304,131,351.00,360.00
TRACE,2304,118,398.67,360.00,351.00,360.00,0
POS,2320,132,347.33,360.00
POS,2337,133,343.67,360.00
TRACE,2337,120,391.33,360.00,343.67,360.00,0
POS,2354,134,340.00,360.00
POS,2370,135,336.33,360.00
TRACE,2371,122,384.00,360.00,336.33,360.00,0
POS,2387,136,332.67,360.00
POS,2404,137,329.00,360.00
TRACE,2404,124,376.67,360.00,329.00,360.00,0
POS,2420,138,325.33,360.00
POS,2437,139,321.67,360.00
TRACE,2437,126,369.33,360.00,321.67,360.00,0
POS,2454,140,318.00,360.00
POS,2470,141,314.33,360.00
TRACE,2471,127,365.67,360.00,314.33,360.00,0
POS,2487,142,310.67,360.00
POS,2504,143,307.00,360.00
TRACE,2504,129,358.33,360.00,307.00,360.00,0
POS,2520,144,303.33,360.00
POS,2537,145,299.67,360.00
TRACE,2537,132,347.33,360.00,299.67,360.00,0
POS,2554,146,296.00,360.00
POS,2570,147,292.33,360.00
TRACE,2571,134,340.00,360.00,292.33,360.00,0
POS,2587,148,288.67,360.00
POS,2604,149,285.00,360.00
TRACE,2604,136,332.67,360.00,285.00,360.00,0
POS,2620,150,281.33,360.00
POS,2637,151,277.67,360.00
TRACE,2637,137,329.00,360.00,277.67,360.00,0
POS,2654,152,274.00,360.00
POS,2670,153,270.33,360.00
TRACE,2671,140,318.00,360.00,270.33,360.00,0
POS,2687,154,266.67,360.00
POS,2704,155,263.00,360.00
TRACE,2704,142,310.67,360.00,263.00,360.00,0
POS,2720,156,259.33,360.00
POS,2737,157,255.67,360.00
TRACE,2737,144,303.33,360.00,255.67,360.00,0
POS,2754,158,252.00,360.00
POS,2770,159,248.33,360.00
TRACE,2771,146,296.00,360.00,248.33,360.00,0
POS,2787,160,244.67,360.00
POS,2804,161,241.00,360.00
TRACE,2804,148,288.67,360.00,241.00,360.00,0
POS,2820,162,237.33,360.00
POS,2837,163,233.67,360.00
TRACE,2837,149,285.00,360.00,233.67,360.00,0
POS,2854,164,230.00,360.00
POS,2870,165,226.33,360.00
TRACE,2871,152,274.00,360.00,226.33,360.00,0
POS,2887,166,222.67,360.00
POS,2904,167,219.00,360.00
TRACE,2904,153,270.33,360.00,219.00,360.00,0
POS,2920,168,215.33,360.00
POS,2937,169,211.67,360.00
TRACE,2937,156,259.33,360.00,211.67,360.00,0
POS,2954,170,208.00,360.00
POS,2970,171,204.33,360.00
TRACE,2979,157,255.67,360.00,204.33,360.00,0
POS,2987,172,200.67,360.00
POS,3004,173,197.00,360.00
TRACE,3004,160,244.67,360.00,197.00,360.00,0
POS,3020,174,193.33,360.00
POS,3037,175,189.67,360.00
TRACE,3037,161,241.00,360.00,189.67,360.00,0
POS,3054,176,186.00,360.00
POS,3071,177,182.33,360.00
TRACE,3071,164,230.00,360.00,182.33,360.00,0
POS,3087,178,178.67,360.00
POS,3104,179,175.00,360.00
TRACE,3104,166,222.67,360.00,175.00,360.00,0
POS,3120,180,171.33,360.00
POS,3137,181,167.67,360.00
TRACE,3137,168,215.33,360.00,167.67,360.00,0
POS,3154,182,164.00,360.00
POS,3170,183,160.33,360.00
TRACE,3171,169,211.67,360.00,160.33,360.00,0
POS,3187,184,156.67,360.00
POS,3204,185,153.00,360.00
TRACE,3204,171,204.33,360.00,153.00,360.00,0
POS,3220,186,149.33,360.00
POS,3237,187,145.67,360.00
TRACE,3237,174,193.33,360.00,145.67,360.00,0
POS,3254,188,142.00,360.00
POS,3270,189,138.33,360.00
TRACE,3271,176,186.00,360.00,138.33,360.00,0
POS,3287,190,134.67,360.00
POS,3304,191,131.00,360.00
TRACE,3312,177,182.33,360.00,131.00,360.00,0
POS,3320,192,127.33,360.00
POS,3337,193,123.67,360.00
TRACE,3337,180,171.33,360.00,123.67,360.00,0
POS,3354,194,120.00,360.00
POS,3370,195,116.33,360.00
TRACE,3379,181,167.67,360.00,116.33,360.00,0
POS,3387,196,112.67,360.00
POS,3404,197,109.00,360.00
TRACE,3404,183,160.33,360.00,109.00,360.00,0
POS,3420,198,105.33,360.00
POS,3437,199,101.67,360.00
TRACE,3437,185,153.00,360.00,101.67,360.00,0
POS,3454,200,98.00,360.00
POS,3470,201,98.00,360.00
TRACE,3471,188,142.00,360.00,98.00,360.00,0
POS,3487,202,98.00,360.00
POS,3504,203,98.00,360.00
TRACE,3504,190,134.67,360.00,98.00,360.00,0
POS,3520,204,98.00,360.00
POS,3537,205,98.00,360.00
TRACE,3537,191,131.00,360.00,98.00,360.00,0
POS,3554,206,98.00,360.00
POS,3570,207,98.00,360.00
TRACE,3579,194,120.00,360.00,98.00,360.00,0
POS,3587,208,98.00,360.00
POS,3604,209,98.00,360.00
TRACE,3604,195,116.33,360.00,98.00,360.00,0
POS,3620,210,98.00,360.00
POS,3637,211,98.00,360.00
TRACE,3637,198,105.33,360.00,98.00,360.00,0
POS,3654,212,98.00,360.00
POS,3670,213,98.00,360.00
TRACE,3671,200,98.00,360.00,98.00,360.00,0
POS,3687,214,98.00,360.00
POS,3704,215,98.00,360.00
TRACE,3704,201,98.00,360.00,98.00,360.00,0
POS,3720,216,98.00,360.00
POS,3737,217,98.00,360.00
TRACE,3745,204,98.00,360.00,98.00,360.00,0
POS,3754,218,98.00,360.00
POS,3770,219,98.00,360.00
TRACE,3771,206,98.00,360.00,98.00,360.00,0
POS,3787,220,98.00,360.00
POS,3804,221,98.00,360.00
TRACE,3804,208,98.00,360.00,98.00,360.00,0
POS,3820,222,98.00,360.00
POS,3837,223,98.00,360.00
TRACE,3837,210,98.00,360.00,98.00,360.00,0
POS,3854,224,98.00,360.00
POS,3870,225,98.00,360.00
TRACE,3871,211,98.00,360.00,98.00,360.00,0
POS,3887,226,98.00,360.00
POS,3904,227,98.00,360.00
TRACE,3904,214,98.00,360.00,98.00,360.00,0
POS,3920,228,98.00,360.00
POS,3937,229,98.00,360.00
TRACE,3937,216,98.00,360.00,98.00,360.00,0
POS,3954,230,98.00,360.00
POS,3970,231,98.00,360.00
TRACE,3971,218,98.00,360.00,98.00,360.00,0
POS,3987,232,98.00,360.00
POS,4004,233,98.00,360.00
TRACE,4004,220,98.00,360.00,98.00,360.00,0
POS,4020,234,98.00,360.00
POS,4037,235,98.00,360.00
TRACE,4037,221,98.00,360.00,98.00,360.00,0
POS,4054,236,98.00,360.00
POS,4070,237,98.00,360.00
TRACE,4079,224,98.00,360.00,98.00,360.00,0
POS,4087,238,98.00,360.00
POS,4104,239,98.00,360.00
TRACE,4104,225,98.00,360.00,98.00,360.00,0
POS,4120,240,98.00,360.00
POS,4137,241,98.00,360.00
TRACE,4137,228,98.00,360.00,98.00,360.00,0
POS,4154,242,98.00,360.00
POS,4170,243,98.00,360.00
TRACE,4171,230,98.00,360.00,98.00,360.00,0
POS,4187,244,98.00,360.00
POS,4204,245,98.00,360.00
TRACE,4204,232,98.00,360.00,98.00,360.00,0
POS,4220,246,98.00,360.00
POS,4237,247,98.00,360.00
TRACE,4237,234,98.00,360.00,98.00,360.00,0
POS,4254,248,98.00,360.00
POS,4270,249,98.00,360.00
TRACE,4279,236,98.00,360.00,98.00,360.00,0
POS,4287,250,98.00,360.00
POS,4304,251,98.00,360.00
TRACE,4304,238,98.00,360.00,98.00,360.00,0
POS,4320,252,98.00,360.00
POS,4337,253,98.00,360.00
TRACE,4337,240,98.00,360.00,98.00,360.00,0
POS,4354,254,98.00,360.00
POS,4370,255,98.00,360.00
TRACE,4371,241,98.00,360.00,98.00,360.00,0
POS,4387,256,98.00,360.00
POS,4404,257,98.00,360.00
TRACE,4404,243,98.00,360.00,98.00,360.00,0
POS,4420,258,98.00,360.00
POS,4437,259,98.00,360.00
TRACE,4437,245,98.00,360.00,98.00,360.00,0
POS,4454,260,98.00,360.00
POS,4470,261,98.00,360.00
TRACE,4479,248,98.00,360.00,98.00,360.00,0
POS,4488,262,98.00,360.00
POS,4504,263,98.00,360.00
TRACE,4504,250,98.00,360.00,98.00,360.00,0
POS,4520,264,98.00,360.00
POS,4537,265,98.00,360.00
TRACE,4545,252,98.00,360.00,98.00,360.00,0
POS,4554,266,98.00,360.00
POS,4570,267,98.00,360.00
TRACE,4571,254,98.00,360.00,98.00,360.00,0
POS,4587,268,98.00,360.00
POS,4604,269,98.00,360.00
TRACE,4604,256,98.00,360.00,98.00,360.00,0
POS,4620,270,98.00,360.00
POS,4637,271,98.00,360.00
TRACE,4637,258,98.00,360.00,98.00,360.00,0
POS,4654,272,98.00,360.00
POS,4670,273,98.00,360.00
TRACE,4671,260,98.00,360.00,98.00,360.00,0
POS,4687,274,98.00,360.00
POS,4704,275,98.00,360.00
TRACE,4704,261,98.00,360.00,98.00,360.00,0
POS,4720,276,98.00,360.00
POS,4737,277,98.00,360.00
TRACE,4745,263,98.00,360.00,98.00,360.00,0
POS,4754,278,98.00,360.00
POS,4770,279,98.00,360.00
TRACE,4771,265,98.00,360.00,98.00,360.00,0
POS,4787,280,98.00,360.00
POS,4804,281,98.00,360.00
TRACE,4804,268,98.00,360.00,98.00,360.00,0
POS,4820,282,98.00,360.00
POS,4837,283,98.00,360.00
TRACE,4837,270,98.00,360.00,98.00,360.00,0
POS,4854,284,98.00,360.00
POS,4870,285,98.00,360.00
TRACE,4879,271,98.00,360.00,98.00,360.00,0
POS,4887,286,98.00,360.00
POS,4904,287,98.00,360.00
TRACE,4904,274,98.00,360.00,98.00,360.00,0
POS,4920,288,98.00,360.00
POS,4937,289,98.00,360.00
TRACE,4946,276,98.00,360.00,98.00,360.00,0
POS,4954,290,98.00,360.00
POS,4970,291,101.67,360.00
TRACE,4971,278,98.00,360.00,101.67,360.00,0
POS,4987,292,105.33,360.00
POS,5004,293,109.00,360.00
TRACE,5004,279,98.00,360.00,109.00,360.00,0
POS,5020,294,112.67,360.00
POS,5037,295,116.33,360.00
TRACE,5037,281,98.00,360.00,116.33,360.00,0
POS,5054,296,120.00,360.00
POS,5070,297,123.67,360.00
TRACE,5071,283,98.00,360.00,123.67,360.00,0
POS,5087,298,127.33,360.00
POS,5104,299,131.00,360.00
TRACE,5104,286,98.00,360.00,131.00,360.00,0
POS,5120,300,134.67,360.00
[INPUT] t=5137 dash key pressed (tick 301)
[DASH] t=5137 mode=PREDICTION local response=0.0 ms (key -> first predicted dash tick)
POS,5137,301,149.67,360.00
TRACE,5137,288,98.00,360.00,149.67,360.00,0
POS,5154,302,164.67,360.00
POS,5170,303,179.67,360.00
TRACE,5171,289,98.00,360.00,179.67,360.00,0
POS,5187,304,194.67,360.00
POS,5204,305,209.67,360.00
TRACE,5204,292,105.33,360.00,209.67,360.00,0
POS,5220,306,224.67,360.00
POS,5237,307,239.67,360.00
TRACE,5237,293,109.00,360.00,239.67,360.00,0
POS,5254,308,254.67,360.00
POS,5270,309,269.67,360.00
TRACE,5271,296,120.00,360.00,269.67,360.00,0
POS,5287,310,284.67,360.00
POS,5304,311,299.67,360.00
TRACE,5304,298,127.33,360.00,299.67,360.00,0
POS,5320,312,303.33,360.00
POS,5337,313,307.00,360.00
TRACE,5337,300,134.67,360.00,307.00,360.00,0
POS,5354,314,310.67,360.00
POS,5370,315,314.33,360.00
[DASH] t=5379 mode=PREDICTION server-confirmed/visible response=241.8 ms
TRACE,5379,302,164.67,360.00,314.33,360.00,0
POS,5387,316,318.00,360.00
POS,5404,317,321.67,360.00
TRACE,5405,304,194.67,360.00,321.67,360.00,0
POS,5420,318,325.33,360.00
POS,5437,319,329.00,360.00
TRACE,5445,306,224.67,360.00,329.00,360.00,0
POS,5454,320,332.67,360.00
POS,5470,321,336.33,360.00
TRACE,5470,308,254.67,360.00,336.33,360.00,0
POS,5487,322,340.00,360.00
POS,5504,323,343.67,360.00
TRACE,5512,309,269.67,360.00,343.67,360.00,0
POS,5520,324,347.33,360.00
POS,5537,325,351.00,360.00
TRACE,5537,312,303.33,360.00,351.00,360.00,0
POS,5554,326,354.67,360.00
POS,5570,327,358.33,360.00
TRACE,5570,313,307.00,360.00,358.33,360.00,0
POS,5587,328,362.00,360.00
POS,5604,329,365.67,360.00
TRACE,5604,316,318.00,360.00,365.67,360.00,0
POS,5620,330,369.33,360.00
POS,5637,331,373.00,360.00
TRACE,5637,317,321.67,360.00,373.00,360.00,0
POS,5654,332,376.67,360.00
POS,5670,333,380.33,360.00
TRACE,5670,320,332.67,360.00,380.33,360.00,0
POS,5687,334,384.00,360.00
POS,5704,335,387.67,360.00
TRACE,5704,322,340.00,360.00,387.67,360.00,0
POS,5720,336,391.33,360.00
POS,5737,337,395.00,360.00
TRACE,5745,324,347.33,360.00,395.00,360.00,0
POS,5754,338,398.67,360.00
POS,5770,339,402.33,360.00
TRACE,5771,326,354.67,360.00,402.33,360.00,0
POS,5787,340,406.00,360.00
POS,5804,341,409.67,360.00
TRACE,5804,328,362.00,360.00,409.67,360.00,0
POS,5820,342,413.33,360.00
POS,5837,343,417.00,360.00
TRACE,5837,330,369.33,360.00,417.00,360.00,0
POS,5854,344,420.67,360.00
POS,5870,345,424.33,360.00
TRACE,5871,331,373.00,360.00,424.33,360.00,0
POS,5887,346,428.00,360.00
POS,5904,347,431.67,360.00
TRACE,5904,334,384.00,360.00,431.67,360.00,0
POS,5920,348,435.33,360.00
POS,5937,349,439.00,360.00
TRACE,5937,336,391.33,360.00,439.00,360.00,0
POS,5954,350,442.67,360.00
POS,5970,351,439.00,360.00
TRACE,5979,338,398.67,360.00,439.00,360.00,0
POS,5987,352,435.33,360.00
POS,6004,353,431.67,360.00
TRACE,6004,340,406.00,360.00,431.67,360.00,0
POS,6020,354,428.00,360.00
POS,6037,355,424.33,360.00
TRACE,6045,341,409.67,360.00,424.33,360.00,0
POS,6054,356,420.67,360.00
POS,6070,357,417.00,360.00
TRACE,6070,344,420.67,360.00,417.00,360.00,0
POS,6087,358,413.33,360.00
POS,6104,359,409.67,360.00
TRACE,6104,345,424.33,360.00,409.67,360.00,0
POS,6120,360,406.00,360.00
POS,6137,361,402.33,360.00
TRACE,6137,348,435.33,360.00,402.33,360.00,0
POS,6154,362,398.67,360.00
POS,6170,363,395.00,360.00
TRACE,6171,349,439.00,360.00,395.00,360.00,0
POS,6187,364,391.33,360.00
POS,6204,365,387.67,360.00
TRACE,6204,351,439.00,360.00,387.67,360.00,0
POS,6220,366,384.00,360.00
POS,6237,367,380.33,360.00
TRACE,6237,354,428.00,360.00,380.33,360.00,0
POS,6254,368,376.67,360.00
POS,6270,369,373.00,360.00
TRACE,6270,356,420.67,360.00,373.00,360.00,0
POS,6287,370,369.33,360.00
POS,6304,371,365.67,360.00
TRACE,6304,358,413.33,360.00,365.67,360.00,0
POS,6320,372,362.00,360.00
POS,6337,373,358.33,360.00
TRACE,6345,359,409.67,360.00,358.33,360.00,0
POS,6354,374,354.67,360.00
POS,6370,375,351.00,360.00
TRACE,6370,361,402.33,360.00,351.00,360.00,0
POS,6387,376,347.33,360.00
POS,6404,377,343.67,360.00
TRACE,6412,363,395.00,360.00,343.67,360.00,0
POS,6420,378,340.00,360.00
POS,6437,379,336.33,360.00
TRACE,6437,366,384.00,360.00,336.33,360.00,0
POS,6454,380,332.67,360.00
POS,6470,381,329.00,360.00
TRACE,6470,368,376.67,360.00,329.00,360.00,0
POS,6487,382,325.33,360.00
POS,6504,383,321.67,360.00
TRACE,6504,370,369.33,360.00,321.67,360.00,0
POS,6520,384,318.00,360.00
POS,6537,385,314.33,360.00
TRACE,6537,372,362.00,360.00,314.33,360.00,0
POS,6554,386,310.67,360.00
POS,6570,387,307.00,360.00
TRACE,6570,374,354.67,360.00,307.00,360.00,0
POS,6587,388,303.33,360.00
POS,6604,389,299.67,360.00
TRACE,6604,375,351.00,360.00,299.67,360.00,0
POS,6620,390,296.00,360.00
POS,6637,391,292.33,360.00
TRACE,6645,377,343.67,360.00,292.33,360.00,0
POS,6654,392,288.67,360.00
POS,6670,393,285.00,360.00
TRACE,6670,379,336.33,360.00,285.00,360.00,0
POS,6687,394,281.33,360.00
POS,6704,395,277.67,360.00
TRACE,6704,381,329.00,360.00,277.67,360.00,0
POS,6720,396,274.00,360.00
POS,6737,397,270.33,360.00
TRACE,6737,384,318.00,360.00,270.33,360.00,0
POS,6754,398,266.67,360.00
POS,6770,399,263.00,360.00
TRACE,6770,385,314.33,360.00,263.00,360.00,0
POS,6787,400,259.33,360.00
POS,6804,401,255.67,360.00
TRACE,6804,388,303.33,360.00,255.67,360.00,0
POS,6820,402,252.00,360.00
POS,6837,403,248.33,360.00
TRACE,6837,390,296.00,360.00,248.33,360.00,0
POS,6854,404,244.67,360.00
POS,6870,405,241.00,360.00
TRACE,6870,392,288.67,360.00,241.00,360.00,0
POS,6887,406,237.33,360.00
POS,6904,407,233.67,360.00
TRACE,6904,394,281.33,360.00,233.67,360.00,0
POS,6920,408,230.00,360.00
POS,6937,409,226.33,360.00
TRACE,6937,396,274.00,360.00,226.33,360.00,0
POS,6954,410,222.67,360.00
POS,6970,411,219.00,360.00
TRACE,6970,398,266.67,360.00,219.00,360.00,0
POS,6987,412,215.33,360.00
POS,7004,413,211.67,360.00
TRACE,7012,400,259.33,360.00,211.67,360.00,0
POS,7020,414,208.00,360.00
POS,7037,415,204.33,360.00
TRACE,7037,402,252.00,360.00,204.33,360.00,0
POS,7054,416,200.67,360.00
POS,7070,417,197.00,360.00
TRACE,7070,404,244.67,360.00,197.00,360.00,0
POS,7087,418,193.33,360.00
POS,7104,419,189.67,360.00
TRACE,7104,406,237.33,360.00,189.67,360.00,0
POS,7120,420,186.00,360.00
POS,7137,421,182.33,360.00
TRACE,7137,407,233.67,360.00,182.33,360.00,0
POS,7154,422,178.67,360.00
POS,7170,423,175.00,360.00
TRACE,7171,409,226.33,360.00,175.00,360.00,0
POS,7187,424,171.33,360.00
POS,7204,425,167.67,360.00
TRACE,7204,411,219.00,360.00,167.67,360.00,0
POS,7220,426,164.00,360.00
POS,7237,427,160.33,360.00
TRACE,7237,414,208.00,360.00,160.33,360.00,0
POS,7254,428,156.67,360.00
POS,7270,429,153.00,360.00
TRACE,7270,416,200.67,360.00,153.00,360.00,0
POS,7287,430,149.33,360.00
POS,7304,431,145.67,360.00
TRACE,7304,418,193.33,360.00,145.67,360.00,0
POS,7320,432,142.00,360.00
POS,7337,433,138.33,360.00
TRACE,7337,420,186.00,360.00,138.33,360.00,0
POS,7354,434,134.67,360.00
POS,7370,435,131.00,360.00
TRACE,7371,422,178.67,360.00,131.00,360.00,0
POS,7387,436,127.33,360.00
POS,7404,437,123.67,360.00
TRACE,7412,423,175.00,360.00,123.67,360.00,0
POS,7420,438,120.00,360.00
POS,7437,439,116.33,360.00
TRACE,7437,425,167.67,360.00,116.33,360.00,0
POS,7454,440,112.67,360.00
POS,7470,441,109.00,360.00
TRACE,7471,428,156.67,360.00,109.00,360.00,0
POS,7487,442,105.33,360.00
POS,7504,443,101.67,360.00
TRACE,7504,430,149.33,360.00,101.67,360.00,0
POS,7520,444,98.00,360.00
POS,7537,445,94.33,360.00
TRACE,7537,432,142.00,360.00,94.33,360.00,0
POS,7556,446,90.67,360.00
POS,7570,447,87.00,360.00
TRACE,7570,433,138.33,360.00,87.00,360.00,0
POS,7587,448,83.33,360.00
POS,7604,449,79.67,360.00
TRACE,7604,435,131.00,360.00,79.67,360.00,0
POS,7620,450,76.00,360.00
POS,7637,451,72.33,360.00
TRACE,7637,437,123.67,360.00,72.33,360.00,0
POS,7654,452,68.67,360.00
POS,7670,453,65.00,360.00
TRACE,7670,440,112.67,360.00,65.00,360.00,0
POS,7687,454,61.33,360.00
POS,7704,455,57.67,360.00
TRACE,7704,442,105.33,360.00,57.67,360.00,0
POS,7720,456,54.00,360.00
POS,7737,457,50.33,360.00
TRACE,7737,444,98.00,360.00,50.33,360.00,0
POS,7754,458,46.67,360.00
POS,7770,459,43.00,360.00
TRACE,7770,445,94.33,360.00,43.00,360.00,0
POS,7787,460,39.33,360.00
POS,7804,461,35.67,360.00
TRACE,7804,448,83.33,360.00,35.67,360.00,0
POS,7820,462,32.00,360.00
POS,7837,463,28.33,360.00
TRACE,7837,449,79.67,360.00,28.33,360.00,0
POS,7854,464,24.67,360.00
POS,7870,465,21.00,360.00
TRACE,7870,452,68.67,360.00,21.00,360.00,0
POS,7887,466,17.33,360.00
POS,7904,467,16.00,360.00
TRACE,7904,454,61.33,360.00,16.00,360.00,0
POS,7920,468,16.00,360.00
POS,7937,469,16.00,360.00
TRACE,7937,456,54.00,360.00,16.00,360.00,0
POS,7954,470,16.00,360.00
POS,7970,471,16.00,360.00
TRACE,7970,458,46.67,360.00,16.00,360.00,0
POS,7987,472,16.00,360.00
POS,8004,473,16.00,360.00
TRACE,8004,460,39.33,360.00,16.00,360.00,0
POS,8020,474,16.00,360.00
POS,8037,475,16.00,360.00
TRACE,8037,462,32.00,360.00,16.00,360.00,0
POS,8054,476,16.00,360.00
POS,8070,477,16.00,360.00
TRACE,8079,464,24.67,360.00,16.00,360.00,0
POS,8087,478,16.00,360.00
POS,8104,479,16.00,360.00
TRACE,8104,466,17.33,360.00,16.00,360.00,0
POS,8120,480,16.00,360.00
POS,8137,481,16.00,360.00
TRACE,8137,468,16.00,360.00,16.00,360.00,0
POS,8154,482,16.00,360.00
POS,8170,483,16.00,360.00
TRACE,8170,470,16.00,360.00,16.00,360.00,0
POS,8187,484,16.00,360.00
POS,8204,485,16.00,360.00
TRACE,8212,472,16.00,360.00,16.00,360.00,0
POS,8220,486,16.00,360.00
POS,8237,487,16.00,360.00
TRACE,8245,474,16.00,360.00,16.00,360.00,0
POS,8254,488,16.00,360.00
POS,8270,489,16.00,360.00
TRACE,8270,476,16.00,360.00,16.00,360.00,0
POS,8287,490,16.00,360.00
POS,8304,491,16.00,360.00
TRACE,8304,478,16.00,360.00,16.00,360.00,0
POS,8320,492,16.00,360.00
POS,8337,493,16.00,360.00
TRACE,8337,480,16.00,360.00,16.00,360.00,0
POS,8354,494,16.00,360.00
POS,8370,495,16.00,360.00
TRACE,8370,481,16.00,360.00,16.00,360.00,0
POS,8387,496,16.00,360.00
POS,8404,497,16.00,360.00
TRACE,8404,484,16.00,360.00,16.00,360.00,0
POS,8420,498,16.00,360.00
POS,8437,499,16.00,360.00
TRACE,8437,485,16.00,360.00,16.00,360.00,0
POS,8454,500,16.00,360.00
POS,8470,501,16.00,360.00
TRACE,8470,487,16.00,360.00,16.00,360.00,0
POS,8487,502,16.00,360.00
POS,8504,503,16.00,360.00
TRACE,8504,489,16.00,360.00,16.00,360.00,0
POS,8520,504,16.00,360.00
POS,8537,505,16.00,360.00
TRACE,8537,492,16.00,360.00,16.00,360.00,0
POS,8554,506,16.00,360.00
POS,8570,507,16.00,360.00
TRACE,8570,494,16.00,360.00,16.00,360.00,0
POS,8587,508,16.00,360.00
POS,8604,509,16.00,360.00
TRACE,8604,496,16.00,360.00,16.00,360.00,0
POS,8620,510,16.00,360.00
POS,8637,511,16.00,360.00
TRACE,8637,498,16.00,360.00,16.00,360.00,0
POS,8654,512,16.00,360.00
POS,8670,513,16.00,360.00
TRACE,8670,500,16.00,360.00,16.00,360.00,0
POS,8687,514,16.00,360.00
POS,8703,515,16.00,360.00
TRACE,8712,502,16.00,360.00,16.00,360.00,0
POS,8720,516,16.00,360.00
POS,8737,517,16.00,360.00
TRACE,8737,504,16.00,360.00,16.00,360.00,0
POS,8753,518,16.00,360.00
POS,8770,519,16.00,360.00
TRACE,8770,505,16.00,360.00,16.00,360.00,0
POS,8787,520,16.00,360.00
POS,8803,521,16.00,360.00
TRACE,8804,508,16.00,360.00,16.00,360.00,0
POS,8820,522,16.00,360.00
POS,8837,523,16.00,360.00
TRACE,8837,509,16.00,360.00,16.00,360.00,0
POS,8854,524,16.00,360.00
POS,8870,525,16.00,360.00
TRACE,8870,511,16.00,360.00,16.00,360.00,0
POS,8887,526,16.00,360.00
POS,8904,527,16.00,360.00
TRACE,8904,514,16.00,360.00,16.00,360.00,0
POS,8920,528,16.00,360.00
POS,8937,529,16.00,360.00
TRACE,8937,516,16.00,360.00,16.00,360.00,0
POS,8954,530,16.00,360.00
POS,8970,531,16.00,360.00
TRACE,8970,518,16.00,360.00,16.00,360.00,0
POS,8987,532,16.00,360.00
POS,9004,533,16.00,360.00
TRACE,9004,519,16.00,360.00,16.00,360.00,0
POS,9020,534,16.00,360.00
POS,9037,535,16.00,360.00
TRACE,9037,522,16.00,360.00,16.00,360.00,0
POS,9054,536,16.00,360.00
POS,9070,537,16.00,360.00
TRACE,9070,524,16.00,360.00,16.00,360.00,0
POS,9087,538,16.00,360.00
POS,9104,539,16.00,360.00
TRACE,9104,526,16.00,360.00,16.00,360.00,0
POS,9120,540,16.00,360.00
POS,9137,541,16.00,360.00
TRACE,9137,528,16.00,360.00,16.00,360.00,0
POS,9154,542,16.00,360.00
POS,9170,543,16.00,360.00
TRACE,9170,530,16.00,360.00,16.00,360.00,0
POS,9187,544,16.00,360.00
POS,9204,545,16.00,360.00
TRACE,9204,532,16.00,360.00,16.00,360.00,0
POS,9220,546,16.00,360.00
POS,9237,547,16.00,360.00
TRACE,9237,534,16.00,360.00,16.00,360.00,0
POS,9254,548,16.00,360.00
POS,9270,549,16.00,360.00
TRACE,9270,535,16.00,360.00,16.00,360.00,0
POS,9287,550,16.00,360.00
POS,9303,551,16.00,360.00
TRACE,9304,537,16.00,360.00,16.00,360.00,0
POS,9320,552,16.00,360.00
POS,9337,553,16.00,360.00
TRACE,9337,539,16.00,360.00,16.00,360.00,0
POS,9354,554,16.00,360.00
POS,9370,555,16.00,360.00
TRACE,9370,542,16.00,360.00,16.00,360.00,0
POS,9387,556,16.00,360.00
POS,9404,557,16.00,360.00
TRACE,9404,543,16.00,360.00,16.00,360.00,0
POS,9420,558,16.00,360.00
POS,9437,559,16.00,360.00
TRACE,9437,546,16.00,360.00,16.00,360.00,0
POS,9454,560,16.00,360.00
POS,9470,561,16.00,363.67
TRACE,9470,547,16.00,360.00,16.00,363.67,0
POS,9487,562,16.00,367.33
POS,9504,563,16.00,371.00
TRACE,9504,550,16.00,360.00,16.00,371.00,0
POS,9520,564,16.00,374.67
POS,9537,565,16.00,378.33
TRACE,9537,551,16.00,360.00,16.00,378.33,0
POS,9554,566,16.00,382.00
POS,9570,567,16.00,385.67
TRACE,9570,554,16.00,360.00,16.00,385.67,0
POS,9587,568,16.00,389.33
POS,9604,569,16.00,393.00
TRACE,9604,555,16.00,360.00,16.00,393.00,0
POS,9620,570,16.00,396.67
POS,9638,571,16.00,400.33
TRACE,9638,558,16.00,360.00,16.00,400.33,0
POS,9654,572,16.00,404.00
POS,9670,573,16.00,407.67
TRACE,9679,560,16.00,360.00,16.00,407.67,0
POS,9687,574,16.00,411.33
POS,9704,575,16.00,415.00
TRACE,9712,562,16.00,367.33,16.00,415.00,0
POS,9720,576,16.00,418.67
POS,9737,577,16.00,422.33
TRACE,9737,563,16.00,371.00,16.00,422.33,0
POS,9754,578,16.00,426.00
POS,9770,579,16.00,429.67
TRACE,9770,566,16.00,382.00,16.00,429.67,0
POS,9787,580,16.00,433.33
POS,9804,581,16.00,437.00
TRACE,9804,568,16.00,389.33,16.00,437.00,0
POS,9820,582,16.00,440.67
POS,9837,583,16.00,444.33
TRACE,9845,570,16.00,396.67,16.00,444.33,0
POS,9854,584,16.00,448.00
POS,9870,585,16.00,451.67
TRACE,9870,571,16.00,400.33,16.00,451.67,0
POS,9887,586,16.00,455.33
POS,9903,587,16.00,459.00
TRACE,9904,574,16.00,411.33,16.00,459.00,0
POS,9920,588,16.00,462.67
POS,9937,589,16.00,466.33
TRACE,9937,576,16.00,418.67,16.00,466.33,0
POS,9954,590,16.00,470.00
POS,9970,591,16.00,473.67
TRACE,9970,578,16.00,426.00,16.00,473.67,0
POS,9987,592,16.00,477.33
POS,10004,593,16.00,481.00
TRACE,10004,579,16.00,429.67,16.00,481.00,0
POS,10020,594,16.00,484.67
POS,10037,595,16.00,488.33
TRACE,10037,581,16.00,437.00,16.00,488.33,0
POS,10054,596,16.00,492.00
POS,10070,597,16.00,495.67
TRACE,10079,584,16.00,448.00,16.00,495.67,0
POS,10087,598,16.00,499.33
POS,10104,599,16.00,503.00
TRACE,10104,586,16.00,455.33,16.00,503.00,0
POS,10120,600,16.00,506.67
[INPUT] t=10137 dash key pressed (tick 601)
[DASH] t=10137 mode=PREDICTION local response=0.0 ms (key -> first predicted dash tick)
POS,10137,601,16.00,521.67
TRACE,10137,588,16.00,462.67,16.00,521.67,0
POS,10153,602,16.00,536.67
POS,10170,603,16.00,551.67
TRACE,10170,590,16.00,470.00,16.00,551.67,0
POS,10187,604,16.00,566.67
POS,10204,605,16.00,581.67
TRACE,10204,592,16.00,477.33,16.00,581.67,0
POS,10220,606,16.00,596.67
POS,10237,607,16.00,611.67
TRACE,10245,594,16.00,484.67,16.00,611.67,0
POS,10254,608,16.00,626.67
POS,10270,609,16.00,641.67
TRACE,10270,595,16.00,488.33,16.00,641.67,0
POS,10287,610,16.00,656.67
POS,10304,611,16.00,671.67
TRACE,10312,598,16.00,499.33,16.00,671.67,0
POS,10320,612,16.00,675.33
POS,10337,613,16.00,679.00
TRACE,10337,600,16.00,506.67,16.00,679.00,0
POS,10354,614,16.00,682.67
POS,10370,615,16.00,686.33
[DASH] t=10370 mode=PREDICTION server-confirmed/visible response=233.5 ms
TRACE,10370,602,16.00,536.67,16.00,686.33,0
POS,10387,616,16.00,690.00
POS,10403,617,16.00,693.67
TRACE,10404,603,16.00,551.67,16.00,693.67,0
POS,10420,618,16.00,697.33
POS,10437,619,16.00,701.00
TRACE,10438,605,16.00,581.67,16.00,701.00,0
POS,10453,620,16.00,704.00
POS,10470,621,16.00,704.00
TRACE,10470,608,16.00,626.67,16.00,704.00,0
POS,10487,622,16.00,704.00
POS,10503,623,16.00,704.00
TRACE,10512,610,16.00,656.67,16.00,704.00,0
POS,10520,624,16.00,704.00
POS,10537,625,16.00,704.00
TRACE,10545,611,16.00,671.67,16.00,704.00,0
POS,10553,626,16.00,704.00
POS,10570,627,16.00,704.00
TRACE,10570,613,16.00,679.00,16.00,704.00,0
POS,10587,628,16.00,704.00
POS,10603,629,16.00,704.00
TRACE,10604,616,16.00,690.00,16.00,704.00,0
POS,10620,630,16.00,704.00
POS,10637,631,16.00,704.00
TRACE,10645,618,16.00,697.33,16.00,704.00,0
POS,10654,632,16.00,704.00
POS,10670,633,16.00,704.00
TRACE,10670,620,16.00,704.00,16.00,704.00,0
POS,10687,634,16.00,704.00
POS,10703,635,16.00,704.00
TRACE,10704,622,16.00,704.00,16.00,704.00,0
POS,10720,636,16.00,704.00
POS,10737,637,16.00,704.00
TRACE,10737,624,16.00,704.00,16.00,704.00,0
POS,10753,638,16.00,704.00
POS,10770,639,16.00,704.00
TRACE,10770,626,16.00,704.00,16.00,704.00,0
POS,10787,640,16.00,704.00
POS,10803,641,16.00,704.00
TRACE,10804,627,16.00,704.00,16.00,704.00,0
POS,10820,642,16.00,704.00
POS,10837,643,16.00,704.00
TRACE,10837,629,16.00,704.00,16.00,704.00,0
POS,10853,644,16.00,704.00
POS,10870,645,16.00,704.00
TRACE,10870,631,16.00,704.00,16.00,704.00,0
POS,10887,646,16.00,704.00
POS,10903,647,16.00,704.00
TRACE,10904,634,16.00,704.00,16.00,704.00,0
POS,10920,648,16.00,704.00
POS,10937,649,16.00,704.00
TRACE,10937,636,16.00,704.00,16.00,704.00,0
POS,10953,650,16.00,704.00
POS,10970,651,16.00,704.00
TRACE,10970,638,16.00,704.00,16.00,704.00,0
POS,10987,652,16.00,704.00
POS,11003,653,16.00,704.00
TRACE,11004,640,16.00,704.00,16.00,704.00,0
POS,11020,654,16.00,704.00
POS,11037,655,16.00,704.00
TRACE,11037,641,16.00,704.00,16.00,704.00,0
POS,11053,656,16.00,704.00
POS,11070,657,16.00,704.00
TRACE,11070,644,16.00,704.00,16.00,704.00,0
POS,11087,658,16.00,704.00
POS,11103,659,16.00,704.00
TRACE,11112,646,16.00,704.00,16.00,704.00,0
POS,11120,660,16.00,704.00
POS,11137,661,16.00,704.00
TRACE,11137,648,16.00,704.00,16.00,704.00,0
POS,11153,662,16.00,704.00
POS,11170,663,16.00,704.00
TRACE,11170,650,16.00,704.00,16.00,704.00,0
POS,11187,664,16.00,704.00
POS,11203,665,16.00,704.00
TRACE,11204,652,16.00,704.00,16.00,704.00,0
POS,11221,666,16.00,704.00
POS,11237,667,16.00,704.00
TRACE,11237,653,16.00,704.00,16.00,704.00,0
POS,11253,668,16.00,704.00
POS,11270,669,16.00,704.00
TRACE,11270,656,16.00,704.00,16.00,704.00,0
POS,11287,670,16.00,704.00
POS,11303,671,16.00,704.00
TRACE,11312,658,16.00,704.00,16.00,704.00,0
POS,11320,672,16.00,704.00
POS,11337,673,16.00,704.00
TRACE,11337,660,16.00,704.00,16.00,704.00,0
POS,11354,674,16.00,704.00
POS,11370,675,16.00,704.00
TRACE,11378,662,16.00,704.00,16.00,704.00,0
POS,11387,676,16.00,704.00
POS,11403,677,16.00,704.00
TRACE,11404,664,16.00,704.00,16.00,704.00,0
POS,11420,678,16.00,704.00
POS,11437,679,16.00,704.00
TRACE,11437,665,16.00,704.00,16.00,704.00,0
POS,11453,680,16.00,704.00
POS,11470,681,16.00,704.00
TRACE,11470,668,16.00,704.00,16.00,704.00,0
POS,11487,682,16.00,704.00
POS,11503,683,16.00,704.00
TRACE,11504,669,16.00,704.00,16.00,704.00,0
POS,11520,684,16.00,704.00
POS,11537,685,16.00,704.00
TRACE,11537,672,16.00,704.00,16.00,704.00,0
POS,11553,686,16.00,704.00
POS,11570,687,16.00,704.00
TRACE,11570,673,16.00,704.00,16.00,704.00,0
POS,11587,688,16.00,704.00
POS,11604,689,16.00,704.00
TRACE,11604,676,16.00,704.00,16.00,704.00,0
POS,11620,690,16.00,704.00
POS,11637,691,16.00,704.00
TRACE,11637,677,16.00,704.00,16.00,704.00,0
POS,11653,692,16.00,704.00
POS,11670,693,16.00,704.00
TRACE,11678,680,16.00,704.00,16.00,704.00,0
POS,11687,694,16.00,704.00
POS,11703,695,16.00,704.00
TRACE,11704,681,16.00,704.00,16.00,704.00,0
POS,11720,696,16.00,704.00
POS,11737,697,16.00,704.00
TRACE,11745,684,16.00,704.00,16.00,704.00,0
POS,11753,698,16.00,704.00
POS,11770,699,16.00,704.00
TRACE,11770,686,16.00,704.00,16.00,704.00,0
POS,11787,700,16.00,704.00
POS,11803,701,16.00,704.00
TRACE,11812,688,16.00,704.00,16.00,704.00,0
POS,11820,702,16.00,704.00
POS,11837,703,16.00,704.00
TRACE,11837,690,16.00,704.00,16.00,704.00,0
POS,11853,704,16.00,704.00
POS,11870,705,16.00,704.00
TRACE,11870,692,16.00,704.00,16.00,704.00,0
POS,11887,706,16.00,704.00
POS,11904,707,16.00,704.00
TRACE,11904,694,16.00,704.00,16.00,704.00,0
POS,11920,708,16.00,704.00
POS,11937,709,16.00,704.00
TRACE,11937,695,16.00,704.00,16.00,704.00,0
POS,11953,710,16.00,704.00
POS,11970,711,16.00,704.00
TRACE,11970,698,16.00,704.00,16.00,704.00,0
POS,11987,712,16.00,704.00
POS,12003,713,16.00,704.00
TRACE,12012,700,16.00,704.00,16.00,704.00,0
POS,12020,714,16.00,704.00
POS,12037,715,16.00,704.00
TRACE,12037,702,16.00,704.00,16.00,704.00,0
POS,12053,716,16.00,704.00
POS,12070,717,16.00,704.00
TRACE,12070,703,16.00,704.00,16.00,704.00,0
POS,12087,718,16.00,704.00
POS,12104,719,16.00,704.00
TRACE,12104,706,16.00,704.00,16.00,704.00,0
POS,12120,720,16.00,704.00
POS,12137,721,16.00,704.00
TRACE,12145,708,16.00,704.00,16.00,704.00,0
POS,12153,722,16.00,704.00
POS,12170,723,16.00,704.00
TRACE,12178,710,16.00,704.00,16.00,704.00,0
POS,12187,724,16.00,704.00
POS,12203,725,16.00,704.00
TRACE,12204,711,16.00,704.00,16.00,704.00,0
POS,12220,726,16.00,704.00
POS,12237,727,16.00,704.00
TRACE,12237,714,16.00,704.00,16.00,704.00,0
POS,12253,728,16.00,704.00
POS,12270,729,16.00,704.00
TRACE,12270,715,16.00,704.00,16.00,704.00,0
POS,12287,730,16.00,704.00
POS,12303,731,16.00,704.00
TRACE,12304,718,16.00,704.00,16.00,704.00,0
POS,12320,732,16.00,704.00
POS,12337,733,16.00,704.00
TRACE,12345,719,16.00,704.00,16.00,704.00,0
POS,12353,734,16.00,704.00
POS,12370,735,16.00,704.00
TRACE,12370,721,16.00,704.00,16.00,704.00,0
POS,12387,736,16.00,704.00
POS,12403,737,16.00,704.00
TRACE,12404,723,16.00,704.00,16.00,704.00,0
POS,12420,738,16.00,704.00
POS,12437,739,16.00,704.00
TRACE,12437,726,16.00,704.00,16.00,704.00,0
POS,12453,740,16.00,704.00
POS,12470,741,16.00,704.00
TRACE,12478,728,16.00,704.00,16.00,704.00,0
POS,12487,742,16.00,704.00
POS,12503,743,16.00,704.00
TRACE,12504,730,16.00,704.00,16.00,704.00,0
POS,12520,744,16.00,704.00
POS,12537,745,16.00,704.00
TRACE,12537,731,16.00,704.00,16.00,704.00,0
POS,12553,746,16.00,704.00
POS,12570,747,16.00,704.00
TRACE,12570,734,16.00,704.00,16.00,704.00,0
POS,12587,748,16.00,704.00
POS,12603,749,16.00,704.00
TRACE,12604,736,16.00,704.00,16.00,704.00,0
POS,12620,750,16.00,704.00
POS,12637,751,16.00,704.00
TRACE,12637,738,16.00,704.00,16.00,704.00,0
POS,12653,752,16.00,704.00
POS,12670,753,16.00,704.00
TRACE,12670,739,16.00,704.00,16.00,704.00,0
POS,12687,754,16.00,704.00
POS,12703,755,16.00,704.00
TRACE,12704,742,16.00,704.00,16.00,704.00,0
POS,12720,756,16.00,704.00
POS,12737,757,16.00,704.00
TRACE,12737,744,16.00,704.00,16.00,704.00,0
POS,12753,758,16.00,704.00
POS,12770,759,16.00,704.00
TRACE,12770,746,16.00,704.00,16.00,704.00,0
POS,12787,760,16.00,704.00
POS,12803,761,16.00,704.00
TRACE,12804,748,16.00,704.00,16.00,704.00,0
POS,12820,762,16.00,704.00
POS,12837,763,16.00,704.00
TRACE,12837,750,16.00,704.00,16.00,704.00,0
POS,12853,764,16.00,704.00
POS,12870,765,16.00,704.00
TRACE,12870,751,16.00,704.00,16.00,704.00,0
POS,12887,766,16.00,704.00
POS,12903,767,16.00,704.00
TRACE,12912,754,16.00,704.00,16.00,704.00,0
POS,12920,768,16.00,704.00
POS,12937,769,16.00,704.00
TRACE,12937,755,16.00,704.00,16.00,704.00,0
POS,12953,770,16.00,704.00
POS,12970,771,16.00,704.00
TRACE,12970,758,16.00,704.00,16.00,704.00,0
POS,12987,772,16.00,704.00
POS,13004,773,16.00,704.00
TRACE,13004,760,16.00,704.00,16.00,704.00,0
POS,13020,774,16.00,704.00
POS,13037,775,16.00,704.00
TRACE,13037,762,16.00,704.00,16.00,704.00,0
POS,13053,776,16.00,704.00
POS,13070,777,16.00,704.00
TRACE,13078,764,16.00,704.00,16.00,704.00,0
POS,13087,778,16.00,704.00
POS,13104,779,16.00,704.00
TRACE,13112,765,16.00,704.00,16.00,704.00,0
POS,13120,780,16.00,704.00
POS,13137,781,16.00,704.00
TRACE,13145,767,16.00,704.00,16.00,704.00,0
POS,13153,782,16.00,704.00
POS,13170,783,16.00,704.00
TRACE,13178,770,16.00,704.00,16.00,704.00,0
POS,13187,784,16.00,704.00
POS,13204,785,16.00,704.00
TRACE,13212,772,16.00,704.00,16.00,704.00,0
POS,13220,786,16.00,704.00
POS,13237,787,16.00,704.00
TRACE,13245,774,16.00,704.00,16.00,704.00,0
POS,13253,788,16.00,704.00
POS,13270,789,16.00,704.00
POS,13287,790,16.00,704.00
TRACE,13287,776,16.00,704.00,16.00,704.00,0
POS,13303,791,16.00,704.00
POS,13320,792,16.00,704.00
TRACE,13328,779,16.00,704.00,16.00,704.00,0
POS,13337,793,16.00,704.00
POS,13354,794,16.00,704.00
TRACE,13354,780,16.00,704.00,16.00,704.00,0
POS,13370,795,16.00,704.00
POS,13387,796,16.00,704.00
TRACE,13387,782,16.00,704.00,16.00,704.00,0
POS,13403,797,16.00,704.00
POS,13420,798,16.00,704.00
TRACE,13420,785,16.00,704.00,16.00,704.00,0
POS,13437,799,16.00,704.00
POS,13453,800,16.00,704.00
TRACE,13462,787,16.00,704.00,16.00,704.00,0
POS,13470,801,16.00,704.00
POS,13487,802,16.00,704.00
TRACE,13487,789,16.00,704.00,16.00,704.00,0
POS,13503,803,16.00,704.00
POS,13520,804,16.00,704.00
TRACE,13520,791,16.00,704.00,16.00,704.00,0
POS,13537,805,16.00,704.00
POS,13553,806,16.00,704.00
TRACE,13562,793,16.00,704.00,16.00,704.00,0
POS,13570,807,16.00,704.00
POS,13587,808,16.00,704.00
TRACE,13595,795,16.00,704.00,16.00,704.00,0
POS,13603,809,16.00,704.00
POS,13620,810,16.00,704.00
TRACE,13628,797,16.00,704.00,16.00,704.00,0
POS,13637,811,16.00,704.00
POS,13653,812,16.00,704.00
TRACE,13654,799,16.00,704.00,16.00,704.00,0
POS,13670,813,16.00,704.00
POS,13687,814,16.00,704.00
TRACE,13687,801,16.00,704.00,16.00,704.00,0
POS,13704,815,16.00,704.00
POS,13720,816,16.00,704.00
TRACE,13720,802,16.00,704.00,16.00,704.00,0
POS,13737,817,16.00,704.00
POS,13753,818,16.00,704.00
TRACE,13754,804,16.00,704.00,16.00,704.00,0
POS,13770,819,16.00,704.00
POS,13787,820,16.00,704.00
TRACE,13787,807,16.00,704.00,16.00,704.00,0
POS,13803,821,16.00,704.00
POS,13820,822,16.00,704.00
TRACE,13820,809,16.00,704.00,16.00,704.00,0
POS,13837,823,16.00,704.00
POS,13853,824,16.00,704.00
TRACE,13862,811,16.00,704.00,16.00,704.00,0
POS,13870,825,16.00,704.00
POS,13887,826,16.00,704.00
TRACE,13895,812,16.00,704.00,16.00,704.00,0
POS,13903,827,16.00,704.00
POS,13920,828,16.00,704.00
TRACE,13920,814,16.00,704.00,16.00,704.00,0
POS,13937,829,16.00,704.00
POS,13953,830,16.00,704.00
TRACE,13954,817,16.00,704.00,16.00,704.00,0
POS,13970,831,16.00,704.00
POS,13987,832,16.00,704.00
TRACE,13987,819,16.00,704.00,16.00,704.00,0
POS,14003,833,16.00,704.00
POS,14020,834,16.00,704.00
TRACE,14020,821,16.00,704.00,16.00,704.00,0
POS,14037,835,16.00,704.00
POS,14053,836,16.00,704.00
TRACE,14053,822,16.00,704.00,16.00,704.00,0
POS,14070,837,16.00,704.00
POS,14087,838,16.00,704.00
TRACE,14087,824,16.00,704.00,16.00,704.00,0
POS,14103,839,16.00,704.00
POS,14120,840,16.00,704.00
TRACE,14120,827,16.00,704.00,16.00,704.00,0
POS,14137,841,16.00,704.00
POS,14153,842,16.00,704.00
TRACE,14153,829,16.00,704.00,16.00,704.00,0
POS,14170,843,16.00,704.00
POS,14187,844,16.00,704.00
TRACE,14187,831,16.00,704.00,16.00,704.00,0
POS,14203,845,16.00,704.00
POS,14220,846,16.00,704.00
TRACE,14220,832,16.00,704.00,16.00,704.00,0
POS,14237,847,16.00,704.00
POS,14253,848,16.00,704.00
TRACE,14253,835,16.00,704.00,16.00,704.00,0
POS,14270,849,16.00,704.00
POS,14287,850,16.00,704.00
TRACE,14287,837,16.00,704.00,16.00,704.00,0
POS,14303,851,16.00,704.00
POS,14320,852,16.00,704.00
TRACE,14328,839,16.00,704.00,16.00,704.00,0
POS,14337,853,16.00,704.00
POS,14353,854,16.00,704.00
TRACE,14353,841,16.00,704.00,16.00,704.00,0
POS,14370,855,16.00,704.00
POS,14387,856,16.00,704.00
TRACE,14387,842,16.00,704.00,16.00,704.00,0
POS,14403,857,16.00,704.00
POS,14420,858,16.00,704.00
TRACE,14420,844,16.00,704.00,16.00,704.00,0
POS,14437,859,16.00,704.00
POS,14453,860,16.00,704.00
TRACE,14454,846,16.00,704.00,16.00,704.00,0
POS,14470,861,16.00,704.00
POS,14487,862,16.00,704.00
TRACE,14487,849,16.00,704.00,16.00,704.00,0
POS,14503,863,16.00,704.00
POS,14520,864,16.00,704.00
TRACE,14520,851,16.00,704.00,16.00,704.00,0
POS,14537,865,16.00,704.00
POS,14553,866,16.00,704.00
TRACE,14553,853,16.00,704.00,16.00,704.00,0
POS,14570,867,16.00,704.00
POS,14587,868,16.00,704.00
TRACE,14587,854,16.00,704.00,16.00,704.00,0
POS,14603,869,16.00,704.00
POS,14620,870,16.00,704.00
TRACE,14620,857,16.00,704.00,16.00,704.00,0
POS,14637,871,16.00,704.00
POS,14653,872,16.00,704.00
TRACE,14654,859,16.00,704.00,16.00,704.00,0
POS,14670,873,16.00,704.00
POS,14687,874,16.00,704.00
TRACE,14695,861,16.00,704.00,16.00,704.00,0
POS,14703,875,16.00,704.00
POS,14720,876,16.00,704.00
TRACE,14720,863,16.00,704.00,16.00,704.00,0
POS,14737,877,16.00,704.00
POS,14753,878,16.00,704.00
TRACE,14754,865,16.00,704.00,16.00,704.00,0
POS,14770,879,16.00,704.00
POS,14787,880,16.00,704.00
TRACE,14787,867,16.00,704.00,16.00,704.00,0
POS,14803,881,16.00,704.00
POS,14820,882,16.00,704.00
TRACE,14820,868,16.00,704.00,16.00,704.00,0
POS,14837,883,16.00,704.00
POS,14853,884,16.00,704.00
TRACE,14854,871,16.00,704.00,16.00,704.00,0
POS,14870,885,16.00,704.00
POS,14887,886,16.00,704.00
TRACE,14887,873,16.00,704.00,16.00,704.00,0
POS,14903,887,16.00,704.00
POS,14920,888,16.00,704.00
TRACE,14920,875,16.00,704.00,16.00,704.00,0
POS,14937,889,16.00,704.00
[RESULT] role=client predict_dash=true lag=100 jitter=0 loss=0.0
[RESULT] corrections=0 max_error_px=0.00 last_error_px=0.00 rejects_seen=0 snapshots_in=444
[RESULT] local_response_ms=[0.0, 0.0, 0.0]
[RESULT] confirm_response_ms=[233.576, 241.834, 233.505000000001]
[RESULT] net_sent=889 net_dropped=0 final_pred_vs_server_px=0.000
