[NET] CLIENT connecting to 127.0.0.1, predict_dash=true lag=175 jitter=25 loss=4.0%
[NET] welcome: my_id=626869725 spawn=(120.0, 360.0)
POS,221,1,120.00,360.00
POS,238,2,120.00,360.00
POS,254,3,120.00,360.00
TRACE,262,0,120.00,360.00,120.00,360.00,0
POS,271,4,120.00,360.00
TRACE,271,0,120.00,360.00,120.00,360.00,0
POS,287,5,120.00,360.00
TRACE,296,0,120.00,360.00,120.00,360.00,0
POS,304,6,120.00,360.00
POS,321,7,120.00,360.00
POS,337,8,120.00,360.00
POS,354,9,120.00,360.00
TRACE,354,0,120.00,360.00,120.00,360.00,0
POS,371,10,120.00,360.00
POS,387,11,120.00,360.00
TRACE,388,0,120.00,360.00,120.00,360.00,0
POS,404,12,120.00,360.00
POS,421,13,120.00,360.00
TRACE,429,0,120.00,360.00,120.00,360.00,0
TRACE,429,0,120.00,360.00,120.00,360.00,0
POS,438,14,120.00,360.00
POS,454,15,120.00,360.00
POS,471,16,120.00,360.00
TRACE,471,0,120.00,360.00,120.00,360.00,0
POS,488,17,120.00,360.00
POS,504,18,120.00,360.00
POS,521,19,120.00,360.00
TRACE,529,0,120.00,360.00,120.00,360.00,0
POS,537,20,120.00,360.00
POS,554,21,120.00,360.00
POS,571,22,120.00,360.00
TRACE,579,0,120.00,360.00,120.00,360.00,0
POS,588,23,120.00,360.00
TRACE,588,1,120.00,360.00,120.00,360.00,0
POS,604,24,120.00,360.00
POS,621,25,120.00,360.00
POS,637,26,120.00,360.00
TRACE,638,4,120.00,360.00,120.00,360.00,0
POS,654,27,120.00,360.00
POS,671,28,120.00,360.00
POS,687,29,120.00,360.00
POS,704,30,120.00,360.00
TRACE,704,6,120.00,360.00,120.00,360.00,0
POS,721,31,122.59,362.59
TRACE,729,7,120.00,360.00,122.59,362.59,0
POS,737,32,125.19,365.19
TRACE,746,10,120.00,360.00,125.19,365.19,0
POS,754,33,127.78,367.78
POS,771,34,130.37,370.37
TRACE,771,12,120.00,360.00,130.37,370.37,0
POS,787,35,132.96,372.96
POS,804,36,135.56,375.56
POS,821,37,138.15,378.15
TRACE,829,13,120.00,360.00,138.15,378.15,0
POS,837,38,140.74,380.74
TRACE,846,17,120.00,360.00,140.74,380.74,0
POS,854,39,143.33,383.33
POS,871,40,145.93,385.93
TRACE,871,17,120.00,360.00,145.93,385.93,0
POS,887,41,148.52,388.52
POS,904,42,151.11,391.11
POS,921,43,153.71,393.71
TRACE,921,21,120.00,360.00,153.71,393.71,0
POS,937,44,156.30,396.30
POS,954,45,158.89,398.89
POS,971,46,161.48,401.48
TRACE,971,23,120.00,360.00,161.48,401.48,0
POS,987,47,164.08,404.08
TRACE,996,25,120.00,360.00,164.08,404.08,0
POS,1004,48,166.67,406.67
TRACE,1012,26,120.00,360.00,166.67,406.67,0
POS,1021,49,169.26,409.26
POS,1037,50,171.85,411.85
POS,1054,51,174.45,414.45
POS,1071,52,177.04,417.04
POS,1087,53,179.63,419.63
TRACE,1088,29,120.00,360.00,179.63,419.63,0
TRACE,1096,32,125.19,365.19,179.63,419.63,0
POS,1104,54,182.23,422.23
POS,1121,55,184.82,424.82
POS,1137,56,187.41,427.41
TRACE,1146,34,130.37,370.37,187.41,427.41,0
POS,1154,57,190.00,430.00
POS,1171,58,192.60,432.60
TRACE,1171,35,132.96,372.96,192.60,432.60,0
POS,1187,59,195.19,435.19
TRACE,1196,39,143.33,383.33,195.19,435.19,0
POS,1204,60,197.78,437.78
[INPUT] t=1221 dash key pressed (tick 61)
[DASH] t=1221 mode=PREDICTION local response=0.0 ms (key -> first predicted dash tick)
POS,1221,61,208.39,448.39
POS,1237,62,219.00,458.99
POS,1254,63,229.60,469.60
TRACE,1254,40,145.93,385.93,229.60,469.60,0
POS,1271,64,240.21,480.21
TRACE,1279,42,151.11,391.11,240.21,480.21,0
POS,1287,65,250.81,490.81
POS,1304,66,261.42,501.42
TRACE,1304,45,158.89,398.89,261.42,501.42,0
POS,1321,67,272.03,512.03
POS,1337,68,282.63,522.63
POS,1354,69,293.24,533.24
POS,1371,70,303.85,543.85
TRACE,1371,49,169.26,409.26,303.85,543.85,0
POS,1388,71,314.45,544.00
POS,1404,72,317.05,544.00
POS,1421,73,319.64,544.00
TRACE,1421,49,169.26,409.26,319.64,544.00,0
POS,1437,74,322.23,544.00
TRACE,1446,52,177.04,417.04,322.23,544.00,0
POS,1454,75,324.83,544.00
POS,1471,76,327.42,544.00
POS,1487,77,330.01,544.00
TRACE,1496,54,182.23,422.23,330.01,544.00,0
POS,1504,78,332.60,544.00
POS,1521,79,335.20,544.00
TRACE,1529,58,192.60,432.60,335.20,544.00,0
TRACE,1529,56,192.60,432.60,335.20,544.00,0
POS,1537,80,337.79,544.00
POS,1554,81,340.38,544.00
POS,1571,82,342.97,544.00
POS,1587,83,345.57,544.00
TRACE,1596,60,197.78,437.78,345.57,544.00,0
POS,1604,84,348.16,544.00
POS,1621,85,350.75,544.00
[DASH] t=1629 mode=PREDICTION server-confirmed/visible response=408.2 ms
TRACE,1629,63,229.60,469.60,350.75,544.00,0
POS,1637,86,353.35,544.00
POS,1654,87,355.94,544.00
TRACE,1662,64,240.21,480.21,355.94,544.00,0
POS,1671,88,358.53,544.00
TRACE,1671,66,261.42,501.42,358.53,544.00,0
POS,1687,89,361.34,544.06
POS,1704,90,364.52,544.65
TRACE,1704,69,293.24,533.24,364.52,544.65,0
[INPUT] t=1721 dash key pressed (tick 91)
POS,1721,91,367.79,546.02
POS,1738,92,370.78,548.18
POS,1754,93,373.37,550.77
TRACE,1754,70,303.85,543.85,373.37,550.77,0
TRACE,1762,71,314.45,544.00,373.37,550.77,0
POS,1771,94,375.97,553.36
POS,1787,95,378.56,555.96
POS,1804,96,381.15,558.55
POS,1821,97,383.74,561.14
POS,1837,98,386.34,563.73
TRACE,1838,74,322.23,544.00,386.34,563.73,0
TRACE,1846,75,324.83,544.00,386.34,563.73,0
POS,1854,99,388.93,566.33
POS,1871,100,391.52,568.92
TRACE,1871,79,335.20,544.00,391.52,568.92,0
POS,1887,101,394.12,571.51
POS,1904,102,396.71,574.11
POS,1921,103,399.30,576.70
TRACE,1929,81,340.38,544.00,399.30,576.70,0
POS,1937,104,401.89,579.29
POS,1954,105,404.49,581.88
POS,1971,106,407.08,584.48
POS,1987,107,409.67,587.07
TRACE,1996,85,350.75,544.00,409.67,587.07,0
POS,2004,108,412.26,589.66
POS,2021,109,414.86,592.25
POS,2037,110,417.45,594.85
TRACE,2038,87,355.94,544.00,417.45,594.85,0
TRACE,2046,89,361.34,544.06,417.45,594.85,0
POS,2054,111,420.04,597.44
POS,2071,112,422.64,600.03
[DASH] t=2071 REJECTED by server: reason=cooldown (350.2 ms after key press)
TRACE,2071,91,367.79,546.02,422.64,600.03,0
POS,2087,113,425.23,602.62
POS,2104,114,427.82,605.22
TRACE,2104,92,370.78,548.18,427.82,605.22,0
POS,2121,115,430.41,607.81
POS,2137,116,433.01,610.40
TRACE,2146,94,375.97,553.36,433.01,610.40,0
POS,2154,117,435.60,613.00
POS,2171,118,438.19,615.59
POS,2187,119,440.78,618.18
POS,2204,120,443.38,620.77
TRACE,2204,94,375.97,553.36,443.38,620.77,0
POS,2221,121,439.71,620.77
POS,2237,122,436.04,620.77
TRACE,2238,98,386.34,563.73,436.04,620.77,0
POS,2254,123,432.38,620.77
TRACE,2254,100,391.52,568.92,432.38,620.77,0
POS,2271,124,428.71,620.77
POS,2287,125,425.04,620.77
TRACE,2288,101,394.12,571.51,425.04,620.77,0
TRACE,2296,105,404.49,581.88,425.04,620.77,0
POS,2304,126,421.38,620.77
POS,2321,127,417.71,620.77
POS,2337,128,414.04,620.77
POS,2354,129,410.38,620.77
POS,2371,130,406.71,620.77
TRACE,2371,107,409.67,587.07,406.71,620.77,0
TRACE,2371,106,409.67,587.07,406.71,620.77,0
POS,2387,131,403.04,620.77
POS,2404,132,399.38,620.77
POS,2421,133,395.71,620.77
TRACE,2429,112,422.64,600.03,395.71,620.77,0
POS,2437,134,392.04,620.77
TRACE,2438,110,422.64,600.03,392.04,620.77,0
POS,2454,135,388.38,620.77
POS,2471,136,384.71,620.77
POS,2487,137,381.04,620.77
POS,2504,138,377.38,620.77
TRACE,2505,114,427.82,605.22,377.38,620.77,0
POS,2521,139,373.71,620.77
POS,2537,140,370.04,620.77
TRACE,2538,117,435.60,613.00,370.04,620.77,0
TRACE,2538,117,435.60,613.00,370.04,620.77,0
POS,2554,141,366.38,620.77
POS,2571,142,362.71,620.77
POS,2587,143,359.04,620.77
POS,2604,144,355.38,620.77
TRACE,2604,119,440.78,618.18,355.38,620.77,0
TRACE,2612,123,432.38,620.77,355.38,620.77,0
POS,2621,145,351.71,620.77
POS,2637,146,348.04,620.77
TRACE,2646,123,432.38,620.77,348.04,620.77,0
POS,2654,147,344.38,620.77
POS,2671,148,340.71,620.77
POS,2687,149,337.04,620.77
POS,2704,150,333.38,620.77
TRACE,2704,126,421.38,620.77,333.38,620.77,0
POS,2721,151,329.71,620.77
POS,2737,152,326.04,620.77
POS,2754,153,322.38,620.77
TRACE,2754,130,406.71,620.77,322.38,620.77,0
POS,2771,154,318.71,620.77
TRACE,2779,131,403.04,620.77,318.71,620.77,0
POS,2787,155,315.04,620.77
POS,2804,156,311.38,620.77
TRACE,2812,134,392.04,620.77,311.38,620.77,0
POS,2821,157,307.71,620.77
POS,2837,158,304.04,620.77
POS,2854,159,300.38,620.77
TRACE,2862,137,381.04,620.77,300.38,620.77,0
POS,2871,160,296.71,620.77
POS,2887,161,293.04,620.77
POS,2904,162,289.38,620.77
TRACE,2904,137,381.04,620.77,289.38,620.77,0
TRACE,2912,141,366.38,620.77,289.38,620.77,0
POS,2921,163,285.71,620.77
POS,2937,164,282.04,620.77
POS,2954,165,278.38,620.77
POS,2971,166,274.71,620.77
TRACE,2971,143,359.04,620.77,274.71,620.77,0
TRACE,2971,144,355.38,620.77,274.71,620.77,0
POS,2987,167,271.04,620.77
POS,3004,168,267.38,620.77
POS,3021,169,263.71,620.77
TRACE,3030,146,348.04,620.77,263.71,620.77,0
POS,3037,170,260.04,620.77
POS,3054,171,256.38,620.77
POS,3071,172,252.71,620.77
TRACE,3071,147,344.38,620.77,252.71,620.77,0
TRACE,3071,151,329.71,620.77,252.71,620.77,0
POS,3089,173,249.04,620.77
POS,3104,174,245.38,620.77
POS,3121,175,241.71,620.77
TRACE,3121,152,326.04,620.77,241.71,620.77,0
POS,3137,176,238.04,620.77
TRACE,3138,154,318.71,620.77,238.04,620.77,0
POS,3154,177,234.38,620.77
TRACE,3155,156,311.38,620.77,234.38,620.77,0
POS,3171,178,230.71,620.77
POS,3187,179,227.04,620.77
POS,3204,180,223.38,620.77
POS,3221,181,219.71,620.77
POS,3237,182,216.04,620.77
TRACE,3238,159,300.38,620.77,216.04,620.77,0
TRACE,3238,159,300.38,620.77,216.04,620.77,0
POS,3254,183,212.38,620.77
POS,3271,184,208.71,620.77
POS,3287,185,205.04,620.77
POS,3304,186,201.38,620.77
TRACE,3304,162,289.38,620.77,201.38,620.77,0
POS,3321,187,197.71,620.77
TRACE,3329,162,289.38,620.77,197.71,620.77,0
TRACE,3329,166,274.71,620.77,197.71,620.77,0
POS,3337,188,194.04,620.77
POS,3354,189,190.38,620.77
POS,3371,190,186.71,620.77
TRACE,3371,169,263.71,620.77,186.71,620.77,0
POS,3387,191,183.04,620.77
POS,3404,192,179.38,620.77
TRACE,3412,169,263.71,620.77,179.38,620.77,0
POS,3421,193,175.71,620.77
POS,3437,194,172.04,620.77
TRACE,3446,172,252.71,620.77,172.04,620.77,0
POS,3454,195,168.38,620.77
POS,3471,196,164.71,620.77
POS,3487,197,161.04,620.77
POS,3504,198,157.38,620.77
TRACE,3504,174,245.38,620.77,157.38,620.77,0
POS,3521,199,153.71,620.77
TRACE,3529,176,238.04,620.77,153.71,620.77,0
POS,3537,200,150.04,620.77
POS,3554,201,146.38,620.77
POS,3571,202,142.71,620.77
TRACE,3571,179,227.04,620.77,142.71,620.77,0
TRACE,3571,178,227.04,620.77,142.71,620.77,0
POS,3587,203,139.04,620.77
POS,3604,204,135.38,620.77
POS,3621,205,131.71,620.77
POS,3637,206,128.04,620.77
TRACE,3637,183,212.38,620.77,128.04,620.77,0
TRACE,3638,182,212.38,620.77,128.04,620.77,0
POS,3654,207,124.38,620.77
POS,3671,208,120.71,620.77
POS,3688,209,117.04,620.77
TRACE,3688,187,197.71,620.77,117.04,620.77,0
POS,3704,210,113.38,620.77
POS,3721,211,109.71,620.77
POS,3737,212,106.04,620.77
POS,3754,213,102.38,620.77
TRACE,3754,190,186.71,620.77,102.38,620.77,0
POS,3771,214,98.71,620.77
POS,3787,215,95.04,620.77
TRACE,3787,193,175.71,620.77,95.04,620.77,0
POS,3804,216,91.38,620.77
POS,3821,217,87.71,620.77
TRACE,3821,197,161.04,620.77,87.71,620.77,0
POS,3837,218,84.04,620.77
TRACE,3837,194,161.04,620.77,84.04,620.77,0
POS,3854,219,80.38,620.77
POS,3871,220,76.71,620.77
POS,3887,221,73.04,620.77
TRACE,3896,197,161.04,620.77,73.04,620.77,0
POS,3904,222,69.38,620.77
TRACE,3904,201,146.38,620.77,69.38,620.77,0
POS,3921,223,65.71,620.77
POS,3938,224,62.04,620.77
POS,3954,225,58.38,620.77
TRACE,3963,202,142.71,620.77,58.38,620.77,0
POS,3971,226,54.71,620.77
POS,3987,227,51.04,620.77
POS,4004,228,47.38,620.77
POS,4021,229,43.71,620.77
POS,4037,230,40.04,620.77
TRACE,4037,206,128.04,620.77,40.04,620.77,0
POS,4054,231,36.38,620.77
TRACE,4054,208,120.71,620.77,36.38,620.77,0
POS,4071,232,32.71,620.77
POS,4087,233,29.04,620.77
TRACE,4087,209,117.04,620.77,29.04,620.77,0
POS,4104,234,25.38,620.77
TRACE,4112,211,109.71,620.77,25.38,620.77,0
POS,4121,235,21.71,620.77
POS,4137,236,18.04,620.77
POS,4154,237,16.00,620.77
TRACE,4154,214,98.71,620.77,16.00,620.77,0
POS,4171,238,16.00,620.77
POS,4187,239,16.00,620.77
TRACE,4187,215,95.04,620.77,16.00,620.77,0
POS,4204,240,16.00,620.77
TRACE,4212,219,80.38,620.77,16.00,620.77,0
POS,4221,241,16.00,620.77
POS,4237,242,16.00,620.77
POS,4254,243,16.00,620.77
POS,4271,244,16.00,620.77
TRACE,4271,219,80.38,620.77,16.00,620.77,0
TRACE,4279,223,65.71,620.77,16.00,620.77,0
POS,4287,245,16.00,620.77
POS,4304,246,16.00,620.77
POS,4321,247,16.00,620.77
TRACE,4321,223,65.71,620.77,16.00,620.77,0
TRACE,4329,225,58.38,620.77,16.00,620.77,0
POS,4337,248,16.00,620.77
POS,4354,249,16.00,620.77
POS,4371,250,16.00,620.77
TRACE,4379,227,51.04,620.77,16.00,620.77,0
POS,4387,251,16.00,620.77
TRACE,4389,229,43.71,620.77,16.00,620.77,0
POS,4404,252,16.00,620.77
POS,4421,253,16.00,620.77
POS,4437,254,16.00,620.77
POS,4454,255,16.00,620.77
POS,4472,256,16.00,620.77
TRACE,4472,235,21.71,620.77,16.00,620.77,0
TRACE,4472,231,21.71,620.77,16.00,620.77,0
POS,4487,257,16.00,620.77
TRACE,4496,236,18.04,620.77,16.00,620.77,0
POS,4504,258,16.00,620.77
POS,4521,259,16.00,620.77
POS,4537,260,16.00,620.77
POS,4554,261,16.00,617.11
POS,4571,262,16.00,613.44
TRACE,4571,239,16.00,620.77,16.00,613.44,0
POS,4587,263,16.00,609.77
TRACE,4589,241,16.00,620.77,16.00,609.77,0
POS,4604,264,16.00,606.11
POS,4621,265,16.00,602.44
TRACE,4621,241,16.00,620.77,16.00,602.44,0
POS,4637,266,16.00,598.77
POS,4654,267,16.00,595.11
TRACE,4662,244,16.00,620.77,16.00,595.11,0
POS,4671,268,16.00,591.44
TRACE,4671,246,16.00,620.77,16.00,591.44,0
POS,4687,269,16.00,587.77
POS,4704,270,16.00,584.11
POS,4721,271,16.00,580.44
TRACE,4721,249,16.00,620.77,16.00,580.44,0
POS,4737,272,16.00,576.77
TRACE,4746,250,16.00,620.77,16.00,576.77,0
POS,4754,273,16.00,573.11
POS,4771,274,16.00,569.44
POS,4787,275,16.00,565.77
POS,4804,276,16.00,562.11
TRACE,4804,252,16.00,620.77,16.00,562.11,0
TRACE,4812,253,16.00,620.77,16.00,562.11,0
POS,4821,277,16.00,558.44
POS,4837,278,16.00,554.77
POS,4854,279,16.00,551.11
TRACE,4854,257,16.00,620.77,16.00,551.11,0
POS,4871,280,16.00,547.44
TRACE,4879,259,16.00,620.77,16.00,547.44,0
POS,4887,281,16.00,543.77
POS,4904,282,16.00,540.11
POS,4921,283,16.00,536.44
TRACE,4921,259,16.00,620.77,16.00,536.44,0
POS,4937,284,16.00,532.77
TRACE,4946,261,16.00,617.11,16.00,532.77,0
POS,4954,285,16.00,529.11
POS,4971,286,16.00,525.44
POS,4987,287,16.00,521.77
POS,5004,288,16.00,518.11
TRACE,5004,264,16.00,606.11,16.00,518.11,0
TRACE,5012,265,16.00,602.44,16.00,518.11,0
POS,5021,289,16.00,514.44
POS,5037,290,16.00,510.77
TRACE,5046,268,16.00,591.44,16.00,510.77,0
POS,5054,291,16.00,507.11
POS,5071,292,16.00,503.44
POS,5087,293,16.00,499.77
TRACE,5088,269,16.00,587.77,16.00,499.77,0
POS,5104,294,16.00,496.11
TRACE,5104,272,16.00,576.77,16.00,496.11,0
POS,5121,295,16.00,492.44
POS,5137,296,16.00,488.77
POS,5154,297,16.00,485.11
TRACE,5154,273,16.00,573.11,16.00,485.11,0
POS,5171,298,16.00,481.44
TRACE,5179,276,16.00,562.11,16.00,481.44,0
POS,5187,299,16.00,477.77
POS,5204,300,16.00,474.11
TRACE,5212,276,16.00,562.11,16.00,474.11,0
[INPUT] t=5221 dash key pressed (tick 301)
[DASH] t=5221 mode=PREDICTION local response=0.0 ms (key -> first predicted dash tick)
POS,5222,301,16.00,459.11
TRACE,5226,280,16.00,547.44,16.00,459.11,0
POS,5237,302,16.00,444.11
POS,5255,303,16.00,429.11
POS,5271,304,16.00,414.11
POS,5287,305,16.00,399.11
TRACE,5296,283,16.00,536.44,16.00,399.11,0
POS,5304,306,16.00,384.11
POS,5321,307,16.00,369.11
POS,5338,308,16.00,354.11
TRACE,5346,287,16.00,521.77,16.00,354.11,0
POS,5354,309,16.00,339.11
POS,5371,310,16.00,324.11
TRACE,5371,289,16.00,514.44,16.00,324.11,0
POS,5387,311,16.00,309.11
TRACE,5388,290,16.00,510.77,16.00,309.11,0
POS,5404,312,16.00,305.44
POS,5421,313,16.00,301.77
POS,5437,314,16.00,298.11
TRACE,5438,290,16.00,510.77,16.00,298.11,0
POS,5454,315,16.00,294.44
POS,5471,316,16.00,290.77
POS,5487,317,16.00,287.11
TRACE,5487,294,16.00,496.11,16.00,287.11,0
POS,5504,318,16.00,283.44
POS,5521,319,16.00,279.77
POS,5537,320,16.00,276.11
TRACE,5537,296,16.00,488.77,16.00,276.11,0
TRACE,5546,299,16.00,477.77,16.00,276.11,0
[INPUT] t=5554 dash key pressed (tick 321)
POS,5554,321,16.00,272.44
POS,5571,322,16.00,268.77
[DASH] t=5579 mode=PREDICTION server-confirmed/visible response=358.1 ms
TRACE,5579,301,16.00,459.11,16.00,268.77,0
POS,5587,323,16.00,265.11
POS,5604,324,16.00,261.44
POS,5620,325,16.00,257.77
POS,5637,326,16.00,254.11
TRACE,5637,302,16.00,444.11,16.00,254.11,0
TRACE,5645,305,16.00,399.11,16.00,254.11,0
POS,5654,327,16.00,250.44
POS,5671,328,16.00,246.77
POS,5687,329,16.00,243.11
TRACE,5696,308,16.00,354.11,16.00,243.11,0
POS,5704,330,16.00,239.44
TRACE,5704,305,16.00,354.11,16.00,239.44,0
POS,5721,331,16.00,235.77
POS,5737,332,16.00,232.11
POS,5754,333,16.00,228.44
TRACE,5762,310,16.00,324.11,16.00,228.44,0
POS,5770,334,16.00,224.77
POS,5787,335,16.00,221.11
POS,5804,336,16.00,217.44
TRACE,5804,312,16.00,305.44,16.00,217.44,0
POS,5820,337,16.00,213.77
POS,5837,338,16.00,210.11
TRACE,5837,315,16.00,294.44,16.00,210.11,0
POS,5854,339,16.00,206.44
TRACE,5862,317,16.00,287.11,16.00,206.44,0
POS,5871,340,16.00,202.77
POS,5887,341,16.00,199.11
TRACE,5896,320,16.00,276.11,16.00,199.11,0
POS,5905,342,16.00,195.44
TRACE,5905,319,16.00,276.11,16.00,195.44,0
POS,5921,343,16.00,191.77
POS,5937,344,16.00,188.11
[DASH] t=5937 REJECTED by server: reason=cooldown (383.5 ms after key press)
TRACE,5938,322,16.00,268.77,16.00,188.11,0
POS,5954,345,16.00,184.44
POS,5971,346,16.00,180.77
TRACE,5971,322,16.00,268.77,16.00,180.77,0
POS,5987,347,16.00,177.11
POS,6004,348,16.00,173.44
POS,6021,349,16.00,169.77
POS,6037,350,16.00,166.11
TRACE,6038,327,16.00,250.44,16.00,166.11,0
POS,6054,351,16.00,162.44
POS,6071,352,16.00,158.77
TRACE,6071,327,16.00,250.44,16.00,158.77,0
POS,6087,353,16.00,155.11
TRACE,6087,330,16.00,239.44,16.00,155.11,0
POS,6104,354,16.00,151.44
TRACE,6104,331,16.00,235.77,16.00,151.44,0
POS,6121,355,16.00,147.77
TRACE,6121,335,16.00,221.11,16.00,147.77,0
POS,6137,356,16.00,144.11
POS,6154,357,16.00,140.44
POS,6171,358,16.00,136.77
TRACE,6171,337,16.00,213.77,16.00,136.77,0
POS,6187,359,16.00,133.11
POS,6204,360,16.00,129.44
POS,6221,361,16.00,125.77
TRACE,6229,339,16.00,206.44,16.00,125.77,0
POS,6237,362,16.00,122.11
POS,6254,363,16.00,118.44
TRACE,6262,341,16.00,199.11,16.00,118.44,0
POS,6270,364,16.00,114.77
TRACE,6271,342,16.00,195.44,16.00,114.77,0
POS,6287,365,16.00,111.11
POS,6304,366,16.00,107.44
POS,6321,367,16.00,103.77
POS,6337,368,16.00,100.11
TRACE,6338,345,16.00,184.44,16.00,100.11,0
TRACE,6346,346,16.00,180.77,16.00,100.11,0
POS,6354,369,16.00,96.44
POS,6371,370,16.00,92.77
TRACE,6372,349,16.00,169.77,16.00,92.77,0
POS,6387,371,16.00,89.11
POS,6404,372,16.00,85.44
TRACE,6404,349,16.00,169.77,16.00,85.44,0
POS,6421,373,16.00,81.77
POS,6438,374,16.00,78.11
POS,6454,375,16.00,74.44
TRACE,6462,352,16.00,158.77,16.00,74.44,0
TRACE,6464,354,16.00,151.44,16.00,74.44,0
POS,6471,376,16.00,70.77
POS,6487,377,16.00,67.11
POS,6504,378,16.00,63.44
TRACE,6504,356,16.00,144.11,16.00,63.44,0
POS,6521,379,16.00,59.77
TRACE,6529,358,16.00,136.77,16.00,59.77,0
POS,6537,380,16.00,56.11
POS,6554,381,16.00,52.44
POS,6570,382,16.00,48.77
TRACE,6579,361,16.00,125.77,16.00,48.77,0
POS,6587,383,16.00,45.11
POS,6604,384,16.00,41.44
TRACE,6604,361,16.00,125.77,16.00,41.44,0
POS,6621,385,16.00,37.77
POS,6637,386,16.00,34.11
POS,6654,387,16.00,30.44
TRACE,6662,367,16.00,103.77,16.00,30.44,0
TRACE,6663,364,16.00,103.77,16.00,30.44,0
POS,6671,388,16.00,26.77
POS,6687,389,16.00,23.11
POS,6704,390,16.00,19.44
POS,6721,391,16.00,16.00
TRACE,6729,368,16.00,100.11,16.00,16.00,0
POS,6737,392,16.00,16.00
POS,6754,393,16.00,16.00
TRACE,6754,371,16.00,89.11,16.00,16.00,0
POS,6771,394,16.00,16.00
TRACE,6771,373,16.00,81.77,16.00,16.00,0
POS,6787,395,16.00,16.00
POS,6804,396,16.00,16.00
POS,6821,397,16.00,16.00
POS,6837,398,16.00,16.00
TRACE,6838,376,16.00,70.77,16.00,16.00,0
POS,6854,399,16.00,16.00
POS,6871,400,16.00,16.00
TRACE,6871,379,16.00,59.77,16.00,16.00,0
POS,6887,401,19.52,17.04
POS,6904,402,23.03,18.08
TRACE,6904,381,16.00,52.44,23.03,18.08,0
POS,6921,403,26.55,19.11
POS,6937,404,30.07,20.15
TRACE,6946,382,16.00,48.77,30.07,20.15,0
POS,6954,405,33.58,21.19
POS,6971,406,37.10,22.23
POS,6987,407,40.62,23.26
TRACE,6996,384,16.00,41.44,40.62,23.26,0
POS,7004,408,44.13,24.30
POS,7020,409,47.65,25.34
POS,7037,410,51.17,26.38
TRACE,7037,385,16.00,37.77,51.17,26.38,0
POS,7054,411,54.68,27.42
TRACE,7062,389,16.00,23.11,54.68,27.42,0
TRACE,7062,388,16.00,23.11,54.68,27.42,0
POS,7070,412,58.20,28.45
POS,7087,413,61.72,29.49
TRACE,7096,393,16.00,16.00,61.72,29.49,0
POS,7104,414,65.23,30.53
POS,7121,415,68.75,31.57
POS,7137,416,72.27,32.60
TRACE,7138,394,16.00,16.00,72.27,32.60,0
POS,7154,417,75.78,33.64
POS,7171,418,79.30,34.68
TRACE,7179,394,16.00,16.00,79.30,34.68,0
POS,7187,419,82.82,35.72
POS,7204,420,86.34,36.75
POS,7220,421,89.85,37.79
TRACE,7221,398,16.00,16.00,89.85,37.79,0
POS,7237,422,93.37,38.83
POS,7254,423,96.89,39.87
POS,7271,424,100.40,40.91
TRACE,7271,401,19.52,17.04,100.40,40.91,0
TRACE,7271,402,23.03,18.08,100.40,40.91,0
POS,7287,425,103.92,41.94
POS,7304,426,107.44,42.98
TRACE,7312,404,30.07,20.15,107.44,42.98,0
POS,7320,427,110.95,44.02
POS,7337,428,114.47,45.06
POS,7354,429,117.99,46.09
TRACE,7362,405,33.58,21.19,117.99,46.09,0
POS,7371,430,121.50,47.13
TRACE,7371,407,40.62,23.26,121.50,47.13,0
POS,7387,431,125.02,48.17
TRACE,7395,408,44.13,24.30,125.02,48.17,0
POS,7404,432,128.54,49.21
POS,7421,433,132.05,50.25
POS,7437,434,135.57,51.28
POS,7454,435,139.09,52.32
POS,7471,436,142.60,53.36
TRACE,7471,412,58.20,28.45,142.60,53.36,0
TRACE,7471,415,68.75,31.57,142.60,53.36,0
POS,7487,437,146.12,54.40
POS,7504,438,149.64,55.43
TRACE,7505,417,75.78,33.64,149.64,55.43,0
POS,7521,439,153.15,56.47
POS,7537,440,156.67,57.51
TRACE,7547,418,79.30,34.68,156.67,57.51,0
POS,7554,441,160.19,58.55
TRACE,7562,419,82.82,35.72,160.19,58.55,0
POS,7571,442,163.70,59.58
POS,7587,443,167.22,60.62
POS,7604,444,170.74,61.66
POS,7620,445,174.25,62.70
TRACE,7629,421,89.85,37.79,174.25,62.70,0
POS,7637,446,177.77,63.74
POS,7654,447,181.29,64.77
TRACE,7654,424,100.40,40.91,181.29,64.77,0
TRACE,7662,426,107.44,42.98,181.29,64.77,0
POS,7670,448,184.80,65.81
POS,7687,449,188.32,66.85
POS,7704,450,191.84,67.89
TRACE,7704,427,110.95,44.02,191.84,67.89,0
POS,7720,451,195.35,68.92
TRACE,7729,431,125.02,48.17,195.35,68.92,0
POS,7737,452,198.87,69.96
POS,7754,453,202.39,71.00
POS,7770,454,205.90,72.04
POS,7787,455,209.42,73.08
POS,7804,456,212.94,74.11
TRACE,7804,433,132.05,50.25,212.94,74.11,0
POS,7820,457,216.45,75.15
TRACE,7821,435,139.09,52.32,216.45,75.15,0
POS,7837,458,219.97,76.19
TRACE,7846,436,142.60,53.36,219.97,76.19,0
POS,7854,459,223.49,77.23
TRACE,7862,438,149.64,55.43,223.49,77.23,0
POS,7871,460,227.01,78.26
POS,7887,461,230.52,79.30
POS,7904,462,234.04,80.34
POS,7921,463,237.56,81.38
TRACE,7929,441,160.19,58.55,237.56,81.38,0
POS,7937,464,241.07,82.41
POS,7954,465,244.59,83.45
TRACE,7954,442,163.70,59.58,244.59,83.45,0
POS,7970,466,248.11,84.49
TRACE,7971,445,174.25,62.70,248.11,84.49,0
POS,7987,467,251.62,85.53
POS,8004,468,255.14,86.57
POS,8020,469,258.66,87.60
TRACE,8029,447,181.29,64.77,258.66,87.60,0
POS,8037,470,262.17,88.64
TRACE,8045,448,184.80,65.81,262.17,88.64,0
POS,8054,471,265.69,89.68
POS,8070,472,269.21,90.72
POS,8087,473,272.72,91.75
TRACE,8095,450,191.84,67.89,272.72,91.75,0
POS,8104,474,276.24,92.79
POS,8120,475,279.76,93.83
TRACE,8121,452,198.87,69.96,279.76,93.83,0
POS,8137,476,283.27,94.87
POS,8154,477,286.79,95.91
TRACE,8162,456,212.94,74.11,286.79,95.91,0
POS,8170,478,290.31,96.94
POS,8187,479,293.82,97.98
POS,8204,480,297.34,99.02
POS,8220,481,300.86,100.06
TRACE,8221,459,223.49,77.23,300.86,100.06,0
POS,8237,482,304.37,101.09
POS,8254,483,307.89,102.13
TRACE,8254,461,230.52,79.30,307.89,102.13,0
POS,8271,484,311.41,103.17
POS,8287,485,314.92,104.21
POS,8304,486,318.44,105.24
TRACE,8313,463,237.56,81.38,318.44,105.24,0
POS,8320,487,321.96,106.28
POS,8337,488,325.47,107.32
POS,8354,489,328.99,108.36
TRACE,8354,467,251.62,85.53,328.99,108.36,0
POS,8370,490,332.51,109.40
POS,8387,491,336.02,110.43
TRACE,8387,467,251.62,85.53,336.02,110.43,0
POS,8404,492,339.54,111.47
POS,8420,493,343.06,112.51
TRACE,8421,470,262.17,88.64,343.06,112.51,0
POS,8437,494,346.57,113.55
POS,8454,495,350.09,114.58
TRACE,8454,473,272.72,91.75,350.09,114.58,0
POS,8470,496,353.61,115.62
TRACE,8471,474,276.24,92.79,353.61,115.62,0
POS,8487,497,357.13,116.66
POS,8504,498,360.64,117.70
POS,8520,499,364.16,118.74
POS,8538,500,367.68,119.77
TRACE,8538,478,290.31,96.94,367.68,119.77,0
POS,8554,501,371.19,120.81
TRACE,8554,480,297.34,99.02,371.19,120.81,0
POS,8570,502,374.71,121.85
POS,8587,503,378.23,122.89
POS,8604,504,381.74,123.92
POS,8620,505,385.26,124.96
TRACE,8629,483,307.89,102.13,385.26,124.96,0
POS,8637,506,388.78,126.00
POS,8654,507,392.29,127.04
POS,8673,508,395.81,128.07
TRACE,8679,486,318.44,105.24,395.81,128.07,0
POS,8687,509,399.33,129.11
POS,8704,510,402.84,130.15
POS,8720,511,406.36,131.19
TRACE,8721,487,321.96,106.28,406.36,131.19,0
POS,8737,512,409.88,132.23
TRACE,8745,489,328.99,108.36,409.88,132.23,0
POS,8754,513,413.39,133.26
POS,8770,514,416.91,134.30
POS,8787,515,420.43,135.34
POS,8804,516,423.94,136.38
TRACE,8804,492,339.54,111.47,423.94,136.38,0
POS,8820,517,427.46,137.41
POS,8837,518,430.98,138.45
TRACE,8837,494,346.57,113.55,430.98,138.45,0
TRACE,8845,496,353.61,115.62,430.98,138.45,0
POS,8854,519,434.49,139.49
POS,8870,520,438.01,140.53
TRACE,8879,497,357.13,116.66,438.01,140.53,0
[INPUT] t=8887 dash key pressed (tick 521)
[DASH] t=8887 mode=PREDICTION local response=0.0 ms (key -> first predicted dash tick)
POS,8887,521,452.40,144.77
POS,8904,522,466.78,149.02
POS,8920,523,481.17,153.26
POS,8937,524,495.56,157.51
TRACE,8937,501,371.19,120.81,495.56,157.51,0
POS,8954,525,509.94,161.75
TRACE,8962,502,374.71,121.85,509.94,161.75,0
POS,8970,526,524.33,166.00
POS,8987,527,538.72,170.24
TRACE,8987,502,374.71,121.85,538.72,170.24,0
POS,9004,528,553.10,174.49
POS,9020,529,567.49,178.73
TRACE,9029,505,385.26,124.96,567.49,178.73,0
POS,9037,530,581.88,182.98
POS,9054,531,596.26,187.23
TRACE,9062,508,395.81,128.07,596.26,187.23,0
POS,9070,532,599.78,188.26
POS,9087,533,603.30,189.30
TRACE,9095,511,406.36,131.19,603.30,189.30,0
POS,9104,534,604.00,190.34
TRACE,9104,513,413.39,133.26,604.00,190.34,0
POS,9120,535,604.00,191.38
TRACE,9129,515,420.43,135.34,604.00,191.38,0
POS,9137,536,604.00,192.41
POS,9154,537,604.00,193.45
TRACE,9162,515,420.43,135.34,604.00,193.45,0
POS,9170,538,604.00,194.49
POS,9187,539,604.00,195.53
POS,9204,540,604.00,196.57
POS,9220,541,600.72,198.20
POS,9237,542,597.44,199.84
TRACE,9237,519,434.49,139.49,597.44,199.84,0
POS,9254,543,594.16,201.48
TRACE,9254,520,438.01,140.53,594.16,201.48,0
POS,9270,544,590.88,203.12
POS,9287,545,587.60,204.76
POS,9304,546,584.32,206.40
[DASH] t=9304 mode=PREDICTION server-confirmed/visible response=416.9 ms
TRACE,9304,523,481.17,153.26,584.32,206.40,0
TRACE,9304,523,481.17,153.26,584.32,206.40,0
POS,9320,547,581.04,208.04
POS,9338,548,577.76,209.68
TRACE,9345,526,524.33,166.00,577.76,209.68,0
POS,9354,549,574.48,211.32
POS,9370,550,571.20,212.96
TRACE,9379,527,538.72,170.24,571.20,212.96,0
POS,9387,551,567.93,214.60
POS,9404,552,564.65,216.24
POS,9420,553,561.37,217.88
TRACE,9429,531,596.26,187.23,561.37,217.88,0
POS,9437,554,558.09,219.52
POS,9454,555,554.81,221.16
POS,9470,556,551.53,222.80
TRACE,9471,533,603.30,189.30,551.53,222.80,0
TRACE,9479,534,604.00,190.34,551.53,222.80,0
POS,9487,557,548.25,224.44
POS,9504,558,544.97,226.08
TRACE,9504,536,604.00,192.41,544.97,226.08,0
POS,9520,559,541.69,227.72
TRACE,9529,538,604.00,194.49,541.69,227.72,0
POS,9537,560,538.41,229.36
POS,9554,561,535.13,231.00
POS,9570,562,531.85,232.64
TRACE,9579,539,604.00,195.53,531.85,232.64,0
POS,9587,563,528.57,234.28
POS,9604,564,525.29,235.92
POS,9620,565,522.01,237.56
POS,9637,566,518.73,239.20
TRACE,9637,542,597.44,199.84,518.73,239.20,0
TRACE,9645,543,594.16,201.48,518.73,239.20,0
POS,9654,567,515.45,240.84
POS,9670,568,512.17,242.48
POS,9687,569,508.89,244.12
TRACE,9695,547,581.04,208.04,508.89,244.12,0
POS,9704,570,505.61,245.76
POS,9720,571,502.33,247.40
TRACE,9721,548,577.76,209.68,502.33,247.40,0
POS,9737,572,499.05,249.04
POS,9754,573,495.77,250.68
TRACE,9754,551,567.93,214.60,495.77,250.68,0
POS,9770,574,492.50,252.32
POS,9787,575,489.22,253.96
POS,9804,576,485.94,255.60
TRACE,9804,551,567.93,214.60,485.94,255.60,0
POS,9820,577,482.66,257.24
POS,9837,578,479.38,258.88
TRACE,9837,555,554.81,221.16,479.38,258.88,0
TRACE,9845,556,551.53,222.80,479.38,258.88,0
POS,9854,579,476.10,260.52
POS,9870,580,472.82,262.16
POS,9887,581,469.54,263.80
POS,9904,582,466.26,265.44
TRACE,9904,560,538.41,229.36,466.26,265.44,0
TRACE,9904,558,538.41,229.36,466.26,265.44,0
POS,9920,583,462.98,267.08
POS,9938,584,459.70,268.72
TRACE,9945,562,531.85,232.64,459.70,268.72,0
POS,9954,585,456.42,270.36
POS,9970,586,453.14,272.00
POS,9987,587,449.86,273.63
POS,10004,588,446.58,275.27
TRACE,10004,562,531.85,232.64,446.58,275.27,0
POS,10020,589,443.30,276.91
POS,10037,590,440.02,278.55
TRACE,10037,566,518.73,239.20,440.02,278.55,0
POS,10054,591,436.74,280.19
TRACE,10054,567,515.45,240.84,436.74,280.19,0
POS,10070,592,433.46,281.83
TRACE,10079,570,505.61,245.76,433.46,281.83,0
POS,10087,593,430.18,283.47
POS,10104,594,426.90,285.11
POS,10120,595,423.62,286.75
TRACE,10121,571,502.33,247.40,423.62,286.75,0
POS,10137,596,420.34,288.39
TRACE,10146,573,495.77,250.68,420.34,288.39,0
POS,10154,597,417.07,290.03
POS,10170,598,413.79,291.67
TRACE,10179,577,482.66,257.24,413.79,291.67,0
POS,10187,599,410.51,293.31
TRACE,10195,578,479.38,258.88,410.51,293.31,0
POS,10204,600,407.23,294.95
POS,10220,601,403.95,296.59
POS,10237,602,400.67,298.23
POS,10254,603,397.39,299.87
POS,10270,604,394.11,301.51
TRACE,10270,582,466.26,265.44,394.11,301.51,0
TRACE,10270,579,466.26,265.44,394.11,301.51,0
POS,10287,605,390.83,303.15
POS,10304,606,387.55,304.79
POS,10320,607,384.27,306.43
POS,10337,608,380.99,308.07
TRACE,10337,584,459.70,268.72,380.99,308.07,0
TRACE,10337,585,456.42,270.36,380.99,308.07,0
POS,10354,609,377.71,309.71
TRACE,10354,587,449.86,273.63,377.71,309.71,0
POS,10370,610,374.43,311.35
POS,10387,611,371.15,312.99
POS,10404,612,367.87,314.63
TRACE,10412,590,440.02,278.55,367.87,314.63,0
POS,10420,613,364.59,316.27
POS,10437,614,361.31,317.91
POS,10454,615,358.03,319.55
POS,10470,616,354.75,321.19
TRACE,10471,592,433.46,281.83,354.75,321.19,0
POS,10487,617,351.47,322.83
TRACE,10488,593,430.18,283.47,351.47,322.83,0
POS,10504,618,348.19,324.47
POS,10520,619,344.91,326.11
TRACE,10521,596,420.34,288.39,344.91,326.11,0
POS,10537,620,341.64,327.75
POS,10554,621,338.36,329.39
TRACE,10562,598,413.79,291.67,338.36,329.39,0
POS,10570,622,335.08,331.03
POS,10587,623,331.80,332.67
TRACE,10595,601,403.95,296.59,331.80,332.67,0
POS,10604,624,328.52,334.31
TRACE,10604,600,403.95,296.59,328.52,334.31,0
POS,10620,625,325.24,335.95
POS,10637,626,321.96,337.59
POS,10654,627,318.68,339.23
POS,10670,628,315.40,340.87
TRACE,10671,607,384.27,306.43,315.40,340.87,0
POS,10687,629,312.12,342.51
POS,10704,630,308.84,344.15
TRACE,10704,608,380.99,308.07,308.84,344.15,0
POS,10720,631,305.56,345.78
TRACE,10729,610,374.43,311.35,305.56,345.78,0
POS,10737,632,302.28,347.42
POS,10754,633,299.00,349.06
TRACE,10762,612,367.87,314.63,299.00,349.06,0
POS,10770,634,295.72,350.70
POS,10787,635,292.44,352.34
TRACE,10795,613,364.59,316.27,292.44,352.34,0
POS,10804,636,289.16,353.98
POS,10820,637,285.88,355.62
POS,10837,638,282.60,357.26
TRACE,10838,614,361.31,317.91,282.60,357.26,0
POS,10854,639,279.32,358.90
POS,10870,640,276.04,360.54
POS,10887,641,272.76,362.18
POS,10904,642,269.48,363.82
TRACE,10904,619,344.91,326.11,269.48,363.82,0
TRACE,10912,619,344.91,326.11,269.48,363.82,0
POS,10920,643,266.20,365.46
POS,10937,644,262.93,367.10
TRACE,10937,623,331.80,332.67,262.93,367.10,0
POS,10954,645,259.65,368.74
POS,10970,646,256.37,370.38
TRACE,10979,624,328.52,334.31,256.37,370.38,0
POS,10987,647,253.09,372.02
POS,11004,648,249.81,373.66
TRACE,11012,627,318.68,339.23,249.81,373.66,0
POS,11020,649,246.53,375.30
POS,11037,650,243.25,376.94
POS,11054,651,239.97,378.58
POS,11070,652,236.69,380.22
TRACE,11071,629,312.12,342.51,236.69,380.22,0
POS,11087,653,233.41,381.86
POS,11104,654,230.13,383.50
TRACE,11104,630,308.84,344.15,230.13,383.50,0
POS,11120,655,226.85,385.14
TRACE,11120,632,302.28,347.42,226.85,385.14,0
TRACE,11129,635,292.44,352.34,226.85,385.14,0
POS,11137,656,223.57,386.78
POS,11154,657,220.29,388.42
POS,11170,658,217.01,390.06
TRACE,11171,636,289.16,353.98,217.01,390.06,0
POS,11187,659,213.73,391.70
POS,11204,660,210.45,393.34
TRACE,11204,639,279.32,358.90,210.45,393.34,0
POS,11220,661,207.17,394.98
POS,11237,662,203.89,396.62
POS,11254,663,200.61,398.26
TRACE,11254,639,279.32,358.90,200.61,398.26,0
POS,11270,664,197.33,399.90
TRACE,11271,642,269.48,363.82,197.33,399.90,0
POS,11287,665,194.05,401.54
POS,11304,666,190.77,403.18
TRACE,11304,644,262.93,367.10,190.77,403.18,0
POS,11320,667,187.50,404.82
POS,11337,668,184.22,406.46
POS,11354,669,180.94,408.10
TRACE,11354,646,256.37,370.38,180.94,408.10,0
POS,11370,670,177.66,409.74
TRACE,11379,648,249.81,373.66,177.66,409.74,0
POS,11387,671,174.38,411.38
POS,11404,672,171.10,413.02
TRACE,11412,649,246.53,375.30,171.10,413.02,0
POS,11420,673,167.82,414.66
TRACE,11421,651,239.97,378.58,167.82,414.66,0
POS,11437,674,164.54,416.29
POS,11454,675,161.26,417.93
POS,11470,676,157.98,419.57
TRACE,11479,654,230.13,383.50,157.98,419.57,0
POS,11487,677,154.70,421.21
POS,11504,678,151.42,422.85
POS,11520,679,148.14,424.49
TRACE,11521,656,223.57,386.78,148.14,424.49,0
POS,11537,680,144.86,426.13
POS,11556,681,141.58,427.77
TRACE,11556,659,213.73,391.70,141.58,427.77,0
POS,11570,682,138.30,429.41
POS,11587,683,135.02,431.05
TRACE,11595,661,207.17,394.98,135.02,431.05,0
POS,11604,684,131.74,432.69
TRACE,11604,660,207.17,394.98,131.74,432.69,0
POS,11620,685,128.46,434.33
POS,11637,686,125.18,435.97
POS,11654,687,121.90,437.61
TRACE,11654,664,197.33,399.90,121.90,437.61,0
POS,11670,688,118.62,439.25
POS,11687,689,115.34,440.89
TRACE,11687,666,190.77,403.18,115.34,440.89,0
POS,11704,690,112.07,442.53
TRACE,11704,667,187.50,404.82,112.07,442.53,0
POS,11720,691,108.79,444.17
TRACE,11729,670,177.66,409.74,108.79,444.17,0
POS,11737,692,105.51,445.81
POS,11754,693,102.23,447.45
POS,11770,694,98.95,449.09
POS,11787,695,95.67,450.73
TRACE,11787,673,167.82,414.66,95.67,450.73,0
POS,11804,696,92.39,452.37
POS,11820,697,89.11,454.01
POS,11837,698,85.83,455.65
TRACE,11838,677,154.70,421.21,85.83,455.65,0
POS,11854,699,82.55,457.29
POS,11870,700,79.27,458.93
TRACE,11871,678,151.42,422.85,79.27,458.93,0
[INPUT] t=11887 dash key pressed (tick 701)
[DASH] t=11887 mode=PREDICTION local response=0.0 ms (key -> first predicted dash tick)
POS,11887,701,79.27,443.93
TRACE,11895,681,141.58,427.77,79.27,443.93,0
POS,11904,702,79.27,428.93
POS,11920,703,79.27,413.93
POS,11937,704,79.27,398.93
POS,11954,705,79.27,383.93
TRACE,11962,683,135.02,431.05,79.27,383.93,0
POS,11971,706,79.27,368.93
POS,11987,707,79.27,353.93
TRACE,11996,685,128.46,434.33,79.27,353.93,0
POS,12004,708,79.27,338.93
POS,12020,709,79.27,323.93
TRACE,12020,686,125.18,435.97,79.27,323.93,0
POS,12037,710,79.27,308.93
POS,12054,711,79.27,293.93
TRACE,12062,688,118.62,439.25,79.27,293.93,0
POS,12070,712,79.27,290.26
TRACE,12070,690,112.07,442.53,79.27,290.26,0
POS,12087,713,79.27,286.60
POS,12104,714,79.27,282.93
TRACE,12104,693,102.23,447.45,79.27,282.93,0
POS,12120,715,79.27,279.26
POS,12137,716,79.27,275.60
POS,12154,717,79.27,271.93
TRACE,12154,695,95.67,450.73,79.27,271.93,0
POS,12170,718,79.27,268.26
POS,12187,719,79.27,264.60
TRACE,12195,697,89.11,454.01,79.27,264.60,0
TRACE,12195,698,85.83,455.65,79.27,264.60,0
POS,12204,720,79.27,260.93
POS,12220,721,79.27,257.26
POS,12237,722,79.27,253.60
TRACE,12237,700,79.27,458.93,79.27,253.60,0
POS,12256,723,79.27,249.93
[DASH] t=12262 mode=PREDICTION server-confirmed/visible response=374.9 ms
TRACE,12262,702,79.27,428.93,79.27,249.93,0
POS,12270,724,79.27,246.26
POS,12287,725,79.27,242.60
POS,12304,726,79.27,238.93
TRACE,12304,703,79.27,413.93,79.27,238.93,0
POS,12320,727,79.27,235.26
POS,12337,728,79.27,231.60
POS,12354,729,79.27,227.93
TRACE,12354,704,79.27,398.93,79.27,227.93,0
POS,12370,730,79.27,224.26
TRACE,12370,708,79.27,338.93,79.27,224.26,0
[INPUT] t=12387 dash key pressed (tick 731)
POS,12387,731,79.27,220.60
POS,12404,732,79.27,216.93
POS,12420,733,79.27,213.26
POS,12437,734,79.27,209.60
TRACE,12437,709,79.27,323.93,79.27,209.60,0
POS,12454,735,79.27,205.93
TRACE,12462,714,79.27,282.93,79.27,205.93,0
POS,12470,736,79.27,202.26
TRACE,12470,712,79.27,282.93,79.27,202.26,0
POS,12487,737,79.27,198.60
POS,12504,738,79.27,194.93
POS,12520,739,79.27,191.26
TRACE,12520,715,79.27,279.26,79.27,191.26,0
POS,12537,740,79.27,187.60
TRACE,12537,717,79.27,271.93,79.27,187.60,0
POS,12554,741,79.27,183.93
POS,12570,742,79.27,180.26
TRACE,12579,720,79.27,260.93,79.27,180.26,0
POS,12587,743,79.27,176.60
POS,12604,744,79.27,172.93
POS,12620,745,79.27,169.26
TRACE,12629,723,79.27,249.93,79.27,169.26,0
POS,12637,746,79.27,165.60
TRACE,12637,724,79.27,246.26,79.27,165.60,0
POS,12654,747,79.27,161.93
POS,12670,748,79.27,158.26
TRACE,12670,727,79.27,235.26,79.27,158.26,0
POS,12687,749,79.27,154.60
POS,12704,750,79.27,150.93
POS,12720,751,79.27,147.26
POS,12737,752,79.27,143.60
TRACE,12738,728,79.27,231.60,79.27,143.60,0
POS,12754,753,79.27,139.93
[DASH] t=12762 REJECTED by server: reason=cooldown (375.1 ms after key press)
TRACE,12763,731,79.27,220.60,79.27,139.93,0
POS,12770,754,79.27,136.26
TRACE,12771,731,79.27,220.60,79.27,136.26,0
POS,12787,755,79.27,132.60
POS,12804,756,79.27,128.93
POS,12820,757,79.27,125.26
TRACE,12829,733,79.27,213.26,79.27,125.26,0
POS,12837,758,79.27,121.60
POS,12854,759,79.27,117.93
TRACE,12862,736,79.27,202.26,79.27,117.93,0
POS,12872,760,79.27,114.26
POS,12887,761,79.27,110.60
TRACE,12895,740,79.27,187.60,79.27,110.60,0
TRACE,12895,738,79.27,187.60,79.27,110.60,0
POS,12904,762,79.27,106.93
POS,12920,763,79.27,103.26
TRACE,12929,742,79.27,180.26,79.27,103.26,0
POS,12937,764,79.27,99.60
POS,12954,765,79.27,95.93
TRACE,12962,743,79.27,176.60,79.27,95.93,0
POS,12970,766,79.27,92.26
POS,12987,767,79.27,88.60
POS,13004,768,79.27,84.93
POS,13020,769,79.27,81.26
POS,13037,770,79.27,77.60
TRACE,13037,746,79.27,165.60,79.27,77.60,0
POS,13054,771,79.27,73.93
TRACE,13062,749,79.27,154.60,79.27,73.93,0
POS,13070,772,79.27,70.26
TRACE,13071,749,79.27,154.60,79.27,70.26,0
POS,13087,773,79.27,66.60
POS,13104,774,79.27,62.93
POS,13120,775,79.27,59.26
TRACE,13120,751,79.27,147.26,79.27,59.26,0
TRACE,13129,755,79.27,132.60,79.27,59.26,0
POS,13137,776,79.27,55.60
POS,13154,777,79.27,51.93
POS,13170,778,79.27,48.26
TRACE,13179,755,79.27,132.60,79.27,48.26,0
POS,13187,779,79.27,44.60
POS,13204,780,79.27,40.93
TRACE,13204,757,79.27,125.26,79.27,40.93,0
POS,13220,781,79.27,37.26
POS,13237,782,79.27,33.60
POS,13254,783,79.27,29.93
TRACE,13262,758,79.27,121.60,79.27,29.93,0
POS,13270,784,79.27,26.26
POS,13287,785,79.27,22.60
TRACE,13287,762,79.27,106.93,79.27,22.60,0
POS,13304,786,79.27,18.93
POS,13320,787,79.27,16.00
TRACE,13329,765,79.27,95.93,79.27,16.00,0
POS,13337,788,79.27,16.00
POS,13354,789,79.27,16.00
TRACE,13362,767,79.27,88.60,79.27,16.00,0
POS,13370,790,79.27,16.00
POS,13387,791,79.27,16.00
TRACE,13387,769,79.27,81.26,79.27,16.00,0
POS,13404,792,79.27,16.00
TRACE,13404,769,79.27,81.26,79.27,16.00,0
POS,13420,793,79.27,16.00
POS,13437,794,79.27,16.00
POS,13454,795,79.27,16.00
TRACE,13454,773,79.27,66.60,79.27,16.00,0
POS,13470,796,79.27,16.00
TRACE,13479,774,79.27,62.93,79.27,16.00,0
POS,13487,797,79.27,16.00
POS,13504,798,79.27,16.00
POS,13520,799,79.27,16.00
TRACE,13521,776,79.27,55.60,79.27,16.00,0
POS,13537,800,79.27,16.00
[INPUT] t=13554 dash key pressed (tick 801)
[DASH] t=13553 mode=PREDICTION local response=0.0 ms (key -> first predicted dash tick)
POS,13554,801,79.27,16.00
TRACE,13562,779,79.27,44.60,79.27,16.00,0
POS,13570,802,79.27,16.00
POS,13587,803,79.27,16.00
TRACE,13587,780,79.27,40.93,79.27,16.00,0
TRACE,13595,783,79.27,29.93,79.27,16.00,0
POS,13604,804,79.27,16.00
POS,13620,805,79.27,16.00
POS,13637,806,79.27,16.00
TRACE,13637,785,79.27,22.60,79.27,16.00,0
POS,13654,807,79.27,16.00
POS,13670,808,79.27,16.00
POS,13687,809,79.27,16.00
TRACE,13688,785,79.27,22.60,79.27,16.00,0
TRACE,13688,787,79.27,16.00,79.27,16.00,0
POS,13704,810,79.27,16.00
POS,13721,811,79.27,16.00
POS,13737,812,79.27,16.00
POS,13754,813,79.27,16.00
TRACE,13762,791,79.27,16.00,79.27,16.00,0
POS,13770,814,79.27,16.00
POS,13787,815,79.27,16.00
POS,13804,816,79.27,16.00
TRACE,13804,793,79.27,16.00,79.27,16.00,0
POS,13820,817,79.27,16.00
POS,13837,818,79.27,16.00
TRACE,13837,796,79.27,16.00,79.27,16.00,0
POS,13854,819,79.27,16.00
POS,13870,820,79.27,16.00
POS,13887,821,79.27,16.00
TRACE,13895,799,79.27,16.00,79.27,16.00,0
POS,13904,822,79.27,16.00
POS,13920,823,79.27,16.00
TRACE,13921,799,79.27,16.00,79.27,16.00,0
POS,13937,824,79.27,16.00
POS,13954,825,79.27,16.00
[DASH] t=13954 mode=PREDICTION server-confirmed/visible response=400.3 ms
TRACE,13954,803,79.27,16.00,79.27,16.00,0
POS,13970,826,79.27,16.00
POS,13987,827,79.27,16.00
TRACE,13987,804,79.27,16.00,79.27,16.00,0
POS,14004,828,79.27,16.00
POS,14020,829,79.27,16.00
TRACE,14029,807,79.27,16.00,79.27,16.00,0
POS,14037,830,79.27,16.00
POS,14054,831,79.27,16.00
POS,14070,832,79.27,16.00
TRACE,14071,810,79.27,16.00,79.27,16.00,0
POS,14087,833,79.27,16.00
POS,14104,834,79.27,16.00
TRACE,14104,811,79.27,16.00,79.27,16.00,0
POS,14120,835,79.27,16.00
POS,14137,836,79.27,16.00
POS,14154,837,79.27,16.00
TRACE,14162,816,79.27,16.00,79.27,16.00,0
TRACE,14162,813,79.27,16.00,79.27,16.00,0
POS,14170,838,79.27,16.00
POS,14189,839,79.27,16.00
POS,14204,840,79.27,16.00
POS,14220,841,79.27,16.00
TRACE,14229,818,79.27,16.00,79.27,16.00,0
POS,14237,842,79.27,16.00
POS,14254,843,79.27,16.00
POS,14270,844,79.27,16.00
POS,14287,845,79.27,16.00
TRACE,14295,824,79.27,16.00,79.27,16.00,0
POS,14304,846,79.27,16.00
TRACE,14304,822,79.27,16.00,79.27,16.00,0
POS,14320,847,79.27,16.00
TRACE,14329,826,79.27,16.00,79.27,16.00,0
POS,14337,848,79.27,16.00
POS,14354,849,79.27,16.00
POS,14370,850,79.27,16.00
POS,14387,851,79.27,16.00
TRACE,14395,831,79.27,16.00,79.27,16.00,0
POS,14404,852,79.27,16.00
TRACE,14404,830,79.27,16.00,79.27,16.00,0
POS,14420,853,79.27,16.00
TRACE,14429,833,79.27,16.00,79.27,16.00,0
POS,14437,854,79.27,16.00
POS,14454,855,79.27,16.00
POS,14470,856,79.27,16.00
TRACE,14471,834,79.27,16.00,79.27,16.00,0
POS,14487,857,79.27,16.00
POS,14504,858,79.27,16.00
POS,14520,859,79.27,16.00
POS,14537,860,79.27,16.00
TRACE,14537,837,79.27,16.00,79.27,16.00,0
POS,14554,861,79.27,16.00
TRACE,14562,839,79.27,16.00,79.27,16.00,0
POS,14570,862,79.27,16.00
TRACE,14571,839,79.27,16.00,79.27,16.00,0
POS,14587,863,79.27,16.00
POS,14604,864,79.27,16.00
POS,14620,865,79.27,16.00
TRACE,14629,841,79.27,16.00,79.27,16.00,0
POS,14637,866,79.27,16.00
TRACE,14645,843,79.27,16.00,79.27,16.00,0
POS,14654,867,79.27,16.00
POS,14670,868,79.27,16.00
TRACE,14670,846,79.27,16.00,79.27,16.00,0
POS,14688,869,79.27,16.00
TRACE,14688,848,79.27,16.00,79.27,16.00,0
POS,14704,870,79.27,16.00
POS,14720,871,79.27,16.00
POS,14737,872,79.27,16.00
TRACE,14737,849,79.27,16.00,79.27,16.00,0
POS,14754,873,79.27,16.00
POS,14770,874,79.27,16.00
POS,14787,875,79.27,16.00
TRACE,14787,852,79.27,16.00,79.27,16.00,0
POS,14804,876,79.27,16.00
POS,14820,877,79.27,16.00
TRACE,14821,856,79.27,16.00,79.27,16.00,0
POS,14837,878,79.27,16.00
POS,14854,879,79.27,16.00
POS,14870,880,79.27,16.00
POS,14887,881,79.27,16.00
TRACE,14895,857,79.27,16.00,79.27,16.00,0
POS,14903,882,79.27,16.00
POS,14920,883,79.27,16.00
TRACE,14928,858,79.27,16.00,79.27,16.00,0
TRACE,14929,862,79.27,16.00,79.27,16.00,0
POS,14937,884,79.27,16.00
POS,14954,885,79.27,16.00
POS,14970,886,79.27,16.00
TRACE,14971,863,79.27,16.00,79.27,16.00,0
POS,14987,887,79.27,16.00
POS,15004,888,79.27,16.00
TRACE,15004,866,79.27,16.00,79.27,16.00,0
POS,15020,889,79.27,16.00
POS,15037,890,79.27,16.00
TRACE,15045,869,79.27,16.00,79.27,16.00,0
POS,15054,891,79.27,16.00
POS,15070,892,79.27,16.00
POS,15087,893,79.27,16.00
TRACE,15087,871,79.27,16.00,79.27,16.00,0
POS,15104,894,79.27,16.00
TRACE,15112,873,79.27,16.00,79.27,16.00,0
POS,15120,895,79.27,16.00
TRACE,15129,875,79.27,16.00,79.27,16.00,0
POS,15137,896,79.27,16.00
POS,15154,897,79.27,16.00
POS,15170,898,79.27,16.00
TRACE,15170,875,79.27,16.00,79.27,16.00,0
POS,15187,899,79.27,16.00
POS,15204,900,79.27,16.00
TRACE,15204,879,79.27,16.00,79.27,16.00,0
POS,15220,901,79.27,16.00
POS,15237,902,79.27,16.00
POS,15254,903,79.27,16.00
TRACE,15262,880,79.27,16.00,79.27,16.00,0
TRACE,15262,879,79.27,16.00,79.27,16.00,0
POS,15270,904,79.27,16.00
POS,15287,905,79.27,16.00
TRACE,15295,884,79.27,16.00,79.27,16.00,0
POS,15304,906,79.27,16.00
POS,15320,907,79.27,16.00
TRACE,15329,887,79.27,16.00,79.27,16.00,0
POS,15337,908,79.27,16.00
POS,15353,909,79.27,16.00
POS,15370,910,79.27,16.00
POS,15387,911,79.27,16.00
TRACE,15395,890,79.27,16.00,79.27,16.00,0
POS,15403,912,79.27,16.00
TRACE,15404,888,79.27,16.00,79.27,16.00,0
POS,15420,913,79.27,16.00
POS,15437,914,79.27,16.00
POS,15454,915,79.27,16.00
TRACE,15462,895,79.27,16.00,79.27,16.00,0
POS,15470,916,79.27,16.00
TRACE,15470,892,79.27,16.00,79.27,16.00,0
POS,15487,917,79.27,16.00
POS,15503,918,79.27,16.00
POS,15520,919,79.27,16.00
POS,15537,920,79.27,16.00
TRACE,15537,896,79.27,16.00,79.27,16.00,0
POS,15554,921,79.27,16.00
TRACE,15562,898,79.27,16.00,79.27,16.00,0
POS,15570,922,79.27,16.00
POS,15587,923,79.27,16.00
POS,15603,924,79.27,16.00
TRACE,15604,900,79.27,16.00,79.27,16.00,0
TRACE,15604,901,79.27,16.00,79.27,16.00,0
POS,15620,925,79.27,16.00
POS,15637,926,79.27,16.00
POS,15654,927,79.27,16.00
POS,15670,928,79.27,16.00
TRACE,15670,904,79.27,16.00,79.27,16.00,0
POS,15687,929,79.27,16.00
TRACE,15695,906,79.27,16.00,79.27,16.00,0
POS,15704,930,79.27,16.00
TRACE,15704,909,79.27,16.00,79.27,16.00,0
POS,15720,931,79.27,16.00
TRACE,15728,909,79.27,16.00,79.27,16.00,0
POS,15737,932,79.27,16.00
POS,15754,933,79.27,16.00
TRACE,15762,913,79.27,16.00,79.27,16.00,0
POS,15770,934,79.27,16.00
POS,15787,935,79.27,16.00
POS,15803,936,79.27,16.00
POS,15820,937,79.27,16.00
TRACE,15829,913,79.27,16.00,79.27,16.00,0
POS,15837,938,79.27,16.00
POS,15854,939,79.27,16.00
POS,15870,940,79.27,16.00
TRACE,15870,916,79.27,16.00,79.27,16.00,0
TRACE,15878,919,79.27,16.00,79.27,16.00,0
POS,15887,941,79.27,16.00
POS,15903,942,79.27,16.00
POS,15920,943,79.27,16.00
POS,15937,944,79.27,16.00
TRACE,15937,921,79.27,16.00,79.27,16.00,0
POS,15953,945,79.27,16.00
TRACE,15962,924,79.27,16.00,79.27,16.00,0
POS,15970,946,79.27,16.00
TRACE,15970,921,79.27,16.00,79.27,16.00,0
POS,15987,947,79.27,16.00
POS,16003,948,79.27,16.00
POS,16020,949,79.27,16.00
POS,16037,950,79.27,16.00
TRACE,16037,927,79.27,16.00,79.27,16.00,0
TRACE,16045,927,79.27,16.00,79.27,16.00,0
POS,16053,951,79.27,16.00
POS,16070,952,79.27,16.00
TRACE,16070,930,79.27,16.00,79.27,16.00,0
POS,16087,953,79.27,16.00
TRACE,16087,933,79.27,16.00,79.27,16.00,0
POS,16104,954,79.27,16.00
POS,16120,955,79.27,16.00
POS,16137,956,79.27,16.00
POS,16154,957,79.27,16.00
POS,16170,958,79.27,16.00
TRACE,16171,934,79.27,16.00,79.27,16.00,0
TRACE,16171,935,79.27,16.00,79.27,16.00,0
POS,16187,959,79.27,16.00
TRACE,16195,937,79.27,16.00,79.27,16.00,0
POS,16203,960,79.27,16.00
POS,16220,961,79.27,16.00
POS,16237,962,79.27,16.00
POS,16253,963,79.27,16.00
TRACE,16254,940,79.27,16.00,79.27,16.00,0
POS,16270,964,79.27,16.00
TRACE,16278,943,79.27,16.00,79.27,16.00,0
POS,16287,965,79.27,16.00
POS,16303,966,79.27,16.00
POS,16320,967,79.27,16.00
TRACE,16328,947,79.27,16.00,79.27,16.00,0
POS,16337,968,79.27,16.00
TRACE,16337,943,79.27,16.00,79.27,16.00,0
POS,16353,969,79.27,16.00
POS,16370,970,79.27,16.00
POS,16387,971,79.27,16.00
TRACE,16387,947,79.27,16.00,79.27,16.00,0
POS,16403,972,79.27,16.00
POS,16420,973,79.27,16.00
TRACE,16420,950,79.27,16.00,79.27,16.00,0
POS,16437,974,79.27,16.00
POS,16454,975,79.27,16.00
TRACE,16454,952,79.27,16.00,79.27,16.00,0
POS,16470,976,79.27,16.00
TRACE,16478,954,79.27,16.00,79.27,16.00,0
POS,16487,977,79.27,16.00
POS,16504,978,79.27,16.00
TRACE,16505,957,79.27,16.00,79.27,16.00,0
POS,16520,979,79.27,16.00
POS,16537,980,79.27,16.00
POS,16554,981,79.27,16.00
TRACE,16554,959,79.27,16.00,79.27,16.00,0
POS,16570,982,79.27,16.00
POS,16587,983,79.27,16.00
TRACE,16588,963,79.27,16.00,79.27,16.00,0
POS,16603,984,79.27,16.00
TRACE,16604,960,79.27,16.00,79.27,16.00,0
POS,16620,985,79.27,16.00
POS,16637,986,79.27,16.00
POS,16653,987,79.27,16.00
TRACE,16662,965,79.27,16.00,79.27,16.00,0
POS,16670,988,79.27,16.00
TRACE,16670,964,79.27,16.00,79.27,16.00,0
POS,16690,989,79.27,16.00
POS,16703,990,79.27,16.00
TRACE,16712,968,79.27,16.00,79.27,16.00,0
POS,16720,991,79.27,16.00
POS,16737,992,79.27,16.00
TRACE,16737,970,79.27,16.00,79.27,16.00,0
POS,16753,993,79.27,16.00
POS,16770,994,79.27,16.00
POS,16787,995,79.27,16.00
POS,16803,996,79.27,16.00
TRACE,16804,971,79.27,16.00,79.27,16.00,0
POS,16820,997,79.27,16.00
TRACE,16828,974,79.27,16.00,79.27,16.00,0
POS,16837,998,79.27,16.00
POS,16853,999,79.27,16.00
TRACE,16854,976,79.27,16.00,79.27,16.00,0
POS,16870,1000,79.27,16.00
POS,16887,1001,79.27,16.00
TRACE,16895,978,79.27,16.00,79.27,16.00,0
TRACE,16895,981,79.27,16.00,79.27,16.00,0
POS,16903,1002,79.27,16.00
POS,16920,1003,79.27,16.00
POS,16937,1004,79.27,16.00
TRACE,16945,981,79.27,16.00,79.27,16.00,0
POS,16953,1005,79.27,16.00
POS,16970,1006,79.27,16.00
POS,16987,1007,79.27,16.00
POS,17003,1008,79.27,16.00
TRACE,17004,985,79.27,16.00,79.27,16.00,0
TRACE,17012,985,79.27,16.00,79.27,16.00,0
POS,17020,1009,79.27,16.00
POS,17037,1010,79.27,16.00
POS,17053,1011,79.27,16.00
TRACE,17054,988,79.27,16.00,79.27,16.00,0
TRACE,17062,990,79.27,16.00,79.27,16.00,0
POS,17070,1012,79.27,16.00
POS,17087,1013,79.27,16.00
POS,17103,1014,79.27,16.00
POS,17120,1015,79.27,16.00
TRACE,17128,993,79.27,16.00,79.27,16.00,0
POS,17137,1016,79.27,16.00
POS,17153,1017,79.27,16.00
TRACE,17162,995,79.27,16.00,79.27,16.00,0
POS,17170,1018,79.27,16.00
TRACE,17170,993,79.27,16.00,79.27,16.00,0
POS,17187,1019,79.27,16.00
POS,17203,1020,79.27,16.00
POS,17220,1021,79.27,16.00
TRACE,17228,998,79.27,16.00,79.27,16.00,0
POS,17237,1022,79.27,16.00
POS,17253,1023,79.27,16.00
TRACE,17254,1001,79.27,16.00,79.27,16.00,0
POS,17270,1024,79.27,16.00
TRACE,17271,1003,79.27,16.00,79.27,16.00,0
POS,17287,1025,79.27,16.00
POS,17303,1026,79.27,16.00
POS,17320,1027,79.27,16.00
POS,17337,1028,79.27,16.00
TRACE,17337,1004,79.27,16.00,79.27,16.00,0
TRACE,17337,1005,79.27,16.00,79.27,16.00,0
POS,17353,1029,79.27,16.00
POS,17370,1030,79.27,16.00
POS,17387,1031,79.27,16.00
TRACE,17395,1008,79.27,16.00,79.27,16.00,0
POS,17403,1032,79.27,16.00
POS,17420,1033,79.27,16.00
TRACE,17428,1011,79.27,16.00,79.27,16.00,0
TRACE,17428,1012,79.27,16.00,79.27,16.00,0
POS,17437,1034,79.27,16.00
POS,17453,1035,79.27,16.00
POS,17470,1036,79.27,16.00
POS,17487,1037,79.27,16.00
TRACE,17495,1013,79.27,16.00,79.27,16.00,0
POS,17503,1038,79.27,16.00
POS,17520,1039,79.27,16.00
POS,17537,1040,79.27,16.00
TRACE,17537,1015,79.27,16.00,79.27,16.00,0
POS,17553,1041,79.27,16.00
TRACE,17562,1019,79.27,16.00,79.27,16.00,0
POS,17570,1042,79.27,16.00
POS,17587,1043,79.27,16.00
TRACE,17595,1021,79.27,16.00,79.27,16.00,0
POS,17603,1044,79.27,16.00
TRACE,17604,1023,79.27,16.00,79.27,16.00,0
POS,17620,1045,79.27,16.00
POS,17637,1046,79.27,16.00
POS,17653,1047,79.27,16.00
TRACE,17662,1024,79.27,16.00,79.27,16.00,0
POS,17670,1048,79.27,16.00
POS,17687,1049,79.27,16.00
TRACE,17687,1027,79.27,16.00,79.27,16.00,0
[RESULT] role=client predict_dash=true lag=175 jitter=25 loss=4.0
[RESULT] corrections=0 max_error_px=0.00 last_error_px=0.00 rejects_seen=3 snapshots_in=505
[RESULT] local_response_ms=[0.0, 0.0, 0.0, 0.0, 0.0]
[RESULT] confirm_response_ms=[408.227, 358.125999999999, 416.860999999999, 374.936000000002, 400.282000000001]
[RESULT] net_sent=1049 net_dropped=40 final_pred_vs_server_px=0.000
