[NET] CLIENT connecting to 127.0.0.1, predict_dash=true lag=175 jitter=25 loss=4.0%
[NET] welcome: my_id=432906833 spawn=(120.0, 360.0)
POS,204,1,120.00,360.00
POS,220,2,120.00,360.00
TRACE,228,0,120.00,360.00,120.00,360.00,0
POS,237,3,120.00,360.00
TRACE,237,0,120.00,360.00,120.00,360.00,0
POS,254,4,120.00,360.00
TRACE,262,0,120.00,360.00,120.00,360.00,0
POS,270,5,120.00,360.00
POS,287,6,120.00,360.00
POS,303,7,120.00,360.00
POS,320,8,120.00,360.00
TRACE,320,0,120.00,360.00,120.00,360.00,0
POS,337,9,120.00,360.00
POS,354,10,120.00,360.00
TRACE,354,0,120.00,360.00,120.00,360.00,0
POS,370,11,120.00,360.00
POS,387,12,120.00,360.00
TRACE,395,0,120.00,360.00,120.00,360.00,0
TRACE,395,0,120.00,360.00,120.00,360.00,0
POS,403,13,120.00,360.00
POS,420,14,120.00,360.00
POS,437,15,120.00,360.00
TRACE,437,0,120.00,360.00,120.00,360.00,0
POS,453,16,120.00,360.00
POS,470,17,120.00,360.00
POS,487,18,120.00,360.00
TRACE,495,0,120.00,360.00,120.00,360.00,0
POS,503,19,120.00,360.00
POS,520,20,120.00,360.00
POS,537,21,120.00,360.00
TRACE,545,0,120.00,360.00,120.00,360.00,0
POS,553,22,120.00,360.00
TRACE,562,0,120.00,360.00,120.00,360.00,0
POS,570,23,120.00,360.00
POS,587,24,120.00,360.00
POS,603,25,120.00,360.00
TRACE,604,4,120.00,360.00,120.00,360.00,0
POS,620,26,120.00,360.00
POS,637,27,120.00,360.00
POS,654,28,120.00,360.00
POS,670,29,120.00,360.00
TRACE,670,5,120.00,360.00,120.00,360.00,0
POS,687,30,120.00,360.00
TRACE,695,7,120.00,360.00,120.00,360.00,0
POS,703,31,123.63,360.55
TRACE,712,8,120.00,360.00,123.63,360.55,0
POS,720,32,127.25,361.09
POS,737,33,130.88,361.64
TRACE,737,12,120.00,360.00,130.88,361.64,0
POS,753,34,134.50,362.19
POS,770,35,138.13,362.73
POS,787,36,141.75,363.28
TRACE,795,12,120.00,360.00,141.75,363.28,0
POS,803,37,145.38,363.83
POS,820,38,149.01,364.37
TRACE,820,16,120.00,360.00,149.01,364.37,0
POS,837,39,152.63,364.92
TRACE,837,17,120.00,360.00,152.63,364.92,0
POS,853,40,156.26,365.47
POS,870,41,159.88,366.01
POS,887,42,163.51,366.56
TRACE,887,20,120.00,360.00,163.51,366.56,0
POS,903,43,167.13,367.11
POS,920,44,170.76,367.65
POS,937,45,174.39,368.20
TRACE,937,21,120.00,360.00,174.39,368.20,0
POS,953,46,178.01,368.75
TRACE,962,24,120.00,360.00,178.01,368.75,0
POS,970,47,181.64,369.29
TRACE,978,26,120.00,360.00,181.64,369.29,0
POS,987,48,185.26,369.84
POS,1003,49,188.89,370.39
POS,1020,50,192.51,370.93
POS,1037,51,196.14,371.48
POS,1053,52,199.76,372.03
TRACE,1054,27,120.00,360.00,199.76,372.03,0
TRACE,1062,30,120.00,360.00,199.76,372.03,0
POS,1070,53,203.39,372.57
POS,1087,54,207.02,373.12
POS,1104,55,210.64,373.67
TRACE,1112,34,134.50,362.19,210.64,373.67,0
[CHEAT] t=1120 client ignores dash rules=true speed x1.0
POS,1120,56,214.27,374.21
POS,1137,57,217.89,374.76
TRACE,1137,35,138.13,362.73,217.89,374.76,0
POS,1154,58,221.52,375.31
POS,1170,59,225.14,375.85
TRACE,1170,36,141.75,363.28,225.14,375.85,0
POS,1187,60,228.77,376.40
[INPUT] t=1203 dash key pressed (tick 61)
[DASH] t=1203 mode=PREDICTION local response=0.0 ms (key -> first predicted dash tick)
POS,1203,61,243.60,378.64
POS,1220,62,258.43,380.87
TRACE,1220,40,156.26,365.47,258.43,380.87,0
POS,1237,63,273.27,383.11
TRACE,1245,41,159.88,366.01,273.27,383.11,0
POS,1253,64,288.10,385.35
POS,1270,65,302.93,387.58
TRACE,1270,42,163.51,366.56,302.93,387.58,0
POS,1287,66,317.76,389.82
POS,1303,67,332.60,392.06
POS,1320,68,347.43,394.29
POS,1337,69,362.26,396.53
TRACE,1337,46,178.01,368.75,362.26,396.53,0
POS,1353,70,377.09,398.77
POS,1370,71,391.93,401.00
POS,1387,72,395.55,401.55
TRACE,1395,49,188.89,370.39,395.55,401.55,0
POS,1403,73,399.18,402.10
TRACE,1412,51,196.14,371.48,399.18,402.10,0
POS,1420,74,402.80,402.64
POS,1460,75,406.43,403.19
TRACE,1460,54,207.02,373.12,406.43,403.19,0
POS,1468,76,410.05,403.74
POS,1485,77,413.68,404.28
TRACE,1493,58,221.52,375.31,413.68,404.28,0
POS,1502,78,417.31,404.83
TRACE,1502,55,221.52,375.31,417.31,404.83,0
POS,1518,79,420.93,405.38
POS,1535,80,424.56,405.93
POS,1543,81,428.18,406.47
POS,1560,82,431.81,407.02
TRACE,1568,60,228.77,376.40,431.81,407.02,0
POS,1577,83,435.43,407.57
POS,1593,84,439.06,408.11
[DASH] t=1594 mode=PREDICTION server-confirmed/visible response=390.2 ms
TRACE,1594,61,243.60,378.64,439.06,408.11,0
POS,1610,85,442.68,408.66
POS,1627,86,446.31,409.21
POS,1643,87,449.94,409.75
TRACE,1644,66,317.76,389.82,449.94,409.75,0
TRACE,1652,63,317.76,389.82,449.94,409.75,0
POS,1660,88,453.56,410.30
POS,1677,89,457.19,410.85
TRACE,1677,69,362.26,396.53,457.19,410.85,0
POS,1693,90,460.81,411.39
[INPUT] t=1711 dash key pressed (tick 91)
[DASH] t=1711 mode=PREDICTION local response=0.0 ms (key -> first predicted dash tick)
POS,1711,91,475.65,413.63
POS,1727,92,490.48,415.87
TRACE,1727,70,377.09,398.77,490.48,415.87,0
TRACE,1735,70,377.09,398.77,490.48,415.87,0
POS,1743,93,505.31,418.10
POS,1760,94,520.14,420.34
POS,1777,95,534.97,422.58
POS,1794,96,549.81,424.81
POS,1810,97,564.64,427.05
TRACE,1811,74,402.80,402.64,564.64,427.05,0
TRACE,1819,74,402.80,402.64,564.64,427.05,0
POS,1827,98,579.47,429.29
POS,1844,99,594.30,431.52
TRACE,1844,76,410.05,403.74,594.30,431.52,0
POS,1860,100,604.00,433.76
POS,1877,101,604.00,436.00
POS,1894,102,604.00,436.54
TRACE,1902,80,424.56,405.93,604.00,436.54,0
POS,1910,103,604.00,437.09
POS,1927,104,604.00,437.64
POS,1943,105,604.00,438.18
POS,1960,106,604.00,438.73
TRACE,1960,82,431.81,407.02,604.00,438.73,0
POS,1977,107,604.00,439.28
POS,1994,108,604.00,439.82
POS,2011,109,604.00,440.37
TRACE,2011,85,442.68,408.66,604.00,440.37,0
TRACE,2018,89,457.19,410.85,604.00,440.37,0
POS,2027,110,604.00,440.92
POS,2044,111,604.00,441.46
TRACE,2044,90,460.81,411.39,604.00,441.46,0
POS,2060,112,604.00,442.01
POS,2077,113,604.00,442.56
[DASH] t=2077 REJECTED by server: reason=cooldown (366.4 ms after key press)
[CORRECTION] t=2077 #1 ack=91 predicted-vs-server error=11.3 px, replayed 22 command(s)
TRACE,2077,91,464.44,411.94,544.20,423.97,1
POS,2094,114,547.83,424.51
POS,2110,115,551.46,425.06
TRACE,2118,94,475.32,413.58,551.46,425.06,1
POS,2127,116,555.08,425.61
POS,2143,117,558.71,426.15
POS,2160,118,562.33,426.70
POS,2177,119,565.96,427.25
TRACE,2177,94,475.32,413.58,565.96,427.25,1
POS,2193,120,569.58,427.79
POS,2210,121,573.21,428.34
TRACE,2210,96,482.57,414.67,573.21,428.34,1
POS,2227,122,576.83,428.89
TRACE,2227,100,497.07,416.86,576.83,428.89,1
POS,2244,123,580.46,429.43
POS,2260,124,584.09,429.98
TRACE,2260,101,500.70,417.41,584.09,429.98,1
TRACE,2268,104,511.57,419.05,584.09,429.98,1
POS,2277,125,587.71,430.53
POS,2293,126,591.34,431.07
POS,2310,127,594.96,431.62
POS,2327,128,598.59,432.17
POS,2343,129,602.21,432.71
TRACE,2344,106,518.82,420.14,602.21,432.71,1
TRACE,2344,105,518.82,420.14,602.21,432.71,1
POS,2360,130,604.00,433.26
POS,2377,131,604.00,433.81
POS,2394,132,604.00,434.35
TRACE,2402,112,540.58,423.42,604.00,434.35,1
POS,2410,133,604.00,434.90
TRACE,2410,109,540.58,423.42,604.00,434.90,1
POS,2427,134,604.00,435.45
POS,2443,135,604.00,435.99
POS,2460,136,604.00,436.54
POS,2477,137,604.00,437.09
TRACE,2477,114,547.83,424.51,604.00,437.09,1
POS,2493,138,604.00,437.64
POS,2510,139,604.00,438.18
TRACE,2510,117,558.71,426.15,604.00,438.18,1
TRACE,2510,115,558.71,426.15,604.00,438.18,1
POS,2527,140,604.00,438.73
POS,2543,141,604.00,439.28
POS,2560,142,604.00,439.82
POS,2577,143,604.00,440.37
TRACE,2577,118,562.33,426.70,604.00,440.37,1
TRACE,2585,121,573.21,428.34,604.00,440.37,1
POS,2593,144,604.00,440.92
POS,2610,145,604.00,441.46
TRACE,2618,123,580.46,429.43,604.00,441.46,1
POS,2627,146,604.00,442.01
POS,2644,147,604.00,442.56
POS,2660,148,604.00,443.10
POS,2677,149,604.00,443.65
TRACE,2677,126,591.34,431.07,604.00,443.65,1
POS,2693,150,604.00,444.20
POS,2710,151,604.00,444.74
POS,2727,152,604.00,445.29
TRACE,2727,130,604.00,433.26,604.00,445.29,1
POS,2743,153,604.00,445.84
TRACE,2752,131,604.00,433.81,604.00,445.84,1
POS,2760,154,604.00,446.38
POS,2777,155,604.00,446.93
TRACE,2785,134,604.00,435.45,604.00,446.93,1
POS,2794,156,604.00,447.48
POS,2810,157,604.00,448.02
POS,2827,158,604.00,448.57
TRACE,2835,135,604.00,435.99,604.00,448.57,1
POS,2843,159,604.00,449.12
POS,2860,160,604.00,449.66
POS,2877,161,604.00,450.21
TRACE,2877,137,604.00,437.09,604.00,450.21,1
TRACE,2885,140,604.00,438.73,604.00,450.21,1
POS,2893,162,604.00,450.76
POS,2910,163,604.00,451.30
POS,2927,164,604.00,451.85
POS,2943,165,604.00,452.40
TRACE,2944,141,604.00,439.28,604.00,452.40,1
TRACE,2944,143,604.00,440.37,604.00,452.40,1
POS,2960,166,604.00,452.94
POS,2977,167,604.00,453.49
POS,2993,168,604.00,454.04
TRACE,3002,145,604.00,441.46,604.00,454.04,1
POS,3010,169,604.00,454.58
POS,3027,170,604.00,455.13
POS,3044,171,604.00,455.68
TRACE,3044,147,604.00,442.56,604.00,455.68,1
TRACE,3044,149,604.00,443.65,604.00,455.68,1
POS,3060,172,604.00,456.22
POS,3077,173,604.00,456.77
POS,3093,174,604.00,457.32
TRACE,3094,151,604.00,444.74,604.00,457.32,1
POS,3110,175,604.00,457.86
TRACE,3110,152,604.00,445.29,604.00,457.86,1
POS,3127,176,604.00,458.41
TRACE,3135,154,604.00,446.38,604.00,458.41,1
POS,3143,177,604.00,458.96
POS,3160,178,604.00,459.50
POS,3177,179,604.00,460.05
POS,3193,180,604.00,460.60
POS,3210,181,604.00,461.14
TRACE,3210,159,604.00,449.12,604.00,461.14,1
TRACE,3210,157,604.00,449.12,604.00,461.14,1
POS,3227,182,604.00,461.69
POS,3243,183,604.00,462.24
POS,3260,184,604.00,462.78
POS,3277,185,604.00,463.33
TRACE,3277,161,604.00,450.21,604.00,463.33,1
POS,3293,186,604.00,463.88
TRACE,3302,162,604.00,450.76,604.00,463.88,1
TRACE,3302,166,604.00,452.94,604.00,463.88,1
POS,3310,187,604.00,464.42
POS,3327,188,604.00,464.97
POS,3344,189,604.00,465.52
TRACE,3344,167,604.00,453.49,604.00,465.52,1
POS,3360,190,604.00,466.06
POS,3377,191,604.00,466.61
TRACE,3385,169,604.00,454.58,604.00,466.61,1
POS,3393,192,604.00,467.16
POS,3410,193,604.00,467.70
TRACE,3418,172,604.00,456.22,604.00,467.70,1
POS,3427,194,604.00,468.25
POS,3444,195,604.00,468.80
POS,3460,196,604.00,469.34
POS,3477,197,604.00,469.89
TRACE,3478,173,604.00,456.77,604.00,469.89,1
POS,3494,198,604.00,470.44
TRACE,3502,175,604.00,457.86,604.00,470.44,1
POS,3510,199,604.00,470.99
POS,3527,200,604.00,471.53
[CHEAT] t=3543 client ignores dash rules=true speed x3.0
POS,3544,201,604.00,472.08
TRACE,3544,178,604.00,459.50,604.00,472.08,1
TRACE,3544,178,604.00,459.50,604.00,472.08,1
POS,3560,202,604.00,472.63
POS,3577,203,604.00,473.17
POS,3593,204,604.00,473.72
POS,3610,205,604.00,474.27
TRACE,3610,183,604.00,462.24,604.00,474.27,1
TRACE,3610,182,604.00,462.24,604.00,474.27,1
POS,3627,206,604.00,474.81
POS,3643,207,604.00,475.36
POS,3660,208,604.00,475.91
TRACE,3660,185,604.00,463.33,604.00,475.91,1
POS,3681,209,604.00,476.45
POS,3693,210,604.00,477.00
POS,3710,211,604.00,477.55
POS,3727,212,604.00,478.09
TRACE,3727,190,604.00,466.06,604.00,478.09,1
POS,3743,213,604.00,478.64
POS,3760,214,604.00,479.19
TRACE,3760,190,604.00,466.06,604.00,479.19,1
POS,3777,215,604.00,479.73
POS,3793,216,604.00,480.28
TRACE,3802,194,604.00,468.25,604.00,480.28,1
POS,3810,217,604.00,480.83
TRACE,3810,193,604.00,468.25,604.00,480.83,1
POS,3827,218,604.00,481.37
POS,3843,219,604.00,481.92
POS,3860,220,604.00,482.47
[INPUT] t=3877 dash key pressed (tick 221)
[DASH] t=3877 mode=PREDICTION local response=0.0 ms (key -> first predicted dash tick)
POS,3877,221,676.00,489.18
TRACE,3877,197,604.00,469.89,676.00,489.18,1
TRACE,3877,199,604.00,470.99,676.00,489.18,1
POS,3893,222,720.50,495.89
POS,3910,223,764.99,502.60
POS,3927,224,809.49,509.31
TRACE,3935,202,604.00,472.63,809.49,509.31,1
POS,3943,225,853.99,516.02
POS,3960,226,898.48,522.73
POS,3977,227,942.98,529.44
POS,3993,228,987.48,536.15
POS,4010,229,1031.98,542.85
TRACE,4010,206,604.00,474.81,1031.98,542.85,1
POS,4027,230,1076.47,549.56
TRACE,4027,206,604.00,474.81,1076.47,549.56,1
POS,4043,231,1120.97,556.27
POS,4060,232,1124.60,556.82
TRACE,4060,208,604.00,475.91,1124.60,556.82,1
POS,4077,233,1128.22,557.37
TRACE,4086,211,604.00,477.55,1128.22,557.37,1
POS,4093,234,1131.85,557.91
POS,4110,235,1135.47,558.46
POS,4127,236,1139.10,559.01
TRACE,4127,213,604.00,478.64,1139.10,559.01,1
POS,4143,237,1142.72,559.56
POS,4160,238,1146.35,560.10
TRACE,4160,215,604.00,479.73,1146.35,560.10,1
POS,4177,239,1149.98,560.65
TRACE,4185,218,604.00,481.37,1149.98,560.65,1
POS,4193,240,1153.60,561.20
POS,4210,241,1157.23,561.74
POS,4227,242,1160.85,562.29
POS,4244,243,1164.48,562.84
TRACE,4244,219,604.00,481.92,1164.48,562.84,1
POS,4260,244,1168.10,563.38
[DASH] t=4260 mode=PREDICTION server-confirmed/visible response=383.3 ms
[CORRECTION] t=4260 #2 ack=222 predicted-vs-server error=116.8 px, replayed 22 command(s)
TRACE,4260,222,604.00,486.94,1079.11,554.44,2
POS,4277,245,1082.74,554.98
POS,4293,246,1086.36,555.53
[CORRECTION] t=4293 #3 ack=223 predicted-vs-server error=72.1 px, replayed 23 command(s)
TRACE,4294,223,604.00,489.18,1041.86,551.06,3
[CORRECTION] t=4302 #4 ack=225 predicted-vs-server error=116.8 px, replayed 21 command(s)
TRACE,4302,225,604.00,493.65,952.87,542.11,4
POS,4310,247,956.50,542.66
POS,4327,248,960.12,543.20
POS,4343,249,963.75,543.75
TRACE,4352,225,604.00,493.65,963.75,543.75,4
POS,4360,250,967.37,544.30
POS,4377,251,971.00,544.84
[CORRECTION] t=4377 #5 ack=229 predicted-vs-server error=206.3 px, replayed 22 command(s)
TRACE,4377,229,604.00,502.60,793.01,526.95,5
POS,4393,252,796.64,527.50
POS,4410,253,800.26,528.04
POS,4427,254,803.89,528.59
POS,4443,255,807.51,529.14
[CORRECTION] t=4443 #6 ack=232 predicted-vs-server error=120.5 px, replayed 23 command(s)
TRACE,4444,232,604.00,507.62,604.00,520.19,6
TRACE,4444,230,604.00,507.62,604.00,520.19,6
POS,4460,256,604.00,520.74
TRACE,4468,235,604.00,509.26,604.00,520.74,6
POS,4477,257,604.00,521.28
POS,4493,258,604.00,521.83
POS,4510,259,604.00,522.38
POS,4527,260,604.00,522.92
POS,4543,261,604.00,523.47
TRACE,4543,237,604.00,510.35,604.00,523.47,6
POS,4560,262,604.00,524.02
TRACE,4560,239,604.00,511.44,604.00,524.02,6
POS,4577,263,604.00,524.57
POS,4593,264,604.00,525.11
TRACE,4594,241,604.00,512.54,604.00,525.11,6
POS,4610,265,604.00,525.66
POS,4627,266,604.00,526.21
TRACE,4635,242,604.00,513.08,604.00,526.21,6
POS,4643,267,604.00,526.75
TRACE,4652,245,604.00,514.72,604.00,526.75,6
POS,4660,268,604.00,527.30
POS,4677,269,604.00,527.85
POS,4694,270,604.00,528.39
TRACE,4694,248,604.00,516.36,604.00,528.39,6
POS,4710,271,604.00,528.94
TRACE,4718,249,604.00,516.91,604.00,528.94,6
POS,4727,272,604.00,529.49
POS,4743,273,604.00,530.03
POS,4760,274,604.00,530.58
POS,4777,275,604.00,531.13
TRACE,4777,252,604.00,518.55,604.00,531.13,6
TRACE,4785,253,604.00,519.10,604.00,531.13,6
POS,4793,276,604.00,531.67
POS,4810,277,604.00,532.22
POS,4827,278,604.00,532.77
TRACE,4827,256,604.00,520.74,604.00,532.77,6
POS,4843,279,604.00,533.31
TRACE,4852,258,604.00,521.83,604.00,533.31,6
POS,4860,280,604.00,533.86
POS,4877,281,604.00,534.41
POS,4893,282,604.00,534.95
TRACE,4893,259,604.00,522.38,604.00,534.95,6
POS,4910,283,604.00,535.50
TRACE,4918,260,604.00,522.92,604.00,535.50,6
POS,4927,284,604.00,536.05
POS,4943,285,604.00,536.59
POS,4960,286,604.00,537.14
POS,4977,287,604.00,537.69
TRACE,4977,263,604.00,524.57,604.00,537.69,6
TRACE,4985,265,604.00,525.66,604.00,537.69,6
POS,4993,288,604.00,538.23
POS,5010,289,604.00,538.78
TRACE,5018,267,604.00,526.75,604.00,538.78,6
POS,5027,290,604.00,539.33
POS,5043,291,604.00,539.87
POS,5060,292,604.00,540.42
TRACE,5060,268,604.00,527.30,604.00,540.42,6
POS,5077,293,604.00,540.97
TRACE,5077,270,604.00,528.39,604.00,540.97,6
POS,5093,294,604.00,541.51
POS,5110,295,604.00,542.06
POS,5127,296,604.00,542.61
TRACE,5127,272,604.00,529.49,604.00,542.61,6
POS,5144,297,604.00,543.15
TRACE,5152,274,604.00,530.58,604.00,543.15,6
POS,5160,298,604.00,543.70
POS,5177,299,604.00,544.25
TRACE,5185,276,604.00,531.67,604.00,544.25,6
POS,5193,300,604.00,544.79
TRACE,5202,279,604.00,533.31,604.00,544.79,6
POS,5210,301,604.00,545.34
POS,5227,302,604.00,545.89
POS,5243,303,604.00,546.44
POS,5260,304,604.00,546.98
TRACE,5268,280,604.00,533.86,604.00,546.98,6
POS,5277,305,604.00,547.53
POS,5293,306,604.00,548.08
POS,5310,307,604.00,548.62
TRACE,5318,287,604.00,537.69,604.00,548.62,6
POS,5327,308,604.00,549.17
POS,5344,309,604.00,549.72
TRACE,5344,287,604.00,537.69,604.00,549.72,6
POS,5360,310,604.00,550.26
TRACE,5368,289,604.00,538.78,604.00,550.26,6
POS,5377,311,604.00,550.81
POS,5393,312,604.00,551.36
POS,5410,313,604.00,551.90
TRACE,5418,290,604.00,539.33,604.00,551.90,6
POS,5427,314,604.00,552.45
POS,5444,315,604.00,553.00
POS,5460,316,604.00,553.54
TRACE,5460,294,604.00,541.51,604.00,553.54,6
POS,5477,317,604.00,554.09
POS,5493,318,604.00,554.64
POS,5510,319,604.00,555.18
TRACE,5511,294,604.00,541.51,604.00,555.18,6
TRACE,5518,296,604.00,542.61,604.00,555.18,6
POS,5527,320,604.00,555.73
POS,5544,321,604.00,556.28
TRACE,5552,299,604.00,544.25,604.00,556.28,6
POS,5561,322,604.00,556.82
POS,5577,323,604.00,557.37
POS,5593,324,604.00,557.92
POS,5610,325,604.00,558.46
TRACE,5610,302,604.00,545.89,604.00,558.46,6
TRACE,5618,303,604.00,546.44,604.00,558.46,6
POS,5627,326,604.00,559.01
POS,5643,327,604.00,559.56
POS,5660,328,604.00,560.13
TRACE,5668,307,604.00,548.62,604.00,560.13,6
POS,5677,329,604.02,560.88
TRACE,5677,305,604.00,548.62,604.02,560.88,6
POS,5693,330,604.11,561.84
POS,5710,331,604.29,563.05
POS,5727,332,604.67,564.57
TRACE,5735,310,604.00,550.26,604.67,564.57,6
POS,5743,333,605.34,566.40
POS,5760,334,606.46,568.52
POS,5777,335,608.20,570.80
TRACE,5777,312,604.00,551.36,608.20,570.80,6
POS,5793,336,610.64,572.98
POS,5810,337,613.76,574.73
TRACE,5810,312,604.00,551.36,613.76,574.73,6
POS,5827,338,617.30,575.77
TRACE,5835,315,604.00,553.00,617.30,575.77,6
POS,5843,339,620.93,576.32
POS,5860,340,624.55,576.86
TRACE,5868,319,604.00,555.18,624.55,576.86,6
POS,5877,341,628.18,577.41
TRACE,5877,317,604.00,555.18,628.18,577.41,6
POS,5893,342,631.80,577.96
POS,5910,343,635.43,578.50
TRACE,5910,320,604.00,555.73,635.43,578.50,6
POS,5927,344,639.05,579.05
POS,5943,345,642.68,579.60
TRACE,5943,322,604.00,556.82,642.68,579.60,6
POS,5960,346,646.31,580.14
POS,5977,347,649.93,580.69
POS,5993,348,653.56,581.24
POS,6010,349,657.18,581.78
TRACE,6010,325,604.00,558.46,657.18,581.78,6
POS,6027,350,660.81,582.33
POS,6043,351,664.43,582.88
TRACE,6043,327,604.00,559.56,664.43,582.88,6
POS,6060,352,668.06,583.43
TRACE,6060,330,604.11,561.84,668.06,583.43,6
POS,6077,353,671.69,583.97
TRACE,6077,331,604.29,563.05,671.69,583.97,6
POS,6093,354,675.31,584.52
TRACE,6102,332,604.67,564.57,675.31,584.52,6
POS,6110,355,678.94,585.07
POS,6127,356,682.56,585.61
POS,6143,357,686.19,586.16
TRACE,6144,335,608.20,570.80,686.19,586.16,6
POS,6160,358,689.81,586.71
POS,6177,359,693.44,587.25
POS,6193,360,697.07,587.80
TRACE,6202,337,613.76,574.73,697.07,587.80,6
POS,6210,361,700.69,588.35
POS,6227,362,704.32,588.89
TRACE,6235,339,620.93,576.32,704.32,588.89,6
POS,6243,363,707.94,589.44
TRACE,6244,342,631.80,577.96,707.94,589.44,6
POS,6260,364,711.57,589.99
POS,6277,365,715.19,590.53
POS,6293,366,718.82,591.08
POS,6310,367,722.44,591.63
TRACE,6310,344,639.05,579.05,722.44,591.63,6
TRACE,6318,346,646.31,580.14,722.44,591.63,6
POS,6327,368,726.07,592.17
POS,6343,369,729.70,592.72
TRACE,6352,347,649.93,580.69,729.70,592.72,6
POS,6360,370,733.32,593.27
POS,6377,371,736.95,593.81
TRACE,6377,349,657.18,581.78,736.95,593.81,6
POS,6393,372,740.57,594.36
POS,6410,373,744.20,594.91
POS,6427,374,747.82,595.45
TRACE,6435,350,660.81,582.33,747.82,595.45,6
TRACE,6435,354,675.31,584.52,747.82,595.45,6
POS,6445,375,751.45,596.00
POS,6460,376,755.08,596.55
POS,6477,377,758.70,597.09
TRACE,6477,356,682.56,585.61,758.70,597.09,6
POS,6493,378,762.33,597.64
TRACE,6502,358,689.81,586.71,762.33,597.64,6
POS,6510,379,765.95,598.19
POS,6528,380,769.58,598.73
POS,6543,381,773.20,599.28
TRACE,6552,358,689.81,586.71,773.20,599.28,6
POS,6560,382,776.83,599.83
POS,6577,383,780.46,600.37
TRACE,6585,361,700.69,588.35,780.46,600.37,6
POS,6593,384,784.08,600.92
POS,6610,385,787.71,601.47
POS,6627,386,791.33,602.01
TRACE,6635,364,711.57,589.99,791.33,602.01,6
TRACE,6635,364,711.57,589.99,791.33,602.01,6
POS,6643,387,794.96,602.56
POS,6660,388,798.58,603.11
POS,6677,389,802.21,603.66
POS,6693,390,805.84,604.20
TRACE,6702,367,722.44,591.63,805.84,604.20,6
POS,6710,391,809.46,604.75
POS,6727,392,813.09,605.30
TRACE,6727,370,733.32,593.27,813.09,605.30,6
POS,6743,393,816.71,605.84
TRACE,6743,371,736.95,593.81,816.71,605.84,6
POS,6760,394,820.34,606.39
POS,6777,395,823.96,606.94
POS,6793,396,827.59,607.48
POS,6810,397,831.21,608.03
TRACE,6810,376,755.08,596.55,831.21,608.03,6
POS,6827,398,834.84,608.58
POS,6843,399,838.47,609.12
TRACE,6843,378,762.33,597.64,838.47,609.12,6
POS,6860,400,842.09,609.67
[CHEAT] t=6877 client ignores dash rules=false speed x1.0
POS,6877,401,838.45,610.04
TRACE,6877,380,769.58,598.73,838.45,610.04,6
POS,6893,402,834.82,610.42
POS,6910,403,831.18,610.80
TRACE,6918,381,773.20,599.28,831.18,610.80,6
POS,6927,404,827.54,611.17
POS,6943,405,823.90,611.55
POS,6960,406,820.27,611.92
TRACE,6968,382,776.83,599.83,820.27,611.92,6
POS,6977,407,816.63,612.30
POS,6993,408,812.99,612.67
POS,7010,409,809.35,613.05
TRACE,7010,385,787.71,601.47,809.35,613.05,6
POS,7027,410,805.71,613.42
TRACE,7035,388,798.58,603.11,805.71,613.42,6
TRACE,7035,388,798.58,603.11,805.71,613.42,6
POS,7044,411,802.08,613.80
POS,7060,412,798.44,614.17
TRACE,7068,391,809.46,604.75,798.44,614.17,6
POS,7077,413,794.80,614.55
POS,7093,414,791.16,614.92
POS,7110,415,787.52,615.30
TRACE,7118,394,820.34,606.39,787.52,615.30,6
POS,7127,416,783.89,615.67
POS,7143,417,780.25,616.05
TRACE,7152,394,820.34,606.39,780.25,616.05,6
POS,7160,418,776.61,616.42
POS,7177,419,772.97,616.80
POS,7193,420,769.34,617.18
TRACE,7193,398,834.84,608.58,769.34,617.18,6
[INPUT] t=7210 dash key pressed (tick 421)
[DASH] t=7210 mode=PREDICTION local response=0.0 ms (key -> first predicted dash tick)
POS,7210,421,754.41,618.71
POS,7227,422,739.49,620.25
POS,7244,423,724.57,621.79
TRACE,7244,400,842.09,609.67,724.57,621.79,6
TRACE,7244,402,834.82,610.42,724.57,621.79,6
POS,7260,424,709.65,623.33
POS,7277,425,694.73,624.87
TRACE,7285,403,831.18,610.80,694.73,624.87,6
POS,7293,426,679.81,626.41
POS,7310,427,664.89,627.95
POS,7327,428,649.97,629.49
TRACE,7335,405,823.90,611.55,649.97,629.49,6
POS,7344,429,635.05,631.03
TRACE,7344,406,820.27,611.92,635.05,631.03,6
POS,7360,430,620.13,632.57
TRACE,7368,408,812.99,612.67,620.13,632.57,6
POS,7377,431,605.21,634.11
POS,7393,432,601.57,634.48
POS,7410,433,597.93,634.86
POS,7427,434,594.29,635.24
POS,7443,435,590.66,635.61
TRACE,7443,412,798.44,614.17,590.66,635.61,6
TRACE,7452,414,791.16,614.92,590.66,635.61,6
POS,7460,436,587.02,635.99
POS,7477,437,583.38,636.36
TRACE,7485,415,787.52,615.30,583.38,636.36,6
POS,7493,438,579.74,636.74
POS,7510,439,576.10,637.11
POS,7527,440,572.47,637.49
TRACE,7527,417,780.25,616.05,572.47,637.49,6
POS,7543,441,568.83,637.86
TRACE,7543,418,776.61,616.42,568.83,637.86,6
POS,7560,442,565.19,638.24
POS,7577,443,561.55,638.61
POS,7594,444,557.92,638.99
POS,7610,445,554.28,639.36
[DASH] t=7610 mode=PREDICTION server-confirmed/visible response=400.3 ms
TRACE,7610,421,754.41,618.71,554.28,639.36,6
POS,7627,446,550.64,639.74
TRACE,7627,424,709.65,623.33,550.64,639.74,6
TRACE,7635,424,709.65,623.33,550.64,639.74,6
POS,7643,447,547.00,640.11
POS,7660,448,543.36,640.49
POS,7677,449,539.73,640.86
TRACE,7677,426,679.81,626.41,539.73,640.86,6
POS,7693,450,536.09,641.24
TRACE,7702,430,620.13,632.57,536.09,641.24,6
POS,7710,451,532.45,641.62
POS,7727,452,528.81,641.99
POS,7743,453,525.18,642.37
POS,7760,454,521.54,642.74
POS,7777,455,517.90,643.12
TRACE,7777,432,601.57,634.48,517.90,643.12,6
POS,7793,456,514.26,643.49
TRACE,7794,433,597.93,634.86,514.26,643.49,6
POS,7810,457,510.62,643.87
TRACE,7818,435,590.66,635.61,510.62,643.87,6
POS,7827,458,506.99,644.24
TRACE,7835,436,587.02,635.99,506.99,644.24,6
POS,7843,459,503.35,644.62
POS,7860,460,499.71,644.99
POS,7877,461,496.07,645.37
POS,7893,462,492.43,645.74
TRACE,7902,439,576.10,637.11,492.43,645.74,6
POS,7910,463,488.80,646.12
POS,7927,464,485.16,646.49
TRACE,7927,442,565.19,638.24,485.16,646.49,6
POS,7943,465,481.52,646.87
TRACE,7944,443,561.55,638.61,481.52,646.87,6
POS,7960,466,477.88,647.24
POS,7977,467,474.25,647.62
POS,7993,468,470.61,648.00
TRACE,8002,445,554.28,639.36,470.61,648.00,6
POS,8010,469,466.97,648.37
TRACE,8018,448,543.36,640.49,466.97,648.37,6
POS,8027,470,463.33,648.75
POS,8043,471,459.69,649.12
POS,8060,472,456.06,649.50
TRACE,8068,450,536.09,641.24,456.06,649.50,6
POS,8077,473,452.42,649.87
POS,8093,474,448.78,650.25
TRACE,8093,452,528.81,641.99,448.78,650.25,6
POS,8110,475,445.14,650.62
POS,8127,476,441.51,651.00
TRACE,8135,454,521.54,642.74,441.51,651.00,6
POS,8144,477,437.87,651.37
POS,8160,478,434.23,651.75
POS,8177,479,430.59,652.12
POS,8193,480,426.95,652.50
TRACE,8193,457,510.62,643.87,426.95,652.50,6
POS,8210,481,423.32,652.87
POS,8227,482,419.68,653.25
TRACE,8235,461,496.07,645.37,419.68,653.25,6
POS,8243,483,416.04,653.62
POS,8260,484,412.40,654.00
POS,8277,485,408.77,654.38
TRACE,8285,463,488.80,646.12,408.77,654.38,6
POS,8293,486,405.13,654.75
POS,8310,487,401.49,655.13
POS,8327,488,397.85,655.50
TRACE,8335,466,477.88,647.24,397.85,655.50,6
POS,8343,489,394.21,655.88
POS,8360,490,390.58,656.25
TRACE,8360,467,474.25,647.62,390.58,656.25,6
POS,8376,491,386.94,656.63
POS,8393,492,383.30,657.00
TRACE,8393,468,470.61,648.00,383.30,657.00,6
POS,8410,493,379.66,657.38
POS,8426,494,376.03,657.75
TRACE,8427,470,463.33,648.75,376.03,657.75,6
POS,8443,495,372.39,658.13
TRACE,8443,473,452.42,649.87,372.39,658.13,6
POS,8460,496,368.75,658.50
POS,8476,497,365.11,658.88
POS,8493,498,361.47,659.25
POS,8510,499,357.84,659.63
TRACE,8510,478,434.23,651.75,357.84,659.63,6
POS,8526,500,354.20,660.01
TRACE,8535,478,434.23,651.75,354.20,660.01,6
POS,8543,501,350.56,660.38
POS,8560,502,346.92,660.76
POS,8576,503,343.29,661.13
POS,8593,504,339.65,661.51
TRACE,8602,480,426.95,652.50,339.65,661.51,6
POS,8610,505,336.01,661.88
POS,8626,506,332.37,662.26
POS,8643,507,328.73,662.63
TRACE,8652,485,408.77,654.38,328.73,662.63,6
POS,8660,508,325.10,663.01
POS,8676,509,321.46,663.38
POS,8693,510,317.82,663.76
TRACE,8693,486,405.13,654.75,317.82,663.76,6
POS,8710,511,314.18,664.13
TRACE,8718,488,397.85,655.50,314.18,664.13,6
POS,8726,512,310.55,664.51
POS,8743,513,306.91,664.88
POS,8760,514,303.27,665.26
POS,8776,515,299.63,665.63
TRACE,8777,491,386.94,656.63,299.63,665.63,6
POS,8793,516,295.99,666.01
POS,8810,517,292.36,666.39
TRACE,8810,493,379.66,657.38,292.36,666.39,6
TRACE,8818,496,368.75,658.50,292.36,666.39,6
POS,8826,518,288.72,666.76
POS,8843,519,285.08,667.14
TRACE,8851,497,365.11,658.88,285.08,667.14,6
POS,8860,520,281.44,667.51
POS,8876,521,277.81,667.89
POS,8893,522,274.17,668.26
POS,8910,523,270.53,668.64
TRACE,8910,500,354.20,660.01,270.53,668.64,6
POS,8926,524,266.89,669.01
TRACE,8935,502,346.92,660.76,266.89,669.01,6
POS,8943,525,263.25,669.39
POS,8960,526,259.62,669.76
TRACE,8960,502,346.92,660.76,259.62,669.76,6
POS,8977,527,255.98,670.14
POS,8993,528,252.34,670.51
TRACE,9001,505,336.01,661.88,252.34,670.51,6
POS,9010,529,248.70,670.89
POS,9028,530,245.07,671.26
TRACE,9028,507,328.73,662.63,245.07,671.26,6
POS,9043,531,241.43,671.64
POS,9060,532,237.79,672.01
TRACE,9068,508,325.10,663.01,237.79,672.01,6
POS,9077,533,234.15,672.39
TRACE,9077,511,314.18,664.13,234.15,672.39,6
POS,9093,534,230.51,672.77
TRACE,9101,513,306.91,664.88,230.51,672.77,6
POS,9110,535,226.88,673.14
POS,9127,536,223.24,673.52
TRACE,9135,515,299.63,665.63,223.24,673.52,6
POS,9143,537,219.60,673.89
POS,9160,538,215.96,674.27
POS,9176,539,212.33,674.64
POS,9193,540,208.69,675.02
POS,9210,541,205.05,675.39
TRACE,9210,517,292.36,666.39,205.05,675.39,6
POS,9227,542,201.41,675.77
TRACE,9227,519,285.08,667.14,201.41,675.77,6
POS,9243,543,197.77,676.14
POS,9260,544,194.14,676.52
POS,9277,545,190.50,676.89
TRACE,9277,520,281.44,667.51,190.50,676.89,6
TRACE,9277,523,270.53,668.64,190.50,676.89,6
POS,9293,546,186.86,677.27
POS,9310,547,183.22,677.64
POS,9327,548,179.58,678.02
TRACE,9327,524,266.89,669.01,179.58,678.02,6
POS,9343,549,175.95,678.40
TRACE,9351,527,255.98,670.14,175.95,678.40,6
POS,9360,550,172.31,678.77
POS,9376,551,168.67,679.15
POS,9393,552,165.03,679.52
TRACE,9401,529,248.70,670.89,165.03,679.52,6
POS,9410,553,161.40,679.90
POS,9426,554,157.76,680.27
POS,9443,555,154.12,680.65
TRACE,9443,531,241.43,671.64,154.12,680.65,6
TRACE,9451,534,230.51,672.77,154.12,680.65,6
POS,9460,556,150.48,681.02
POS,9476,557,146.84,681.40
TRACE,9477,536,223.24,673.52,146.84,681.40,6
POS,9493,558,143.21,681.77
TRACE,9501,538,215.96,674.27,143.21,681.77,6
POS,9510,559,139.57,682.15
POS,9526,560,135.93,682.52
POS,9543,561,132.29,682.90
TRACE,9551,538,215.96,674.27,132.29,682.90,6
POS,9560,562,128.66,683.27
POS,9576,563,125.02,683.65
POS,9593,564,121.38,684.02
POS,9610,565,117.74,684.40
TRACE,9610,540,208.69,675.02,117.74,684.40,6
TRACE,9618,542,201.41,675.77,117.74,684.40,6
POS,9627,566,114.10,684.78
POS,9643,567,110.47,685.15
POS,9660,568,106.83,685.53
TRACE,9668,546,186.86,677.27,106.83,685.53,6
POS,9676,569,103.19,685.90
POS,9693,570,99.55,686.28
TRACE,9693,547,183.22,677.64,99.55,686.28,6
POS,9710,571,95.92,686.65
POS,9726,572,92.28,687.03
TRACE,9735,549,175.95,678.40,92.28,687.03,6
POS,9744,573,88.64,687.40
POS,9760,574,85.00,687.78
POS,9776,575,81.36,688.15
TRACE,9777,551,168.67,679.15,81.36,688.15,6
POS,9793,576,77.73,688.53
POS,9810,577,74.09,688.90
TRACE,9810,553,161.40,679.90,74.09,688.90,6
TRACE,9818,555,154.12,680.65,74.09,688.90,6
POS,9826,578,70.45,689.28
POS,9843,579,66.81,689.65
POS,9860,580,63.18,690.03
POS,9876,581,59.54,690.40
TRACE,9877,560,135.93,682.52,59.54,690.40,6
TRACE,9877,558,135.93,682.52,59.54,690.40,6
POS,9893,582,55.90,690.78
POS,9910,583,52.26,691.16
TRACE,9918,560,135.93,682.52,52.26,691.16,6
POS,9926,584,48.62,691.53
POS,9943,585,44.99,691.91
POS,9960,586,41.35,692.28
POS,9976,587,37.71,692.66
TRACE,9977,562,128.66,683.27,37.71,692.66,6
POS,9993,588,34.07,693.03
POS,10010,589,30.44,693.41
TRACE,10010,564,121.38,684.02,30.44,693.41,6
POS,10026,590,26.80,693.78
TRACE,10027,567,110.47,685.15,26.80,693.78,6
POS,10043,591,23.16,694.16
TRACE,10051,569,103.19,685.90,23.16,694.16,6
POS,10060,592,19.52,694.53
POS,10076,593,16.00,694.91
POS,10093,594,16.00,695.28
POS,10110,595,16.00,695.66
TRACE,10110,571,95.92,686.65,16.00,695.66,6
TRACE,10118,572,92.28,687.03,16.00,695.66,6
POS,10126,596,16.00,696.03
POS,10143,597,16.00,696.41
POS,10160,598,16.00,696.79
TRACE,10160,575,81.36,688.15,16.00,696.79,6
TRACE,10168,577,74.09,688.90,16.00,696.79,6
POS,10176,599,16.00,697.16
POS,10193,600,16.00,697.54
[INPUT] t=10210 dash key pressed (tick 601)
[DASH] t=10210 mode=PREDICTION local response=0.0 ms (key -> first predicted dash tick)
POS,10210,601,16.00,699.08
POS,10226,602,16.00,700.61
POS,10243,603,16.00,702.15
TRACE,10243,582,55.90,690.78,16.00,702.15,6
TRACE,10243,578,55.90,690.78,16.00,702.15,6
POS,10260,604,16.00,703.69
POS,10276,605,16.00,704.00
POS,10293,606,16.00,704.00
POS,10310,607,16.00,704.00
TRACE,10310,582,55.90,690.78,16.00,704.00,6
TRACE,10310,585,44.99,691.91,16.00,704.00,6
POS,10326,608,16.00,704.00
TRACE,10335,587,37.71,692.66,16.00,704.00,6
POS,10343,609,16.00,704.00
POS,10360,610,16.00,704.00
POS,10376,611,16.00,704.00
TRACE,10385,589,30.44,693.41,16.00,704.00,6
POS,10393,612,16.00,704.00
POS,10410,613,16.00,704.00
POS,10436,614,16.00,704.00
TRACE,10437,590,26.80,693.78,16.00,704.00,6
POS,10437,615,16.00,704.00
POS,10453,616,16.00,704.00
POS,10470,617,16.00,704.00
TRACE,10470,593,16.00,694.91,16.00,704.00,6
POS,10487,618,16.00,704.00
TRACE,10495,595,16.00,695.66,16.00,704.00,6
POS,10503,619,16.00,704.00
POS,10520,620,16.00,704.00
POS,10537,621,16.00,704.00
TRACE,10537,597,16.00,696.41,16.00,704.00,6
POS,10553,622,16.00,704.00
POS,10570,623,16.00,704.00
TRACE,10570,600,16.00,697.54,16.00,704.00,6
TRACE,10578,600,16.00,697.54,16.00,704.00,6
POS,10587,624,16.00,704.00
POS,10603,625,16.00,704.00
POS,10620,626,16.00,704.00
POS,10637,627,16.00,704.00
[DASH] t=10645 mode=PREDICTION server-confirmed/visible response=435.1 ms
TRACE,10645,605,16.00,704.00,16.00,704.00,6
POS,10653,628,16.00,704.00
POS,10670,629,16.00,704.00
TRACE,10678,608,16.00,704.00,16.00,704.00,6
POS,10687,630,16.00,704.00
POS,10703,631,16.00,704.00
TRACE,10703,610,16.00,704.00,16.00,704.00,6
POS,10720,632,16.00,704.00
POS,10737,633,16.00,704.00
TRACE,10737,612,16.00,704.00,16.00,704.00,6
POS,10753,634,16.00,704.00
POS,10770,635,16.00,704.00
TRACE,10770,613,16.00,704.00,16.00,704.00,6
POS,10787,636,16.00,704.00
POS,10803,637,16.00,704.00
POS,10820,638,16.00,704.00
TRACE,10820,613,16.00,704.00,16.00,704.00,6
POS,10837,639,16.00,704.00
POS,10853,640,16.00,704.00
POS,10870,641,16.00,704.00
TRACE,10878,617,16.00,704.00,16.00,704.00,6
POS,10887,642,16.00,704.00
TRACE,10887,619,16.00,704.00,16.00,704.00,6
POS,10903,643,16.00,704.00
TRACE,10911,621,16.00,704.00,16.00,704.00,6
POS,10920,644,16.00,704.00
POS,10936,645,16.00,704.00
POS,10953,646,16.00,704.00
TRACE,10953,624,16.00,704.00,16.00,704.00,6
POS,10970,647,16.00,704.00
POS,10987,648,16.00,704.00
TRACE,10987,627,16.00,704.00,16.00,704.00,6
POS,11003,649,16.00,704.00
POS,11020,650,16.00,704.00
POS,11037,651,16.00,704.00
TRACE,11045,629,16.00,704.00,16.00,704.00,6
POS,11053,652,16.00,704.00
POS,11070,653,16.00,704.00
TRACE,11078,630,16.00,704.00,16.00,704.00,6
POS,11087,654,16.00,704.00
TRACE,11096,632,16.00,704.00,16.00,704.00,6
POS,11103,655,16.00,704.00
TRACE,11103,635,16.00,704.00,16.00,704.00,6
POS,11120,656,16.00,704.00
POS,11137,657,16.00,704.00
TRACE,11145,636,16.00,704.00,16.00,704.00,6
POS,11153,658,16.00,704.00
POS,11170,659,16.00,704.00
TRACE,11178,639,16.00,704.00,16.00,704.00,6
POS,11187,660,16.00,704.00
POS,11203,661,16.00,704.00
POS,11220,662,16.00,704.00
TRACE,11228,639,16.00,704.00,16.00,704.00,6
POS,11236,663,16.00,704.00
TRACE,11245,642,16.00,704.00,16.00,704.00,6
POS,11253,664,16.00,704.00
POS,11270,665,16.00,704.00
TRACE,11278,644,16.00,704.00,16.00,704.00,6
POS,11286,666,16.00,704.00
POS,11303,667,16.00,704.00
POS,11320,668,16.00,704.00
TRACE,11328,646,16.00,704.00,16.00,704.00,6
POS,11336,669,16.00,704.00
POS,11353,670,16.00,704.00
TRACE,11353,648,16.00,704.00,16.00,704.00,6
POS,11370,671,16.00,704.00
POS,11386,672,16.00,704.00
TRACE,11387,649,16.00,704.00,16.00,704.00,6
POS,11403,673,16.00,704.00
TRACE,11403,651,16.00,704.00,16.00,704.00,6
POS,11420,674,16.00,704.00
POS,11437,675,16.00,704.00
POS,11453,676,16.00,704.00
TRACE,11453,653,16.00,704.00,16.00,704.00,6
POS,11470,677,16.00,704.00
POS,11486,678,16.00,704.00
TRACE,11495,656,16.00,704.00,16.00,704.00,6
POS,11503,679,16.00,704.00
POS,11520,680,16.00,704.00
POS,11537,681,16.00,704.00
TRACE,11537,658,16.00,704.00,16.00,704.00,6
POS,11554,682,16.00,704.00
POS,11570,683,16.00,704.00
TRACE,11570,661,16.00,704.00,16.00,704.00,6
TRACE,11578,660,16.00,704.00,16.00,704.00,6
POS,11586,684,16.00,704.00
POS,11603,685,16.00,704.00
POS,11620,686,16.00,704.00
TRACE,11628,664,16.00,704.00,16.00,704.00,6
POS,11636,687,16.00,704.00
POS,11653,688,16.00,704.00
TRACE,11661,666,16.00,704.00,16.00,704.00,6
POS,11670,689,16.00,704.00
POS,11687,690,16.00,704.00
TRACE,11687,667,16.00,704.00,16.00,704.00,6
POS,11703,691,16.00,704.00
TRACE,11703,670,16.00,704.00,16.00,704.00,6
POS,11720,692,16.00,704.00
POS,11737,693,16.00,704.00
POS,11753,694,16.00,704.00
TRACE,11762,673,16.00,704.00,16.00,704.00,6
POS,11770,695,16.00,704.00
POS,11787,696,16.00,704.00
POS,11803,697,16.00,704.00
TRACE,11812,676,16.00,704.00,16.00,704.00,6
POS,11820,698,16.00,704.00
POS,11837,699,16.00,704.00
TRACE,11845,677,16.00,704.00,16.00,704.00,6
POS,11853,700,16.00,704.00
POS,11870,701,16.00,704.00
TRACE,11870,681,16.00,704.00,16.00,704.00,6
POS,11887,702,16.00,704.00
POS,11903,703,16.00,704.00
POS,11920,704,16.00,704.00
POS,11936,705,16.00,704.00
TRACE,11937,681,16.00,704.00,16.00,704.00,6
POS,11953,706,16.00,704.00
POS,11970,707,16.00,704.00
TRACE,11978,685,16.00,704.00,16.00,704.00,6
POS,11987,708,16.00,704.00
TRACE,11995,685,16.00,704.00,16.00,704.00,6
POS,12003,709,16.00,704.00
POS,12020,710,16.00,704.00
POS,12037,711,16.00,704.00
TRACE,12037,687,16.00,704.00,16.00,704.00,6
TRACE,12045,690,16.00,704.00,16.00,704.00,6
POS,12053,712,16.00,704.00
POS,12070,713,16.00,704.00
TRACE,12078,692,16.00,704.00,16.00,704.00,6
POS,12087,714,16.00,704.00
POS,12103,715,16.00,704.00
POS,12120,716,16.00,704.00
TRACE,12128,693,16.00,704.00,16.00,704.00,6
POS,12137,717,16.00,704.00
POS,12153,718,16.00,704.00
POS,12170,719,16.00,704.00
TRACE,12170,697,16.00,704.00,16.00,704.00,6
TRACE,12178,698,16.00,704.00,16.00,704.00,6
POS,12186,720,16.00,704.00
POS,12203,721,16.00,704.00
TRACE,12211,700,16.00,704.00,16.00,704.00,6
POS,12220,722,16.00,704.00
POS,12237,723,16.00,704.00
TRACE,12245,702,16.00,704.00,16.00,704.00,6
POS,12253,724,16.00,704.00
POS,12270,725,16.00,704.00
TRACE,12278,703,16.00,704.00,16.00,704.00,6
POS,12287,726,16.00,704.00
POS,12303,727,16.00,704.00
POS,12320,728,16.00,704.00
TRACE,12328,704,16.00,704.00,16.00,704.00,6
POS,12337,729,16.00,704.00
TRACE,12345,707,16.00,704.00,16.00,704.00,6
POS,12353,730,16.00,704.00
POS,12370,731,16.00,704.00
POS,12386,732,16.00,704.00
POS,12403,733,16.00,704.00
TRACE,12411,709,16.00,704.00,16.00,704.00,6
POS,12420,734,16.00,704.00
POS,12436,735,16.00,704.00
TRACE,12437,714,16.00,704.00,16.00,704.00,6
TRACE,12445,712,16.00,704.00,16.00,704.00,6
POS,12453,736,16.00,704.00
POS,12470,737,16.00,704.00
POS,12486,738,16.00,704.00
TRACE,12495,715,16.00,704.00,16.00,704.00,6
POS,12503,739,16.00,704.00
TRACE,12511,717,16.00,704.00,16.00,704.00,6
POS,12520,740,16.00,704.00
POS,12537,741,16.00,704.00
POS,12553,742,16.00,704.00
TRACE,12553,720,16.00,704.00,16.00,704.00,6
POS,12570,743,16.00,704.00
POS,12586,744,16.00,704.00
POS,12603,745,16.00,704.00
TRACE,12603,722,16.00,704.00,16.00,704.00,6
TRACE,12612,724,16.00,704.00,16.00,704.00,6
POS,12620,746,16.00,704.00
POS,12636,747,16.00,704.00
TRACE,12645,727,16.00,704.00,16.00,704.00,6
POS,12653,748,16.00,704.00
POS,12670,749,16.00,704.00
POS,12687,750,16.00,704.00
POS,12703,751,16.00,704.00
TRACE,12711,727,16.00,704.00,16.00,704.00,6
POS,12720,752,16.00,704.00
POS,12736,753,16.00,704.00
TRACE,12737,730,16.00,704.00,16.00,704.00,6
TRACE,12745,731,16.00,704.00,16.00,704.00,6
POS,12753,754,16.00,704.00
POS,12770,755,16.00,704.00
POS,12786,756,16.00,704.00
POS,12803,757,16.00,704.00
TRACE,12812,733,16.00,704.00,16.00,704.00,6
POS,12820,758,16.00,704.00
POS,12836,759,16.00,704.00
TRACE,12837,736,16.00,704.00,16.00,704.00,6
POS,12853,760,16.00,704.00
POS,12870,761,16.00,704.00
TRACE,12870,740,16.00,704.00,16.00,704.00,6
TRACE,12870,737,16.00,704.00,16.00,704.00,6
POS,12886,762,16.00,704.00
POS,12903,763,16.00,704.00
TRACE,12903,742,16.00,704.00,16.00,704.00,6
POS,12920,764,16.00,704.00
POS,12936,765,16.00,704.00
TRACE,12937,742,16.00,704.00,16.00,704.00,6
POS,12953,766,16.00,704.00
POS,12970,767,16.00,704.00
POS,12986,768,16.00,704.00
POS,13003,769,16.00,704.00
TRACE,13011,746,16.00,704.00,16.00,704.00,6
POS,13020,770,16.00,704.00
POS,13036,771,16.00,704.00
TRACE,13037,749,16.00,704.00,16.00,704.00,6
TRACE,13045,749,16.00,704.00,16.00,704.00,6
POS,13053,772,16.00,704.00
POS,13070,773,16.00,704.00
POS,13086,774,16.00,704.00
TRACE,13095,750,16.00,704.00,16.00,704.00,6
POS,13103,775,16.00,704.00
TRACE,13111,754,16.00,704.00,16.00,704.00,6
POS,13120,776,16.00,704.00
POS,13137,777,16.00,704.00
POS,13153,778,16.00,704.00
TRACE,13153,755,16.00,704.00,16.00,704.00,6
POS,13170,779,16.00,704.00
TRACE,13178,757,16.00,704.00,16.00,704.00,6
POS,13186,780,16.00,704.00
POS,13203,781,16.00,704.00
POS,13220,782,16.00,704.00
POS,13237,783,16.00,704.00
TRACE,13245,758,16.00,704.00,16.00,704.00,6
POS,13253,784,16.00,704.00
TRACE,13261,762,16.00,704.00,16.00,704.00,6
POS,13270,785,16.00,704.00
POS,13286,786,16.00,704.00
POS,13303,787,16.00,704.00
TRACE,13303,765,16.00,704.00,16.00,704.00,6
POS,13320,788,16.00,704.00
POS,13337,789,16.00,704.00
TRACE,13345,767,16.00,704.00,16.00,704.00,6
POS,13353,790,16.00,704.00
TRACE,13361,769,16.00,704.00,16.00,704.00,6
POS,13370,791,16.00,704.00
TRACE,13378,769,16.00,704.00,16.00,704.00,6
POS,13386,792,16.00,704.00
POS,13403,793,16.00,704.00
POS,13420,794,16.00,704.00
TRACE,13428,773,16.00,704.00,16.00,704.00,6
POS,13436,795,16.00,704.00
POS,13453,796,16.00,704.00
TRACE,13453,773,16.00,704.00,16.00,704.00,6
POS,13470,797,16.00,704.00
POS,13487,798,16.00,704.00
TRACE,13495,776,16.00,704.00,16.00,704.00,6
POS,13503,799,16.00,704.00
POS,13520,800,16.00,704.00
POS,13536,801,16.00,704.00
TRACE,13537,779,16.00,704.00,16.00,704.00,6
POS,13553,802,16.00,704.00
TRACE,13561,780,16.00,704.00,16.00,704.00,6
POS,13570,803,16.00,704.00
TRACE,13570,783,16.00,704.00,16.00,704.00,6
POS,13586,804,16.00,704.00
POS,13603,805,16.00,704.00
TRACE,13612,785,16.00,704.00,16.00,704.00,6
POS,13620,806,16.00,704.00
POS,13637,807,16.00,704.00
POS,13653,808,16.00,704.00
POS,13670,809,16.00,704.00
TRACE,13670,785,16.00,704.00,16.00,704.00,6
TRACE,13670,787,16.00,704.00,16.00,704.00,6
POS,13686,810,16.00,704.00
POS,13703,811,16.00,704.00
POS,13720,812,16.00,704.00
POS,13736,813,16.00,704.00
TRACE,13737,791,16.00,704.00,16.00,704.00,6
POS,13753,814,16.00,704.00
POS,13770,815,16.00,704.00
TRACE,13778,793,16.00,704.00,16.00,704.00,6
POS,13786,816,16.00,704.00
POS,13803,817,16.00,704.00
TRACE,13811,796,16.00,704.00,16.00,704.00,6
POS,13820,818,16.00,704.00
POS,13836,819,16.00,704.00
POS,13853,820,16.00,704.00
POS,13870,821,16.00,704.00
TRACE,13870,799,16.00,704.00,16.00,704.00,6
POS,13887,822,16.00,704.00
TRACE,13895,799,16.00,704.00,16.00,704.00,6
POS,13903,823,16.00,704.00
POS,13920,824,16.00,704.00
TRACE,13928,801,16.00,704.00,16.00,704.00,6
POS,13936,825,16.00,704.00
POS,13953,826,16.00,704.00
TRACE,13961,804,16.00,704.00,16.00,704.00,6
POS,13970,827,16.00,704.00
POS,13986,828,16.00,704.00
POS,14003,829,16.00,704.00
TRACE,14003,807,16.00,704.00,16.00,704.00,6
POS,14020,830,16.00,704.00
POS,14036,831,16.00,704.00
TRACE,14045,810,16.00,704.00,16.00,704.00,6
POS,14053,832,16.00,704.00
POS,14070,833,16.00,704.00
TRACE,14078,811,16.00,704.00,16.00,704.00,6
POS,14086,834,16.00,704.00
POS,14103,835,16.00,704.00
POS,14120,836,16.00,704.00
POS,14136,837,16.00,704.00
TRACE,14137,816,16.00,704.00,16.00,704.00,6
TRACE,14137,813,16.00,704.00,16.00,704.00,6
POS,14153,838,16.00,704.00
POS,14170,839,16.00,704.00
POS,14187,840,16.00,704.00
POS,14203,841,16.00,704.00
TRACE,14203,818,16.00,704.00,16.00,704.00,6
POS,14220,842,16.00,704.00
POS,14236,843,16.00,704.00
POS,14253,844,16.00,704.00
POS,14270,845,16.00,704.00
TRACE,14270,823,16.00,704.00,16.00,704.00,6
TRACE,14278,820,16.00,704.00,16.00,704.00,6
POS,14286,846,16.00,704.00
POS,14303,847,16.00,704.00
TRACE,14303,825,16.00,704.00,16.00,704.00,6
POS,14320,848,16.00,704.00
POS,14336,849,16.00,704.00
POS,14353,850,16.00,704.00
POS,14370,851,16.00,704.00
TRACE,14370,831,16.00,704.00,16.00,704.00,6
TRACE,14378,827,16.00,704.00,16.00,704.00,6
POS,14386,852,16.00,704.00
POS,14403,853,16.00,704.00
TRACE,14403,832,16.00,704.00,16.00,704.00,6
POS,14420,854,16.00,704.00
POS,14436,855,16.00,704.00
TRACE,14445,834,16.00,704.00,16.00,704.00,6
POS,14453,856,16.00,704.00
POS,14470,857,16.00,704.00
POS,14486,858,16.00,704.00
POS,14503,859,16.00,704.00
TRACE,14511,837,16.00,704.00,16.00,704.00,6
POS,14520,860,16.00,704.00
POS,14536,861,16.00,704.00
TRACE,14536,839,16.00,704.00,16.00,704.00,6
TRACE,14545,839,16.00,704.00,16.00,704.00,6
POS,14553,862,16.00,704.00
POS,14570,863,16.00,704.00
POS,14586,864,16.00,704.00
POS,14603,865,16.00,704.00
TRACE,14603,840,16.00,704.00,16.00,704.00,6
POS,14620,866,16.00,704.00
TRACE,14620,843,16.00,704.00,16.00,704.00,6
POS,14636,867,16.00,704.00
TRACE,14645,846,16.00,704.00,16.00,704.00,6
POS,14653,868,16.00,704.00
POS,14670,869,16.00,704.00
TRACE,14670,848,16.00,704.00,16.00,704.00,6
POS,14686,870,16.00,704.00
POS,14703,871,16.00,704.00
TRACE,14711,848,16.00,704.00,16.00,704.00,6
POS,14720,872,16.00,704.00
POS,14736,873,16.00,704.00
POS,14753,874,16.00,704.00
TRACE,14761,852,16.00,704.00,16.00,704.00,6
POS,14770,875,16.00,704.00
POS,14786,876,16.00,704.00
POS,14803,877,16.00,704.00
TRACE,14803,856,16.00,704.00,16.00,704.00,6
POS,14820,878,16.00,704.00
POS,14836,879,16.00,704.00
POS,14853,880,16.00,704.00
POS,14870,881,16.00,704.00
TRACE,14870,857,16.00,704.00,16.00,704.00,6
POS,14886,882,16.00,704.00
TRACE,14895,858,16.00,704.00,16.00,704.00,6
POS,14903,883,16.00,704.00
TRACE,14903,862,16.00,704.00,16.00,704.00,6
POS,14920,884,16.00,704.00
POS,14936,885,16.00,704.00
POS,14953,886,16.00,704.00
TRACE,14953,863,16.00,704.00,16.00,704.00,6
POS,14970,887,16.00,704.00
POS,14986,888,16.00,704.00
TRACE,14987,866,16.00,704.00,16.00,704.00,6
POS,15003,889,16.00,704.00
[RESULT] role=client predict_dash=true lag=175 jitter=25 loss=4.0
[RESULT] corrections=6 max_error_px=206.27 last_error_px=120.46 rejects_seen=1 snapshots_in=425
[RESULT] local_response_ms=[0.0, 0.0, 0.0, 0.0, 0.0]
[RESULT] confirm_response_ms=[390.234, 383.342, 400.306, 435.119999999999]
[RESULT] net_sent=889 net_dropped=37 final_pred_vs_server_px=0.000
