[NET] CLIENT connecting to 127.0.0.1, predict_dash=true lag=100 jitter=0 loss=0.0%
[NET] welcome: my_id=697438304 spawn=(120.0, 360.0)
TRACE,129,0,120.00,360.00,120.00,360.00,0
POS,137,1,120.00,360.00
POS,154,2,120.00,360.00
POS,170,3,120.00,360.00
TRACE,171,0,120.00,360.00,120.00,360.00,0
POS,187,4,120.00,360.00
POS,203,5,120.00,360.00
TRACE,204,0,120.00,360.00,120.00,360.00,0
POS,220,6,120.00,360.00
TRACE,228,0,120.00,360.00,120.00,360.00,0
POS,237,7,120.00,360.00
POS,254,8,120.00,360.00
TRACE,262,0,120.00,360.00,120.00,360.00,0
POS,270,9,120.00,360.00
POS,287,10,120.00,360.00
TRACE,295,0,120.00,360.00,120.00,360.00,0
POS,303,11,120.00,360.00
POS,320,12,120.00,360.00
TRACE,328,0,120.00,360.00,120.00,360.00,0
POS,337,13,120.00,360.00
POS,353,14,120.00,360.00
TRACE,362,1,120.00,360.00,120.00,360.00,0
POS,370,15,120.00,360.00
POS,387,16,120.00,360.00
POS,404,17,120.00,360.00
TRACE,404,3,120.00,360.00,120.00,360.00,0
POS,420,18,120.00,360.00
POS,437,19,120.00,360.00
TRACE,437,5,120.00,360.00,120.00,360.00,0
POS,453,20,120.00,360.00
POS,470,21,120.00,360.00
TRACE,470,7,120.00,360.00,120.00,360.00,0
POS,487,22,120.00,360.00
TRACE,495,9,120.00,360.00,120.00,360.00,0
POS,503,23,120.00,360.00
POS,520,24,120.00,360.00
TRACE,528,11,120.00,360.00,120.00,360.00,0
POS,537,25,120.00,360.00
POS,553,26,120.00,360.00
TRACE,562,13,120.00,360.00,120.00,360.00,0
POS,570,27,120.00,360.00
POS,587,28,120.00,360.00
TRACE,595,15,120.00,360.00,120.00,360.00,0
POS,603,29,120.00,360.00
POS,620,30,120.00,360.00
TRACE,628,17,120.00,360.00,120.00,360.00,0
POS,637,31,123.67,360.00
POS,653,32,127.33,360.00
TRACE,662,19,120.00,360.00,127.33,360.00,0
POS,670,33,131.00,360.00
POS,687,34,134.67,360.00
TRACE,695,21,120.00,360.00,134.67,360.00,0
POS,703,35,138.33,360.00
POS,720,36,142.00,360.00
TRACE,728,23,120.00,360.00,142.00,360.00,0
POS,737,37,145.67,360.00
POS,753,38,149.33,360.00
TRACE,762,25,120.00,360.00,149.33,360.00,0
POS,770,39,153.00,360.00
POS,787,40,156.67,360.00
TRACE,795,27,120.00,360.00,156.67,360.00,0
POS,803,41,160.33,360.00
POS,820,42,164.00,360.00
TRACE,828,29,120.00,360.00,164.00,360.00,0
POS,837,43,167.67,360.00
POS,854,44,171.33,360.00
TRACE,862,31,123.67,360.00,171.33,360.00,0
POS,870,45,175.00,360.00
POS,887,46,178.67,360.00
TRACE,895,33,131.00,360.00,178.67,360.00,0
POS,903,47,182.33,360.00
POS,920,48,186.00,360.00
TRACE,928,35,138.33,360.00,186.00,360.00,0
POS,937,49,189.67,360.00
POS,953,50,193.33,360.00
POS,970,51,197.00,360.00
TRACE,971,37,145.67,360.00,197.00,360.00,0
POS,987,52,200.67,360.00
TRACE,995,39,153.00,360.00,200.67,360.00,0
POS,1003,53,204.33,360.00
POS,1020,54,208.00,360.00
POS,1037,55,211.67,360.00
TRACE,1037,41,160.33,360.00,211.67,360.00,0
POS,1053,56,215.33,360.00
TRACE,1062,43,167.67,360.00,215.33,360.00,0
POS,1070,57,219.00,360.00
POS,1088,58,222.67,360.00
TRACE,1095,45,175.00,360.00,222.67,360.00,0
POS,1103,59,226.33,360.00
POS,1120,60,230.00,360.00
TRACE,1128,47,182.33,360.00,230.00,360.00,0
POS,1137,61,233.67,360.00
POS,1153,62,237.33,360.00
TRACE,1162,49,189.67,360.00,237.33,360.00,0
POS,1170,63,241.00,360.00
POS,1187,64,244.67,360.00
TRACE,1195,51,197.00,360.00,244.67,360.00,0
POS,1203,65,248.33,360.00
POS,1220,66,252.00,360.00
TRACE,1228,53,204.33,360.00,252.00,360.00,0
POS,1237,67,255.67,360.00
POS,1253,68,259.33,360.00
TRACE,1262,55,211.67,360.00,259.33,360.00,0
POS,1270,69,263.00,360.00
POS,1287,70,266.67,360.00
TRACE,1295,57,219.00,360.00,266.67,360.00,0
POS,1304,71,270.33,360.00
POS,1320,72,274.00,360.00
TRACE,1328,59,226.33,360.00,274.00,360.00,0
POS,1337,73,277.67,360.00
POS,1353,74,281.33,360.00
POS,1370,75,285.00,360.00
TRACE,1370,61,233.67,360.00,285.00,360.00,0
POS,1387,76,288.67,360.00
TRACE,1396,63,241.00,360.00,288.67,360.00,0
POS,1403,77,292.33,360.00
POS,1420,78,296.00,360.00
POS,1437,79,299.67,360.00
TRACE,1437,65,248.33,360.00,299.67,360.00,0
POS,1453,80,303.33,360.00
TRACE,1462,67,255.67,360.00,303.33,360.00,0
POS,1470,81,307.00,360.00
POS,1487,82,310.67,360.00
POS,1503,83,314.33,360.00
TRACE,1504,69,263.00,360.00,314.33,360.00,0
POS,1520,84,318.00,360.00
TRACE,1528,71,270.33,360.00,318.00,360.00,0
POS,1537,85,321.67,360.00
POS,1553,86,325.33,360.00
TRACE,1562,73,277.67,360.00,325.33,360.00,0
POS,1570,87,329.00,360.00
POS,1587,88,332.67,360.00
TRACE,1595,75,285.00,360.00,332.67,360.00,0
POS,1604,89,336.33,360.00
POS,1620,90,340.00,360.00
POS,1637,91,343.67,360.00
TRACE,1637,77,292.33,360.00,343.67,360.00,0
POS,1653,92,347.33,360.00
POS,1670,93,351.00,360.00
TRACE,1670,79,299.67,360.00,351.00,360.00,0
POS,1687,94,354.67,360.00
POS,1703,95,358.33,360.00
TRACE,1704,81,307.00,360.00,358.33,360.00,0
POS,1720,96,362.00,360.00
TRACE,1728,83,314.33,360.00,362.00,360.00,0
POS,1737,97,365.67,360.00
POS,1753,98,369.33,360.00
TRACE,1762,85,321.67,360.00,369.33,360.00,0
POS,1770,99,373.00,360.00
POS,1787,100,376.67,360.00
TRACE,1795,87,329.00,360.00,376.67,360.00,0
POS,1803,101,380.33,360.00
POS,1820,102,384.00,360.00
TRACE,1828,89,336.33,360.00,384.00,360.00,0
POS,1837,103,387.67,360.00
POS,1853,104,391.33,360.00
TRACE,1862,91,343.67,360.00,391.33,360.00,0
POS,1870,105,395.00,360.00
POS,1887,106,398.67,360.00
TRACE,1895,93,351.00,360.00,398.67,360.00,0
POS,1903,107,402.33,360.00
POS,1920,108,406.00,360.00
TRACE,1928,95,358.33,360.00,406.00,360.00,0
POS,1937,109,409.67,360.00
POS,1953,110,413.33,360.00
TRACE,1962,97,365.67,360.00,413.33,360.00,0
[INPUT] t=1970 dash key pressed (tick 111)
[DASH] t=1970 mode=PREDICTION local response=0.0 ms (key -> first predicted dash tick)
POS,1970,111,428.33,360.00
POS,1987,112,443.33,360.00
TRACE,1995,99,373.00,360.00,443.33,360.00,0
POS,2003,113,458.33,360.00
POS,2020,114,473.33,360.00
TRACE,2028,101,380.33,360.00,473.33,360.00,0
POS,2037,115,488.33,360.00
POS,2053,116,503.33,360.00
TRACE,2062,103,387.67,360.00,503.33,360.00,0
POS,2070,117,518.33,360.00
POS,2087,118,533.33,360.00
TRACE,2096,105,395.00,360.00,533.33,360.00,0
POS,2103,119,548.33,360.00
POS,2120,120,563.33,360.00
TRACE,2128,107,402.33,360.00,563.33,360.00,0
POS,2137,121,578.33,360.00
POS,2153,122,582.00,360.00
TRACE,2162,109,409.67,360.00,582.00,360.00,0
POS,2170,123,585.67,360.00
POS,2187,124,589.33,360.00
POS,2203,125,593.00,360.00
[DASH] t=2203 mode=PREDICTION server-confirmed/visible response=233.4 ms
TRACE,2204,111,428.33,360.00,593.00,360.00,0
POS,2220,126,596.67,360.00
TRACE,2228,113,458.33,360.00,596.67,360.00,0
POS,2237,127,600.33,360.00
POS,2253,128,604.00,360.00
TRACE,2262,115,488.33,360.00,604.00,360.00,0
POS,2270,129,604.00,360.00
POS,2287,130,604.00,360.00
TRACE,2295,117,518.33,360.00,604.00,360.00,0
POS,2303,131,604.00,360.00
POS,2320,132,604.00,360.00
POS,2337,133,604.00,360.00
TRACE,2337,119,548.33,360.00,604.00,360.00,0
POS,2353,134,604.00,360.00
POS,2370,135,604.00,360.00
TRACE,2370,121,578.33,360.00,604.00,360.00,0
POS,2387,136,604.00,360.00
TRACE,2395,123,585.67,360.00,604.00,360.00,0
POS,2403,137,604.00,360.00
POS,2420,138,604.00,360.00
TRACE,2428,125,593.00,360.00,604.00,360.00,0
POS,2437,139,604.00,360.00
POS,2454,140,604.00,360.00
TRACE,2462,127,600.33,360.00,604.00,360.00,0
POS,2470,141,604.00,360.00
POS,2487,142,604.00,360.00
TRACE,2495,129,604.00,360.00,604.00,360.00,0
POS,2503,143,604.00,360.00
POS,2520,144,604.00,360.00
TRACE,2528,131,604.00,360.00,604.00,360.00,0
POS,2537,145,604.00,360.00
POS,2553,146,604.00,360.00
POS,2570,147,604.00,360.00
TRACE,2570,133,604.00,360.00,604.00,360.00,0
POS,2587,148,604.00,360.00
POS,2603,149,604.00,360.00
TRACE,2604,135,604.00,360.00,604.00,360.00,0
POS,2620,150,604.00,360.00
TRACE,2628,137,604.00,360.00,604.00,360.00,0
POS,2637,151,604.00,360.00
POS,2653,152,604.00,360.00
TRACE,2662,139,604.00,360.00,604.00,360.00,0
POS,2670,153,604.00,360.00
POS,2687,154,604.00,360.00
TRACE,2695,141,604.00,360.00,604.00,360.00,0
POS,2703,155,604.00,360.00
POS,2720,156,604.00,360.00
TRACE,2729,143,604.00,360.00,604.00,360.00,0
POS,2737,157,604.00,360.00
POS,2753,158,604.00,360.00
TRACE,2762,145,604.00,360.00,604.00,360.00,0
POS,2770,159,604.00,360.00
POS,2787,160,604.00,360.00
TRACE,2795,147,604.00,360.00,604.00,360.00,0
POS,2803,161,604.00,360.00
POS,2820,162,604.00,360.00
TRACE,2828,149,604.00,360.00,604.00,360.00,0
POS,2837,163,604.00,360.00
POS,2853,164,604.00,360.00
TRACE,2862,151,604.00,360.00,604.00,360.00,0
POS,2870,165,604.00,360.00
POS,2887,166,604.00,360.00
TRACE,2895,153,604.00,360.00,604.00,360.00,0
POS,2903,167,604.00,360.00
POS,2920,168,604.00,360.00
TRACE,2928,155,604.00,360.00,604.00,360.00,0
POS,2937,169,604.00,360.00
POS,2953,170,604.00,360.00
TRACE,2962,157,604.00,360.00,604.00,360.00,0
POS,2970,171,604.00,360.00
POS,2987,172,604.00,360.00
TRACE,2995,159,604.00,360.00,604.00,360.00,0
POS,3003,173,604.00,360.00
POS,3020,174,604.00,360.00
TRACE,3028,161,604.00,360.00,604.00,360.00,0
POS,3037,175,604.00,360.00
POS,3053,176,604.00,360.00
TRACE,3062,163,604.00,360.00,604.00,360.00,0
POS,3070,177,604.00,360.00
POS,3087,178,604.00,360.00
TRACE,3095,165,604.00,360.00,604.00,360.00,0
POS,3103,179,604.00,360.00
POS,3120,180,604.00,360.00
POS,3137,181,604.00,360.00
TRACE,3137,167,604.00,360.00,604.00,360.00,0
POS,3153,182,604.00,360.00
POS,3170,183,604.00,360.00
TRACE,3170,169,604.00,360.00,604.00,360.00,0
POS,3187,184,604.00,360.00
POS,3203,185,604.00,360.00
TRACE,3204,171,604.00,360.00,604.00,360.00,0
POS,3220,186,604.00,360.00
TRACE,3228,173,604.00,360.00,604.00,360.00,0
POS,3237,187,604.00,360.00
POS,3253,188,604.00,360.00
TRACE,3262,175,604.00,360.00,604.00,360.00,0
POS,3270,189,604.00,360.00
POS,3287,190,604.00,360.00
TRACE,3295,177,604.00,360.00,604.00,360.00,0
POS,3303,191,604.00,360.00
POS,3320,192,604.00,360.00
TRACE,3328,179,604.00,360.00,604.00,360.00,0
POS,3337,193,604.00,360.00
POS,3353,194,604.00,360.00
TRACE,3362,181,604.00,360.00,604.00,360.00,0
POS,3370,195,604.00,360.00
POS,3387,196,604.00,360.00
TRACE,3395,183,604.00,360.00,604.00,360.00,0
POS,3403,197,604.00,360.00
POS,3420,198,604.00,360.00
TRACE,3428,185,604.00,360.00,604.00,360.00,0
POS,3437,199,604.00,360.00
POS,3453,200,604.00,360.00
TRACE,3462,187,604.00,360.00,604.00,360.00,0
[INPUT] t=3470 dash key pressed (tick 201)
[DASH] t=3470 mode=PREDICTION local response=0.0 ms (key -> first predicted dash tick)
POS,3470,201,604.00,360.00
POS,3487,202,604.00,360.00
POS,3503,203,604.00,360.00
TRACE,3504,189,604.00,360.00,604.00,360.00,0
POS,3520,204,604.00,360.00
TRACE,3528,191,604.00,360.00,604.00,360.00,0
POS,3537,205,604.00,360.00
POS,3553,206,604.00,360.00
TRACE,3562,193,604.00,360.00,604.00,360.00,0
POS,3572,207,604.00,360.00
POS,3587,208,604.00,360.00
TRACE,3595,195,604.00,360.00,604.00,360.00,0
POS,3603,209,604.00,360.00
POS,3620,210,604.00,360.00
TRACE,3628,197,604.00,360.00,604.00,360.00,0
POS,3637,211,604.00,360.00
POS,3653,212,604.00,360.00
TRACE,3662,199,604.00,360.00,604.00,360.00,0
POS,3670,213,604.00,360.00
POS,3687,214,604.00,360.00
POS,3703,215,604.00,360.00
[DASH] t=3704 mode=PREDICTION server-confirmed/visible response=233.8 ms
TRACE,3704,201,604.00,360.00,604.00,360.00,0
POS,3720,216,604.00,360.00
TRACE,3728,203,604.00,360.00,604.00,360.00,0
POS,3737,217,604.00,360.00
POS,3753,218,604.00,360.00
TRACE,3762,205,604.00,360.00,604.00,360.00,0
POS,3770,219,604.00,360.00
POS,3787,220,604.00,360.00
TRACE,3795,207,604.00,360.00,604.00,360.00,0
POS,3803,221,604.00,360.00
POS,3820,222,604.00,360.00
POS,3837,223,604.00,360.00
TRACE,3837,209,604.00,360.00,604.00,360.00,0
POS,3853,224,604.00,360.00
POS,3870,225,604.00,360.00
TRACE,3871,211,604.00,360.00,604.00,360.00,0
POS,3888,226,604.00,360.00
TRACE,3895,213,604.00,360.00,604.00,360.00,0
POS,3903,227,604.00,360.00
POS,3920,228,604.00,360.00
POS,3937,229,604.00,360.00
TRACE,3937,215,604.00,360.00,604.00,360.00,0
POS,3953,230,604.00,360.00
TRACE,3962,217,604.00,360.00,604.00,360.00,0
POS,3970,231,604.00,360.00
POS,3987,232,604.00,360.00
TRACE,3995,219,604.00,360.00,604.00,360.00,0
POS,4003,233,604.00,360.00
POS,4020,234,604.00,360.00
TRACE,4028,221,604.00,360.00,604.00,360.00,0
POS,4037,235,604.00,360.00
POS,4053,236,604.00,360.00
TRACE,4062,223,604.00,360.00,604.00,360.00,0
POS,4070,237,604.00,360.00
POS,4087,238,604.00,360.00
TRACE,4095,225,604.00,360.00,604.00,360.00,0
POS,4103,239,604.00,360.00
POS,4120,240,604.00,360.00
TRACE,4128,227,604.00,360.00,604.00,360.00,0
POS,4137,241,604.00,360.00
POS,4153,242,604.00,360.00
TRACE,4162,229,604.00,360.00,604.00,360.00,0
POS,4170,243,604.00,360.00
POS,4187,244,604.00,360.00
TRACE,4195,231,604.00,360.00,604.00,360.00,0
POS,4203,245,604.00,360.00
POS,4220,246,604.00,360.00
TRACE,4228,233,604.00,360.00,604.00,360.00,0
POS,4237,247,604.00,360.00
POS,4253,248,604.00,360.00
TRACE,4262,235,604.00,360.00,604.00,360.00,0
POS,4270,249,604.00,360.00
POS,4287,250,604.00,360.00
TRACE,4295,237,604.00,360.00,604.00,360.00,0
POS,4303,251,604.00,360.00
POS,4320,252,604.00,360.00
TRACE,4328,239,604.00,360.00,604.00,360.00,0
POS,4337,253,604.00,360.00
POS,4353,254,604.00,360.00
TRACE,4362,241,604.00,360.00,604.00,360.00,0
POS,4370,255,604.00,360.00
POS,4387,256,604.00,360.00
POS,4403,257,604.00,360.00
TRACE,4404,243,604.00,360.00,604.00,360.00,0
POS,4420,258,604.00,360.00
TRACE,4428,245,604.00,360.00,604.00,360.00,0
POS,4437,259,604.00,360.00
POS,4453,260,604.00,360.00
POS,4470,261,604.00,360.00
TRACE,4471,247,604.00,360.00,604.00,360.00,0
POS,4487,262,604.00,360.00
TRACE,4495,249,604.00,360.00,604.00,360.00,0
POS,4503,263,604.00,360.00
POS,4520,264,604.00,360.00
TRACE,4528,251,604.00,360.00,604.00,360.00,0
POS,4537,265,604.00,360.00
POS,4553,266,604.00,360.00
TRACE,4562,253,604.00,360.00,604.00,360.00,0
POS,4570,267,604.00,360.00
POS,4587,268,604.00,360.00
TRACE,4595,255,604.00,360.00,604.00,360.00,0
POS,4603,269,604.00,360.00
POS,4620,270,604.00,360.00
TRACE,4628,257,604.00,360.00,604.00,360.00,0
POS,4637,271,604.00,360.00
POS,4653,272,604.00,360.00
TRACE,4662,259,604.00,360.00,604.00,360.00,0
POS,4670,273,604.00,360.00
POS,4687,274,604.00,360.00
POS,4703,275,604.00,360.00
TRACE,4704,261,604.00,360.00,604.00,360.00,0
POS,4720,276,604.00,360.00
TRACE,4728,263,604.00,360.00,604.00,360.00,0
POS,4737,277,604.00,360.00
POS,4753,278,604.00,360.00
TRACE,4762,265,604.00,360.00,604.00,360.00,0
POS,4770,279,604.00,360.00
POS,4787,280,604.00,360.00
TRACE,4795,267,604.00,360.00,604.00,360.00,0
POS,4803,281,604.00,360.00
POS,4820,282,604.00,360.00
TRACE,4828,269,604.00,360.00,604.00,360.00,0
POS,4837,283,604.00,360.00
POS,4853,284,604.00,360.00
TRACE,4862,271,604.00,360.00,604.00,360.00,0
POS,4870,285,604.00,360.00
POS,4887,286,604.00,360.00
TRACE,4895,273,604.00,360.00,604.00,360.00,0
POS,4903,287,604.00,360.00
POS,4920,288,604.00,360.00
TRACE,4928,275,604.00,360.00,604.00,360.00,0
POS,4937,289,604.00,360.00
POS,4953,290,604.00,360.00
TRACE,4962,277,604.00,360.00,604.00,360.00,0
POS,4970,291,604.00,360.00
POS,4987,292,604.00,360.00
TRACE,4995,279,604.00,360.00,604.00,360.00,0
POS,5003,293,604.00,360.00
POS,5020,294,604.00,360.00
TRACE,5028,281,604.00,360.00,604.00,360.00,0
POS,5037,295,604.00,360.00
POS,5053,296,604.00,360.00
TRACE,5062,283,604.00,360.00,604.00,360.00,0
POS,5070,297,604.00,360.00
POS,5087,298,604.00,360.00
TRACE,5095,285,604.00,360.00,604.00,360.00,0
POS,5103,299,604.00,360.00
POS,5120,300,604.00,360.00
POS,5137,301,604.00,360.00
TRACE,5137,287,604.00,360.00,604.00,360.00,0
POS,5153,302,604.00,360.00
POS,5170,303,604.00,360.00
TRACE,5170,289,604.00,360.00,604.00,360.00,0
POS,5187,304,604.00,360.00
TRACE,5195,291,604.00,360.00,604.00,360.00,0
POS,5203,305,604.00,360.00
POS,5220,306,604.00,360.00
TRACE,5228,293,604.00,360.00,604.00,360.00,0
POS,5237,307,604.00,360.00
POS,5253,308,604.00,360.00
TRACE,5262,295,604.00,360.00,604.00,360.00,0
POS,5270,309,604.00,360.00
POS,5287,310,604.00,360.00
TRACE,5295,297,604.00,360.00,604.00,360.00,0
POS,5303,311,604.00,360.00
POS,5320,312,604.00,360.00
POS,5337,313,604.00,360.00
TRACE,5337,299,604.00,360.00,604.00,360.00,0
POS,5353,314,604.00,360.00
TRACE,5362,301,604.00,360.00,604.00,360.00,0
POS,5370,315,604.00,360.00
POS,5387,316,604.00,360.00
POS,5403,317,604.00,360.00
TRACE,5403,303,604.00,360.00,604.00,360.00,0
POS,5420,318,604.00,360.00
TRACE,5428,305,604.00,360.00,604.00,360.00,0
POS,5437,319,604.00,360.00
POS,5453,320,604.00,360.00
TRACE,5462,307,604.00,360.00,604.00,360.00,0
POS,5470,321,604.00,360.00
POS,5487,322,604.00,360.00
TRACE,5495,309,604.00,360.00,604.00,360.00,0
POS,5503,323,604.00,360.00
POS,5520,324,604.00,360.00
POS,5537,325,604.00,360.00
TRACE,5537,311,604.00,360.00,604.00,360.00,0
POS,5553,326,604.00,360.00
TRACE,5562,313,604.00,360.00,604.00,360.00,0
POS,5570,327,604.00,360.00
POS,5587,328,604.00,360.00
TRACE,5595,315,604.00,360.00,604.00,360.00,0
POS,5603,329,604.00,360.00
POS,5620,330,604.00,360.00
TRACE,5628,317,604.00,360.00,604.00,360.00,0
POS,5637,331,604.00,360.00
POS,5653,332,604.00,360.00
POS,5670,333,604.00,360.00
TRACE,5670,319,604.00,360.00,604.00,360.00,0
POS,5687,334,604.00,360.00
POS,5703,335,604.00,360.00
TRACE,5704,321,604.00,360.00,604.00,360.00,0
POS,5720,336,604.00,360.00
TRACE,5728,323,604.00,360.00,604.00,360.00,0
POS,5737,337,604.00,360.00
POS,5753,338,604.00,360.00
TRACE,5762,325,604.00,360.00,604.00,360.00,0
POS,5770,339,604.00,360.00
POS,5787,340,604.00,360.00
TRACE,5796,327,604.00,360.00,604.00,360.00,0
POS,5803,341,604.00,360.00
POS,5820,342,604.00,360.00
TRACE,5828,329,604.00,360.00,604.00,360.00,0
POS,5837,343,604.00,360.00
POS,5853,344,604.00,360.00
TRACE,5862,331,604.00,360.00,604.00,360.00,0
POS,5870,345,604.00,360.00
POS,5887,346,604.00,360.00
POS,5903,347,604.00,360.00
TRACE,5903,333,604.00,360.00,604.00,360.00,0
POS,5920,348,604.00,360.00
TRACE,5928,335,604.00,360.00,604.00,360.00,0
POS,5937,349,604.00,360.00
POS,5953,350,604.00,360.00
TRACE,5962,337,604.00,360.00,604.00,360.00,0
POS,5970,351,604.00,360.00
POS,5987,352,604.00,360.00
POS,6003,353,604.00,360.00
TRACE,6003,339,604.00,360.00,604.00,360.00,0
POS,6020,354,604.00,360.00
TRACE,6028,341,604.00,360.00,604.00,360.00,0
POS,6037,355,604.00,360.00
POS,6053,356,604.00,360.00
POS,6070,357,604.00,360.00
TRACE,6070,343,604.00,360.00,604.00,360.00,0
POS,6087,358,604.00,360.00
TRACE,6095,345,604.00,360.00,604.00,360.00,0
POS,6103,359,604.00,360.00
POS,6120,360,604.00,360.00
TRACE,6128,347,604.00,360.00,604.00,360.00,0
POS,6137,361,604.00,360.00
POS,6153,362,604.00,360.00
TRACE,6162,349,604.00,360.00,604.00,360.00,0
POS,6170,363,604.00,360.00
POS,6187,364,604.00,360.00
POS,6203,365,604.00,360.00
TRACE,6203,351,604.00,360.00,604.00,360.00,0
POS,6220,366,604.00,360.00
TRACE,6228,353,604.00,360.00,604.00,360.00,0
POS,6237,367,604.00,360.00
POS,6253,368,604.00,360.00
TRACE,6262,355,604.00,360.00,604.00,360.00,0
POS,6270,369,604.00,360.00
POS,6287,370,604.00,360.00
TRACE,6295,357,604.00,360.00,604.00,360.00,0
POS,6303,371,604.00,360.00
POS,6320,372,604.00,360.00
TRACE,6329,359,604.00,360.00,604.00,360.00,0
POS,6337,373,604.00,360.00
POS,6353,374,604.00,360.00
TRACE,6362,361,604.00,360.00,604.00,360.00,0
POS,6370,375,604.00,360.00
POS,6387,376,604.00,360.00
TRACE,6395,363,604.00,360.00,604.00,360.00,0
POS,6403,377,604.00,360.00
POS,6420,378,604.00,360.00
POS,6437,379,604.00,360.00
TRACE,6437,365,604.00,360.00,604.00,360.00,0
POS,6453,380,604.00,360.00
POS,6470,381,604.00,360.00
TRACE,6470,367,604.00,360.00,604.00,360.00,0
POS,6487,382,604.00,360.00
TRACE,6495,369,604.00,360.00,604.00,360.00,0
POS,6503,383,604.00,360.00
POS,6520,384,604.00,360.00
TRACE,6528,371,604.00,360.00,604.00,360.00,0
POS,6537,385,604.00,360.00
POS,6553,386,604.00,360.00
TRACE,6562,373,604.00,360.00,604.00,360.00,0
POS,6570,387,604.00,360.00
POS,6587,388,604.00,360.00
TRACE,6595,375,604.00,360.00,604.00,360.00,0
POS,6603,389,604.00,360.00
[RESULT] role=client predict_dash=true lag=100 jitter=0 loss=0.0
[RESULT] corrections=0 max_error_px=0.00 last_error_px=0.00 rejects_seen=0 snapshots_in=195
[RESULT] local_response_ms=[0.0, 0.0]
[RESULT] confirm_response_ms=[233.448, 233.777]
[RESULT] net_sent=389 net_dropped=0 final_pred_vs_server_px=0.000
